MPLINK 5.09, LINKER
Linker Map File - Created Mon Aug 24 15:13:40 2020

                                 Section Info
                  Section       Type    Address   Location Size(Bytes)
                ---------  ---------  ---------  ---------  ---------
                   .org_0       code   0x000000    program   0x000002
                   .cinit    romdata   0x000001    program   0x000004
                   .org_1       code   0x000005    program   0x0001e2
.config_2007_BUILD/DEFAULT/PRODUCTION/LCD_20X       code   0x002007    program   0x000002
.config_2008_BUILD/DEFAULT/PRODUCTION/LCD_20X       code   0x002008    program   0x000002



                              Program Memory Usage 
                               Start         End      
                           ---------   ---------      
                            0x000000    0x000002      
                            0x000005    0x0000f5      
                            0x002007    0x002008      
            246 out of 8455 program addresses used, program memory utilization is 2%



                              Symbols - Sorted by Name
                     Name    Address   Location    Storage File                     
                ---------  ---------  ---------  --------- ---------                
        COMPROBAR_OCUPADO   0x000088    program     static E:\Proyectos\PIC\LCD (Manejo de pantalla LCD 20X4)\LCD_20X4.X\LCD.INC
        ESCRIBIR_CARACTER   0x0000a8    program     static E:\Proyectos\PIC\LCD (Manejo de pantalla LCD 20X4)\LCD_20X4.X\LCD.INC
         ESCRIBIR_COMANDO   0x000075    program     static E:\Proyectos\PIC\LCD (Manejo de pantalla LCD 20X4)\LCD_20X4.X\LCD.INC
INICIALIZACION_DE_PANTALLA   0x0000bf    program     static E:\Proyectos\PIC\LCD (Manejo de pantalla LCD 20X4)\LCD_20X4.X\LCD.INC
                   INICIO   0x000005    program     static E:\Proyectos\PIC\LCD (Manejo de pantalla LCD 20X4)\LCD_20X4.X\LCD_20X4.asm
    R1DECIMA_BUCLEEXTERNO   0x00006b    program     static E:\Proyectos\PIC\LCD (Manejo de pantalla LCD 20X4)\LCD_20X4.X\RETARDOS.INC
   R1DECIMA_BUCLEEXTERNO2   0x000069    program     static E:\Proyectos\PIC\LCD (Manejo de pantalla LCD 20X4)\LCD_20X4.X\RETARDOS.INC
    R1DECIMA_BUCLEINTERNO   0x00006d    program     static E:\Proyectos\PIC\LCD (Manejo de pantalla LCD 20X4)\LCD_20X4.X\RETARDOS.INC
        R1MS_BUCLEEXTERNO   0x000055    program     static E:\Proyectos\PIC\LCD (Manejo de pantalla LCD 20X4)\LCD_20X4.X\RETARDOS.INC
        R1MS_BUCLEINTERNO   0x000057    program     static E:\Proyectos\PIC\LCD (Manejo de pantalla LCD 20X4)\LCD_20X4.X\RETARDOS.INC
            RETARDOMICROS   0x000041    program     static E:\Proyectos\PIC\LCD (Manejo de pantalla LCD 20X4)\LCD_20X4.X\RETARDOS.INC
              RETARDOS_MS   0x000054    program     static E:\Proyectos\PIC\LCD (Manejo de pantalla LCD 20X4)\LCD_20X4.X\RETARDOS.INC
        RETARDO_100MICROS   0x00003b    program     static E:\Proyectos\PIC\LCD (Manejo de pantalla LCD 20X4)\LCD_20X4.X\RETARDOS.INC
            RETARDO_100MS   0x000047    program     static E:\Proyectos\PIC\LCD (Manejo de pantalla LCD 20X4)\LCD_20X4.X\RETARDOS.INC
         RETARDO_10MICROS   0x00002e    program     static E:\Proyectos\PIC\LCD (Manejo de pantalla LCD 20X4)\LCD_20X4.X\RETARDOS.INC
             RETARDO_10MS   0x00004d    program     static E:\Proyectos\PIC\LCD (Manejo de pantalla LCD 20X4)\LCD_20X4.X\RETARDOS.INC
              RETARDO_10S   0x00005f    program     static E:\Proyectos\PIC\LCD (Manejo de pantalla LCD 20X4)\LCD_20X4.X\RETARDOS.INC
         RETARDO_12MICROS   0x00002c    program     static E:\Proyectos\PIC\LCD (Manejo de pantalla LCD 20X4)\LCD_20X4.X\RETARDOS.INC
          RETARDO_1DECIMA   0x000068    program     static E:\Proyectos\PIC\LCD (Manejo de pantalla LCD 20X4)\LCD_20X4.X\RETARDOS.INC
              RETARDO_1MS   0x000053    program     static E:\Proyectos\PIC\LCD (Manejo de pantalla LCD 20X4)\LCD_20X4.X\RETARDOS.INC
               RETARDO_1S   0x000065    program     static E:\Proyectos\PIC\LCD (Manejo de pantalla LCD 20X4)\LCD_20X4.X\RETARDOS.INC
        RETARDO_200MICROS   0x000038    program     static E:\Proyectos\PIC\LCD (Manejo de pantalla LCD 20X4)\LCD_20X4.X\RETARDOS.INC
            RETARDO_200MS   0x000045    program     static E:\Proyectos\PIC\LCD (Manejo de pantalla LCD 20X4)\LCD_20X4.X\RETARDOS.INC
         RETARDO_20MICROS   0x000040    program     static E:\Proyectos\PIC\LCD (Manejo de pantalla LCD 20X4)\LCD_20X4.X\RETARDOS.INC
             RETARDO_20MS   0x00004b    program     static E:\Proyectos\PIC\LCD (Manejo de pantalla LCD 20X4)\LCD_20X4.X\RETARDOS.INC
              RETARDO_20S   0x00005d    program     static E:\Proyectos\PIC\LCD (Manejo de pantalla LCD 20X4)\LCD_20X4.X\RETARDOS.INC
              RETARDO_2MS   0x000051    program     static E:\Proyectos\PIC\LCD (Manejo de pantalla LCD 20X4)\LCD_20X4.X\RETARDOS.INC
               RETARDO_2S   0x000063    program     static E:\Proyectos\PIC\LCD (Manejo de pantalla LCD 20X4)\LCD_20X4.X\RETARDOS.INC
          RETARDO_4MICROS   0x000034    program     static E:\Proyectos\PIC\LCD (Manejo de pantalla LCD 20X4)\LCD_20X4.X\RETARDOS.INC
        RETARDO_500MICROS   0x000035    program     static E:\Proyectos\PIC\LCD (Manejo de pantalla LCD 20X4)\LCD_20X4.X\RETARDOS.INC
            RETARDO_500MS   0x000067    program     static E:\Proyectos\PIC\LCD (Manejo de pantalla LCD 20X4)\LCD_20X4.X\RETARDOS.INC
         RETARDO_50MICROS   0x00003d    program     static E:\Proyectos\PIC\LCD (Manejo de pantalla LCD 20X4)\LCD_20X4.X\RETARDOS.INC
             RETARDO_50MS   0x000049    program     static E:\Proyectos\PIC\LCD (Manejo de pantalla LCD 20X4)\LCD_20X4.X\RETARDOS.INC
          RETARDO_5MICROS   0x000033    program     static E:\Proyectos\PIC\LCD (Manejo de pantalla LCD 20X4)\LCD_20X4.X\RETARDOS.INC
              RETARDO_5MS   0x00004f    program     static E:\Proyectos\PIC\LCD (Manejo de pantalla LCD 20X4)\LCD_20X4.X\RETARDOS.INC
               RETARDO_5S   0x000061    program     static E:\Proyectos\PIC\LCD (Manejo de pantalla LCD 20X4)\LCD_20X4.X\RETARDOS.INC
            RMICROS_BUCLE   0x000042    program     static E:\Proyectos\PIC\LCD (Manejo de pantalla LCD 20X4)\LCD_20X4.X\RETARDOS.INC
                    START   0x00000f    program     static E:\Proyectos\PIC\LCD (Manejo de pantalla LCD 20X4)\LCD_20X4.X\LCD_20X4.asm



                              Symbols - Sorted by Address
                     Name    Address   Location    Storage File                     
                ---------  ---------  ---------  --------- ---------                
                   INICIO   0x000005    program     static E:\Proyectos\PIC\LCD (Manejo de pantalla LCD 20X4)\LCD_20X4.X\LCD_20X4.asm
                    START   0x00000f    program     static E:\Proyectos\PIC\LCD (Manejo de pantalla LCD 20X4)\LCD_20X4.X\LCD_20X4.asm
         RETARDO_12MICROS   0x00002c    program     static E:\Proyectos\PIC\LCD (Manejo de pantalla LCD 20X4)\LCD_20X4.X\RETARDOS.INC
         RETARDO_10MICROS   0x00002e    program     static E:\Proyectos\PIC\LCD (Manejo de pantalla LCD 20X4)\LCD_20X4.X\RETARDOS.INC
          RETARDO_5MICROS   0x000033    program     static E:\Proyectos\PIC\LCD (Manejo de pantalla LCD 20X4)\LCD_20X4.X\RETARDOS.INC
          RETARDO_4MICROS   0x000034    program     static E:\Proyectos\PIC\LCD (Manejo de pantalla LCD 20X4)\LCD_20X4.X\RETARDOS.INC
        RETARDO_500MICROS   0x000035    program     static E:\Proyectos\PIC\LCD (Manejo de pantalla LCD 20X4)\LCD_20X4.X\RETARDOS.INC
        RETARDO_200MICROS   0x000038    program     static E:\Proyectos\PIC\LCD (Manejo de pantalla LCD 20X4)\LCD_20X4.X\RETARDOS.INC
        RETARDO_100MICROS   0x00003b    program     static E:\Proyectos\PIC\LCD (Manejo de pantalla LCD 20X4)\LCD_20X4.X\RETARDOS.INC
         RETARDO_50MICROS   0x00003d    program     static E:\Proyectos\PIC\LCD (Manejo de pantalla LCD 20X4)\LCD_20X4.X\RETARDOS.INC
         RETARDO_20MICROS   0x000040    program     static E:\Proyectos\PIC\LCD (Manejo de pantalla LCD 20X4)\LCD_20X4.X\RETARDOS.INC
            RETARDOMICROS   0x000041    program     static E:\Proyectos\PIC\LCD (Manejo de pantalla LCD 20X4)\LCD_20X4.X\RETARDOS.INC
            RMICROS_BUCLE   0x000042    program     static E:\Proyectos\PIC\LCD (Manejo de pantalla LCD 20X4)\LCD_20X4.X\RETARDOS.INC
            RETARDO_200MS   0x000045    program     static E:\Proyectos\PIC\LCD (Manejo de pantalla LCD 20X4)\LCD_20X4.X\RETARDOS.INC
            RETARDO_100MS   0x000047    program     static E:\Proyectos\PIC\LCD (Manejo de pantalla LCD 20X4)\LCD_20X4.X\RETARDOS.INC
             RETARDO_50MS   0x000049    program     static E:\Proyectos\PIC\LCD (Manejo de pantalla LCD 20X4)\LCD_20X4.X\RETARDOS.INC
             RETARDO_20MS   0x00004b    program     static E:\Proyectos\PIC\LCD (Manejo de pantalla LCD 20X4)\LCD_20X4.X\RETARDOS.INC
             RETARDO_10MS   0x00004d    program     static E:\Proyectos\PIC\LCD (Manejo de pantalla LCD 20X4)\LCD_20X4.X\RETARDOS.INC
              RETARDO_5MS   0x00004f    program     static E:\Proyectos\PIC\LCD (Manejo de pantalla LCD 20X4)\LCD_20X4.X\RETARDOS.INC
              RETARDO_2MS   0x000051    program     static E:\Proyectos\PIC\LCD (Manejo de pantalla LCD 20X4)\LCD_20X4.X\RETARDOS.INC
              RETARDO_1MS   0x000053    program     static E:\Proyectos\PIC\LCD (Manejo de pantalla LCD 20X4)\LCD_20X4.X\RETARDOS.INC
              RETARDOS_MS   0x000054    program     static E:\Proyectos\PIC\LCD (Manejo de pantalla LCD 20X4)\LCD_20X4.X\RETARDOS.INC
        R1MS_BUCLEEXTERNO   0x000055    program     static E:\Proyectos\PIC\LCD (Manejo de pantalla LCD 20X4)\LCD_20X4.X\RETARDOS.INC
        R1MS_BUCLEINTERNO   0x000057    program     static E:\Proyectos\PIC\LCD (Manejo de pantalla LCD 20X4)\LCD_20X4.X\RETARDOS.INC
              RETARDO_20S   0x00005d    program     static E:\Proyectos\PIC\LCD (Manejo de pantalla LCD 20X4)\LCD_20X4.X\RETARDOS.INC
              RETARDO_10S   0x00005f    program     static E:\Proyectos\PIC\LCD (Manejo de pantalla LCD 20X4)\LCD_20X4.X\RETARDOS.INC
               RETARDO_5S   0x000061    program     static E:\Proyectos\PIC\LCD (Manejo de pantalla LCD 20X4)\LCD_20X4.X\RETARDOS.INC
               RETARDO_2S   0x000063    program     static E:\Proyectos\PIC\LCD (Manejo de pantalla LCD 20X4)\LCD_20X4.X\RETARDOS.INC
               RETARDO_1S   0x000065    program     static E:\Proyectos\PIC\LCD (Manejo de pantalla LCD 20X4)\LCD_20X4.X\RETARDOS.INC
            RETARDO_500MS   0x000067    program     static E:\Proyectos\PIC\LCD (Manejo de pantalla LCD 20X4)\LCD_20X4.X\RETARDOS.INC
          RETARDO_1DECIMA   0x000068    program     static E:\Proyectos\PIC\LCD (Manejo de pantalla LCD 20X4)\LCD_20X4.X\RETARDOS.INC
   R1DECIMA_BUCLEEXTERNO2   0x000069    program     static E:\Proyectos\PIC\LCD (Manejo de pantalla LCD 20X4)\LCD_20X4.X\RETARDOS.INC
    R1DECIMA_BUCLEEXTERNO   0x00006b    program     static E:\Proyectos\PIC\LCD (Manejo de pantalla LCD 20X4)\LCD_20X4.X\RETARDOS.INC
    R1DECIMA_BUCLEINTERNO   0x00006d    program     static E:\Proyectos\PIC\LCD (Manejo de pantalla LCD 20X4)\LCD_20X4.X\RETARDOS.INC
         ESCRIBIR_COMANDO   0x000075    program     static E:\Proyectos\PIC\LCD (Manejo de pantalla LCD 20X4)\LCD_20X4.X\LCD.INC
        COMPROBAR_OCUPADO   0x000088    program     static E:\Proyectos\PIC\LCD (Manejo de pantalla LCD 20X4)\LCD_20X4.X\LCD.INC
        ESCRIBIR_CARACTER   0x0000a8    program     static E:\Proyectos\PIC\LCD (Manejo de pantalla LCD 20X4)\LCD_20X4.X\LCD.INC
INICIALIZACION_DE_PANTALLA   0x0000bf    program     static E:\Proyectos\PIC\LCD (Manejo de pantalla LCD 20X4)\LCD_20X4.X\LCD.INC


