MPLINK 5.09, LINKER
Linker Map File - Created Sun Jan 05 00:27:28 2020

                                 Section Info
                  Section       Type    Address   Location Size(Bytes)
                ---------  ---------  ---------  ---------  ---------
                   .org_0       code   0x000000    program   0x000002
                   .cinit    romdata   0x000001    program   0x000004
                   .org_1       code   0x000005    program   0x0001d6
.config_2007_BUILD/DEFAULT/PRODUCTION/LCD_20X       code   0x002007    program   0x000002
.config_2008_BUILD/DEFAULT/PRODUCTION/LCD_20X       code   0x002008    program   0x000002



                              Program Memory Usage 
                               Start         End      
                           ---------   ---------      
                            0x000000    0x000002      
                            0x000005    0x0000ef      
                            0x002007    0x002008      
            240 out of 8455 program addresses used, program memory utilization is 2%



                              Symbols - Sorted by Name
                     Name    Address   Location    Storage File                     
                ---------  ---------  ---------  --------- ---------                
        COMPROBAR_OCUPADO   0x000082    program     static E:\PruebaPIC\LCD_20X4.X\LCD.INC
        ESCRIBIR_CARACTER   0x0000a2    program     static E:\PruebaPIC\LCD_20X4.X\LCD.INC
         ESCRIBIR_COMANDO   0x00006f    program     static E:\PruebaPIC\LCD_20X4.X\LCD.INC
INICIALIZACION_DE_PANTALLA   0x0000b9    program     static E:\PruebaPIC\LCD_20X4.X\LCD.INC
                   INICIO   0x000005    program     static E:\PruebaPIC\LCD_20X4.X\LCD_20X4.asm
    R1DECIMA_BUCLEEXTERNO   0x000065    program     static E:\PruebaPIC\LCD_20X4.X\RETARDOS.INC
   R1DECIMA_BUCLEEXTERNO2   0x000063    program     static E:\PruebaPIC\LCD_20X4.X\RETARDOS.INC
    R1DECIMA_BUCLEINTERNO   0x000067    program     static E:\PruebaPIC\LCD_20X4.X\RETARDOS.INC
        R1MS_BUCLEEXTERNO   0x00004f    program     static E:\PruebaPIC\LCD_20X4.X\RETARDOS.INC
        R1MS_BUCLEINTERNO   0x000051    program     static E:\PruebaPIC\LCD_20X4.X\RETARDOS.INC
            RETARDOMICROS   0x00003b    program     static E:\PruebaPIC\LCD_20X4.X\RETARDOS.INC
              RETARDOS_MS   0x00004e    program     static E:\PruebaPIC\LCD_20X4.X\RETARDOS.INC
        RETARDO_100MICROS   0x000035    program     static E:\PruebaPIC\LCD_20X4.X\RETARDOS.INC
            RETARDO_100MS   0x000041    program     static E:\PruebaPIC\LCD_20X4.X\RETARDOS.INC
         RETARDO_10MICROS   0x000028    program     static E:\PruebaPIC\LCD_20X4.X\RETARDOS.INC
             RETARDO_10MS   0x000047    program     static E:\PruebaPIC\LCD_20X4.X\RETARDOS.INC
              RETARDO_10S   0x000059    program     static E:\PruebaPIC\LCD_20X4.X\RETARDOS.INC
          RETARDO_1DECIMA   0x000062    program     static E:\PruebaPIC\LCD_20X4.X\RETARDOS.INC
              RETARDO_1MS   0x00004d    program     static E:\PruebaPIC\LCD_20X4.X\RETARDOS.INC
               RETARDO_1S   0x00005f    program     static E:\PruebaPIC\LCD_20X4.X\RETARDOS.INC
        RETARDO_200MICROS   0x000032    program     static E:\PruebaPIC\LCD_20X4.X\RETARDOS.INC
            RETARDO_200MS   0x00003f    program     static E:\PruebaPIC\LCD_20X4.X\RETARDOS.INC
         RETARDO_20MICROS   0x00003a    program     static E:\PruebaPIC\LCD_20X4.X\RETARDOS.INC
             RETARDO_20MS   0x000045    program     static E:\PruebaPIC\LCD_20X4.X\RETARDOS.INC
              RETARDO_20S   0x000057    program     static E:\PruebaPIC\LCD_20X4.X\RETARDOS.INC
              RETARDO_2MS   0x00004b    program     static E:\PruebaPIC\LCD_20X4.X\RETARDOS.INC
               RETARDO_2S   0x00005d    program     static E:\PruebaPIC\LCD_20X4.X\RETARDOS.INC
          RETARDO_4MICROS   0x00002e    program     static E:\PruebaPIC\LCD_20X4.X\RETARDOS.INC
        RETARDO_500MICROS   0x00002f    program     static E:\PruebaPIC\LCD_20X4.X\RETARDOS.INC
            RETARDO_500MS   0x000061    program     static E:\PruebaPIC\LCD_20X4.X\RETARDOS.INC
         RETARDO_50MICROS   0x000037    program     static E:\PruebaPIC\LCD_20X4.X\RETARDOS.INC
             RETARDO_50MS   0x000043    program     static E:\PruebaPIC\LCD_20X4.X\RETARDOS.INC
          RETARDO_5MICROS   0x00002d    program     static E:\PruebaPIC\LCD_20X4.X\RETARDOS.INC
              RETARDO_5MS   0x000049    program     static E:\PruebaPIC\LCD_20X4.X\RETARDOS.INC
               RETARDO_5S   0x00005b    program     static E:\PruebaPIC\LCD_20X4.X\RETARDOS.INC
            RMICROS_BUCLE   0x00003c    program     static E:\PruebaPIC\LCD_20X4.X\RETARDOS.INC
                    START   0x00000f    program     static E:\PruebaPIC\LCD_20X4.X\LCD_20X4.asm
             _.org_1_0027   0x000027    program     static E:\PruebaPIC\LCD_20X4.X\LCD_20X4.asm



                              Symbols - Sorted by Address
                     Name    Address   Location    Storage File                     
                ---------  ---------  ---------  --------- ---------                
                   INICIO   0x000005    program     static E:\PruebaPIC\LCD_20X4.X\LCD_20X4.asm
                    START   0x00000f    program     static E:\PruebaPIC\LCD_20X4.X\LCD_20X4.asm
             _.org_1_0027   0x000027    program     static E:\PruebaPIC\LCD_20X4.X\LCD_20X4.asm
         RETARDO_10MICROS   0x000028    program     static E:\PruebaPIC\LCD_20X4.X\RETARDOS.INC
          RETARDO_5MICROS   0x00002d    program     static E:\PruebaPIC\LCD_20X4.X\RETARDOS.INC
          RETARDO_4MICROS   0x00002e    program     static E:\PruebaPIC\LCD_20X4.X\RETARDOS.INC
        RETARDO_500MICROS   0x00002f    program     static E:\PruebaPIC\LCD_20X4.X\RETARDOS.INC
        RETARDO_200MICROS   0x000032    program     static E:\PruebaPIC\LCD_20X4.X\RETARDOS.INC
        RETARDO_100MICROS   0x000035    program     static E:\PruebaPIC\LCD_20X4.X\RETARDOS.INC
         RETARDO_50MICROS   0x000037    program     static E:\PruebaPIC\LCD_20X4.X\RETARDOS.INC
         RETARDO_20MICROS   0x00003a    program     static E:\PruebaPIC\LCD_20X4.X\RETARDOS.INC
            RETARDOMICROS   0x00003b    program     static E:\PruebaPIC\LCD_20X4.X\RETARDOS.INC
            RMICROS_BUCLE   0x00003c    program     static E:\PruebaPIC\LCD_20X4.X\RETARDOS.INC
            RETARDO_200MS   0x00003f    program     static E:\PruebaPIC\LCD_20X4.X\RETARDOS.INC
            RETARDO_100MS   0x000041    program     static E:\PruebaPIC\LCD_20X4.X\RETARDOS.INC
             RETARDO_50MS   0x000043    program     static E:\PruebaPIC\LCD_20X4.X\RETARDOS.INC
             RETARDO_20MS   0x000045    program     static E:\PruebaPIC\LCD_20X4.X\RETARDOS.INC
             RETARDO_10MS   0x000047    program     static E:\PruebaPIC\LCD_20X4.X\RETARDOS.INC
              RETARDO_5MS   0x000049    program     static E:\PruebaPIC\LCD_20X4.X\RETARDOS.INC
              RETARDO_2MS   0x00004b    program     static E:\PruebaPIC\LCD_20X4.X\RETARDOS.INC
              RETARDO_1MS   0x00004d    program     static E:\PruebaPIC\LCD_20X4.X\RETARDOS.INC
              RETARDOS_MS   0x00004e    program     static E:\PruebaPIC\LCD_20X4.X\RETARDOS.INC
        R1MS_BUCLEEXTERNO   0x00004f    program     static E:\PruebaPIC\LCD_20X4.X\RETARDOS.INC
        R1MS_BUCLEINTERNO   0x000051    program     static E:\PruebaPIC\LCD_20X4.X\RETARDOS.INC
              RETARDO_20S   0x000057    program     static E:\PruebaPIC\LCD_20X4.X\RETARDOS.INC
              RETARDO_10S   0x000059    program     static E:\PruebaPIC\LCD_20X4.X\RETARDOS.INC
               RETARDO_5S   0x00005b    program     static E:\PruebaPIC\LCD_20X4.X\RETARDOS.INC
               RETARDO_2S   0x00005d    program     static E:\PruebaPIC\LCD_20X4.X\RETARDOS.INC
               RETARDO_1S   0x00005f    program     static E:\PruebaPIC\LCD_20X4.X\RETARDOS.INC
            RETARDO_500MS   0x000061    program     static E:\PruebaPIC\LCD_20X4.X\RETARDOS.INC
          RETARDO_1DECIMA   0x000062    program     static E:\PruebaPIC\LCD_20X4.X\RETARDOS.INC
   R1DECIMA_BUCLEEXTERNO2   0x000063    program     static E:\PruebaPIC\LCD_20X4.X\RETARDOS.INC
    R1DECIMA_BUCLEEXTERNO   0x000065    program     static E:\PruebaPIC\LCD_20X4.X\RETARDOS.INC
    R1DECIMA_BUCLEINTERNO   0x000067    program     static E:\PruebaPIC\LCD_20X4.X\RETARDOS.INC
         ESCRIBIR_COMANDO   0x00006f    program     static E:\PruebaPIC\LCD_20X4.X\LCD.INC
        COMPROBAR_OCUPADO   0x000082    program     static E:\PruebaPIC\LCD_20X4.X\LCD.INC
        ESCRIBIR_CARACTER   0x0000a2    program     static E:\PruebaPIC\LCD_20X4.X\LCD.INC
INICIALIZACION_DE_PANTALLA   0x0000b9    program     static E:\PruebaPIC\LCD_20X4.X\LCD.INC


