MPLINK 5.09, LINKER
Linker Map File - Created Wed Sep 23 12:09:54 2020

                                 Section Info
                  Section       Type    Address   Location Size(Bytes)
                ---------  ---------  ---------  ---------  ---------
                   .org_0       code   0x000000    program   0x000002
                   .cinit    romdata   0x000001    program   0x000004
                   .org_1       code   0x000004    program   0x0002e0
.config_2007_BUILD/DEFAULT/PRODUCTION/RECEPTO       code   0x002007    program   0x000002
.config_2008_BUILD/DEFAULT/PRODUCTION/RECEPTO       code   0x002008    program   0x000002



                              Program Memory Usage 
                               Start         End      
                           ---------   ---------      
                            0x000000    0x000002      
                            0x000004    0x000173      
                            0x002007    0x002008      
            373 out of 8455 program addresses used, program memory utilization is 4%



                              Symbols - Sorted by Name
                     Name    Address   Location    Storage File                     
                ---------  ---------  ---------  --------- ---------                
         BCD_INC_CENTENAS   0x00016e    program     static E:\Proyectos\PIC\SONY_IR_RCV\SONY_IR_RCV.X\BCD.INC
          BCD_INC_DECENAS   0x000168    program     static E:\Proyectos\PIC\SONY_IR_RCV\SONY_IR_RCV.X\BCD.INC
              BCD_RESTA10   0x000164    program     static E:\Proyectos\PIC\SONY_IR_RCV\SONY_IR_RCV.X\BCD.INC
              BINARIO_BCD   0x000161    program     static E:\Proyectos\PIC\SONY_IR_RCV\SONY_IR_RCV.X\BCD.INC
              BIN_BCD_Fin   0x000171    program     static E:\Proyectos\PIC\SONY_IR_RCV\SONY_IR_RCV.X\BCD.INC
                     CERO   0x000072    program     static E:\Proyectos\PIC\SONY_IR_RCV\SONY_IR_RCV.X\Receptor.asm
                COMPROBAR   0x00007e    program     static E:\Proyectos\PIC\SONY_IR_RCV\SONY_IR_RCV.X\Receptor.asm
       COMPROBARSIOCUPADO   0x0000d6    program     static E:\Proyectos\PIC\SONY_IR_RCV\SONY_IR_RCV.X\LCD20X4.inc
              COMPROBAR_2   0x000084    program     static E:\Proyectos\PIC\SONY_IR_RCV\SONY_IR_RCV.X\Receptor.asm
              COMPROBAR_3   0x00008a    program     static E:\Proyectos\PIC\SONY_IR_RCV\SONY_IR_RCV.X\Receptor.asm
                   D0SDIG   0x000147    program     static E:\Proyectos\PIC\SONY_IR_RCV\SONY_IR_RCV.X\LCD20X4.inc
                  DECIMAL   0x00003e    program     static E:\Proyectos\PIC\SONY_IR_RCV\SONY_IR_RCV.X\Receptor.asm
         ESCRIBIRCARACTER   0x0000bf    program     static E:\Proyectos\PIC\SONY_IR_RCV\SONY_IR_RCV.X\LCD20X4.inc
          ESCRIBIRCOMANDO   0x0000ac    program     static E:\Proyectos\PIC\SONY_IR_RCV\SONY_IR_RCV.X\LCD20X4.inc
              FUERALIM1T3   0x00013e    program     static E:\Proyectos\PIC\SONY_IR_RCV\SONY_IR_RCV.X\LCD20X4.inc
              HEXADECIMAL   0x000043    program     static E:\Proyectos\PIC\SONY_IR_RCV\SONY_IR_RCV.X\Receptor.asm
             IMPRIMIR_VAR   0x000034    program     static E:\Proyectos\PIC\SONY_IR_RCV\SONY_IR_RCV.X\Receptor.asm
               INT_HANDLE   0x000061    program     static E:\Proyectos\PIC\SONY_IR_RCV\SONY_IR_RCV.X\Receptor.asm
                  IR_INIT   0x00004d    program     static E:\Proyectos\PIC\SONY_IR_RCV\SONY_IR_RCV.X\Receptor.asm
                   IR_RCV   0x00006f    program     static E:\Proyectos\PIC\SONY_IR_RCV\SONY_IR_RCV.X\Receptor.asm
               Inicio_lcd   0x0000f6    program     static E:\Proyectos\PIC\SONY_IR_RCV\SONY_IR_RCV.X\LCD20X4.inc
     PARAESCR1B1RREGISTRO   0x00012f    program     static E:\Proyectos\PIC\SONY_IR_RCV\SONY_IR_RCV.X\LCD20X4.inc
                   PRUEBA   0x000021    program     static E:\Proyectos\PIC\SONY_IR_RCV\SONY_IR_RCV.X\Receptor.asm
       RETARDO_1200MICROS   0x00007b    program     static E:\Proyectos\PIC\SONY_IR_RCV\SONY_IR_RCV.X\Receptor.asm
         RETARDO_50MICROS   0x000087    program     static E:\Proyectos\PIC\SONY_IR_RCV\SONY_IR_RCV.X\Receptor.asm
        RETARDO_600MICROS   0x000081    program     static E:\Proyectos\PIC\SONY_IR_RCV\SONY_IR_RCV.X\Receptor.asm
                    SETUP   0x000005    program     static E:\Proyectos\PIC\SONY_IR_RCV\SONY_IR_RCV.X\Receptor.asm
                    START   0x000007    program     static E:\Proyectos\PIC\SONY_IR_RCV\SONY_IR_RCV.X\Receptor.asm
                  TRESD1G   0x000150    program     static E:\Proyectos\PIC\SONY_IR_RCV\SONY_IR_RCV.X\LCD20X4.inc
                    UND1G   0x00013f    program     static E:\Proyectos\PIC\SONY_IR_RCV\SONY_IR_RCV.X\LCD20X4.inc
                      UNO   0x000076    program     static E:\Proyectos\PIC\SONY_IR_RCV\SONY_IR_RCV.X\Receptor.asm
             VERIFICACION   0x000047    program     static E:\Proyectos\PIC\SONY_IR_RCV\SONY_IR_RCV.X\Receptor.asm
           VERIFICACION_2   0x000079    program     static E:\Proyectos\PIC\SONY_IR_RCV\SONY_IR_RCV.X\Receptor.asm
             _.org_1_015F   0x00015f    program     static E:\Proyectos\PIC\SONY_IR_RCV\SONY_IR_RCV.X\LCD20X4.inc
             milisegundos   0x00008d    program     static E:\Proyectos\PIC\SONY_IR_RCV\SONY_IR_RCV.X\RETARDOS.inc
                retbucle1   0x00008e    program     static E:\Proyectos\PIC\SONY_IR_RCV\SONY_IR_RCV.X\RETARDOS.inc
               retbucle1a   0x00009c    program     static E:\Proyectos\PIC\SONY_IR_RCV\SONY_IR_RCV.X\RETARDOS.inc
                retbucle2   0x000090    program     static E:\Proyectos\PIC\SONY_IR_RCV\SONY_IR_RCV.X\RETARDOS.inc
               retbucle2a   0x00009e    program     static E:\Proyectos\PIC\SONY_IR_RCV\SONY_IR_RCV.X\RETARDOS.inc
                retbucle3   0x000092    program     static E:\Proyectos\PIC\SONY_IR_RCV\SONY_IR_RCV.X\RETARDOS.inc
               retbucle3a   0x0000a0    program     static E:\Proyectos\PIC\SONY_IR_RCV\SONY_IR_RCV.X\RETARDOS.inc
               retbucle4a   0x0000a2    program     static E:\Proyectos\PIC\SONY_IR_RCV\SONY_IR_RCV.X\RETARDOS.inc
                 segundos   0x00009b    program     static E:\Proyectos\PIC\SONY_IR_RCV\SONY_IR_RCV.X\RETARDOS.inc
           subp4arab0rf1l   0x00015a    program     static E:\Proyectos\PIC\SONY_IR_RCV\SONY_IR_RCV.X\LCD20X4.inc



                              Symbols - Sorted by Address
                     Name    Address   Location    Storage File                     
                ---------  ---------  ---------  --------- ---------                
                    SETUP   0x000005    program     static E:\Proyectos\PIC\SONY_IR_RCV\SONY_IR_RCV.X\Receptor.asm
                    START   0x000007    program     static E:\Proyectos\PIC\SONY_IR_RCV\SONY_IR_RCV.X\Receptor.asm
                   PRUEBA   0x000021    program     static E:\Proyectos\PIC\SONY_IR_RCV\SONY_IR_RCV.X\Receptor.asm
             IMPRIMIR_VAR   0x000034    program     static E:\Proyectos\PIC\SONY_IR_RCV\SONY_IR_RCV.X\Receptor.asm
                  DECIMAL   0x00003e    program     static E:\Proyectos\PIC\SONY_IR_RCV\SONY_IR_RCV.X\Receptor.asm
              HEXADECIMAL   0x000043    program     static E:\Proyectos\PIC\SONY_IR_RCV\SONY_IR_RCV.X\Receptor.asm
             VERIFICACION   0x000047    program     static E:\Proyectos\PIC\SONY_IR_RCV\SONY_IR_RCV.X\Receptor.asm
                  IR_INIT   0x00004d    program     static E:\Proyectos\PIC\SONY_IR_RCV\SONY_IR_RCV.X\Receptor.asm
               INT_HANDLE   0x000061    program     static E:\Proyectos\PIC\SONY_IR_RCV\SONY_IR_RCV.X\Receptor.asm
                   IR_RCV   0x00006f    program     static E:\Proyectos\PIC\SONY_IR_RCV\SONY_IR_RCV.X\Receptor.asm
                     CERO   0x000072    program     static E:\Proyectos\PIC\SONY_IR_RCV\SONY_IR_RCV.X\Receptor.asm
                      UNO   0x000076    program     static E:\Proyectos\PIC\SONY_IR_RCV\SONY_IR_RCV.X\Receptor.asm
           VERIFICACION_2   0x000079    program     static E:\Proyectos\PIC\SONY_IR_RCV\SONY_IR_RCV.X\Receptor.asm
       RETARDO_1200MICROS   0x00007b    program     static E:\Proyectos\PIC\SONY_IR_RCV\SONY_IR_RCV.X\Receptor.asm
                COMPROBAR   0x00007e    program     static E:\Proyectos\PIC\SONY_IR_RCV\SONY_IR_RCV.X\Receptor.asm
        RETARDO_600MICROS   0x000081    program     static E:\Proyectos\PIC\SONY_IR_RCV\SONY_IR_RCV.X\Receptor.asm
              COMPROBAR_2   0x000084    program     static E:\Proyectos\PIC\SONY_IR_RCV\SONY_IR_RCV.X\Receptor.asm
         RETARDO_50MICROS   0x000087    program     static E:\Proyectos\PIC\SONY_IR_RCV\SONY_IR_RCV.X\Receptor.asm
              COMPROBAR_3   0x00008a    program     static E:\Proyectos\PIC\SONY_IR_RCV\SONY_IR_RCV.X\Receptor.asm
             milisegundos   0x00008d    program     static E:\Proyectos\PIC\SONY_IR_RCV\SONY_IR_RCV.X\RETARDOS.inc
                retbucle1   0x00008e    program     static E:\Proyectos\PIC\SONY_IR_RCV\SONY_IR_RCV.X\RETARDOS.inc
                retbucle2   0x000090    program     static E:\Proyectos\PIC\SONY_IR_RCV\SONY_IR_RCV.X\RETARDOS.inc
                retbucle3   0x000092    program     static E:\Proyectos\PIC\SONY_IR_RCV\SONY_IR_RCV.X\RETARDOS.inc
                 segundos   0x00009b    program     static E:\Proyectos\PIC\SONY_IR_RCV\SONY_IR_RCV.X\RETARDOS.inc
               retbucle1a   0x00009c    program     static E:\Proyectos\PIC\SONY_IR_RCV\SONY_IR_RCV.X\RETARDOS.inc
               retbucle2a   0x00009e    program     static E:\Proyectos\PIC\SONY_IR_RCV\SONY_IR_RCV.X\RETARDOS.inc
               retbucle3a   0x0000a0    program     static E:\Proyectos\PIC\SONY_IR_RCV\SONY_IR_RCV.X\RETARDOS.inc
               retbucle4a   0x0000a2    program     static E:\Proyectos\PIC\SONY_IR_RCV\SONY_IR_RCV.X\RETARDOS.inc
          ESCRIBIRCOMANDO   0x0000ac    program     static E:\Proyectos\PIC\SONY_IR_RCV\SONY_IR_RCV.X\LCD20X4.inc
         ESCRIBIRCARACTER   0x0000bf    program     static E:\Proyectos\PIC\SONY_IR_RCV\SONY_IR_RCV.X\LCD20X4.inc
       COMPROBARSIOCUPADO   0x0000d6    program     static E:\Proyectos\PIC\SONY_IR_RCV\SONY_IR_RCV.X\LCD20X4.inc
               Inicio_lcd   0x0000f6    program     static E:\Proyectos\PIC\SONY_IR_RCV\SONY_IR_RCV.X\LCD20X4.inc
     PARAESCR1B1RREGISTRO   0x00012f    program     static E:\Proyectos\PIC\SONY_IR_RCV\SONY_IR_RCV.X\LCD20X4.inc
              FUERALIM1T3   0x00013e    program     static E:\Proyectos\PIC\SONY_IR_RCV\SONY_IR_RCV.X\LCD20X4.inc
                    UND1G   0x00013f    program     static E:\Proyectos\PIC\SONY_IR_RCV\SONY_IR_RCV.X\LCD20X4.inc
                   D0SDIG   0x000147    program     static E:\Proyectos\PIC\SONY_IR_RCV\SONY_IR_RCV.X\LCD20X4.inc
                  TRESD1G   0x000150    program     static E:\Proyectos\PIC\SONY_IR_RCV\SONY_IR_RCV.X\LCD20X4.inc
           subp4arab0rf1l   0x00015a    program     static E:\Proyectos\PIC\SONY_IR_RCV\SONY_IR_RCV.X\LCD20X4.inc
             _.org_1_015F   0x00015f    program     static E:\Proyectos\PIC\SONY_IR_RCV\SONY_IR_RCV.X\LCD20X4.inc
              BINARIO_BCD   0x000161    program     static E:\Proyectos\PIC\SONY_IR_RCV\SONY_IR_RCV.X\BCD.INC
              BCD_RESTA10   0x000164    program     static E:\Proyectos\PIC\SONY_IR_RCV\SONY_IR_RCV.X\BCD.INC
          BCD_INC_DECENAS   0x000168    program     static E:\Proyectos\PIC\SONY_IR_RCV\SONY_IR_RCV.X\BCD.INC
         BCD_INC_CENTENAS   0x00016e    program     static E:\Proyectos\PIC\SONY_IR_RCV\SONY_IR_RCV.X\BCD.INC
              BIN_BCD_Fin   0x000171    program     static E:\Proyectos\PIC\SONY_IR_RCV\SONY_IR_RCV.X\BCD.INC


