MPLINK 5.09, LINKER
Linker Map File - Created Tue Sep 22 17:29:21 2020

                                 Section Info
                  Section       Type    Address   Location Size(Bytes)
                ---------  ---------  ---------  ---------  ---------
                   .org_0       code   0x000000    program   0x0002ca
                   .cinit    romdata   0x000165    program   0x000004
.config_2007_BUILD/DEFAULT/PRODUCTION/RECEPTO       code   0x002007    program   0x000002
.config_2008_BUILD/DEFAULT/PRODUCTION/RECEPTO       code   0x002008    program   0x000002



                              Program Memory Usage 
                               Start         End      
                           ---------   ---------      
                            0x000000    0x000166      
                            0x002007    0x002008      
            361 out of 8455 program addresses used, program memory utilization is 4%



                              Symbols - Sorted by Name
                     Name    Address   Location    Storage File                     
                ---------  ---------  ---------  --------- ---------                
         BCD_INC_CENTENAS   0x00015f    program     static E:\Proyectos\PIC\SONY_IR_RCV\SONY_IR_RCV.X\BCD.INC
          BCD_INC_DECENAS   0x000159    program     static E:\Proyectos\PIC\SONY_IR_RCV\SONY_IR_RCV.X\BCD.INC
              BCD_RESTA10   0x000155    program     static E:\Proyectos\PIC\SONY_IR_RCV\SONY_IR_RCV.X\BCD.INC
                    BEGIN   0x000054    program     static E:\Proyectos\PIC\SONY_IR_RCV\SONY_IR_RCV.X\Receptor.asm
              BINARIO_BCD   0x000152    program     static E:\Proyectos\PIC\SONY_IR_RCV\SONY_IR_RCV.X\BCD.INC
              BIN_BCD_Fin   0x000162    program     static E:\Proyectos\PIC\SONY_IR_RCV\SONY_IR_RCV.X\BCD.INC
                    BUCLE   0x00005a    program     static E:\Proyectos\PIC\SONY_IR_RCV\SONY_IR_RCV.X\Receptor.asm
                     CERO   0x00005d    program     static E:\Proyectos\PIC\SONY_IR_RCV\SONY_IR_RCV.X\Receptor.asm
                COMPROBAR   0x00006f    program     static E:\Proyectos\PIC\SONY_IR_RCV\SONY_IR_RCV.X\Receptor.asm
       COMPROBARSIOCUPADO   0x0000c7    program     static E:\Proyectos\PIC\SONY_IR_RCV\SONY_IR_RCV.X\LCD20X4.inc
              COMPROBAR_2   0x000075    program     static E:\Proyectos\PIC\SONY_IR_RCV\SONY_IR_RCV.X\Receptor.asm
              COMPROBAR_3   0x00007b    program     static E:\Proyectos\PIC\SONY_IR_RCV\SONY_IR_RCV.X\Receptor.asm
                   D0SDIG   0x000138    program     static E:\Proyectos\PIC\SONY_IR_RCV\SONY_IR_RCV.X\LCD20X4.inc
                  DECIMAL   0x000035    program     static E:\Proyectos\PIC\SONY_IR_RCV\SONY_IR_RCV.X\Receptor.asm
         ESCRIBIRCARACTER   0x0000b0    program     static E:\Proyectos\PIC\SONY_IR_RCV\SONY_IR_RCV.X\LCD20X4.inc
          ESCRIBIRCOMANDO   0x00009d    program     static E:\Proyectos\PIC\SONY_IR_RCV\SONY_IR_RCV.X\LCD20X4.inc
              FUERALIM1T3   0x00012f    program     static E:\Proyectos\PIC\SONY_IR_RCV\SONY_IR_RCV.X\LCD20X4.inc
              HEXADECIMAL   0x00003a    program     static E:\Proyectos\PIC\SONY_IR_RCV\SONY_IR_RCV.X\Receptor.asm
             IMPRIMIR_VAR   0x00002b    program     static E:\Proyectos\PIC\SONY_IR_RCV\SONY_IR_RCV.X\Receptor.asm
                  IR_INIT   0x000044    program     static E:\Proyectos\PIC\SONY_IR_RCV\SONY_IR_RCV.X\Receptor.asm
                   IR_RCV   0x000054    program     static E:\Proyectos\PIC\SONY_IR_RCV\SONY_IR_RCV.X\Receptor.asm
               Inicio_lcd   0x0000e7    program     static E:\Proyectos\PIC\SONY_IR_RCV\SONY_IR_RCV.X\LCD20X4.inc
     PARAESCR1B1RREGISTRO   0x000120    program     static E:\Proyectos\PIC\SONY_IR_RCV\SONY_IR_RCV.X\LCD20X4.inc
       RETARDO_1200MICROS   0x00006c    program     static E:\Proyectos\PIC\SONY_IR_RCV\SONY_IR_RCV.X\Receptor.asm
         RETARDO_50MICROS   0x000078    program     static E:\Proyectos\PIC\SONY_IR_RCV\SONY_IR_RCV.X\Receptor.asm
        RETARDO_600MICROS   0x000072    program     static E:\Proyectos\PIC\SONY_IR_RCV\SONY_IR_RCV.X\Receptor.asm
                    SETUP   0x000001    program     static E:\Proyectos\PIC\SONY_IR_RCV\SONY_IR_RCV.X\Receptor.asm
                    START   0x000003    program     static E:\Proyectos\PIC\SONY_IR_RCV\SONY_IR_RCV.X\Receptor.asm
                  TRESD1G   0x000141    program     static E:\Proyectos\PIC\SONY_IR_RCV\SONY_IR_RCV.X\LCD20X4.inc
                    UND1G   0x000130    program     static E:\Proyectos\PIC\SONY_IR_RCV\SONY_IR_RCV.X\LCD20X4.inc
                      UNO   0x000062    program     static E:\Proyectos\PIC\SONY_IR_RCV\SONY_IR_RCV.X\Receptor.asm
             VERIFICACION   0x00003e    program     static E:\Proyectos\PIC\SONY_IR_RCV\SONY_IR_RCV.X\Receptor.asm
           VERIFICACION_2   0x000066    program     static E:\Proyectos\PIC\SONY_IR_RCV\SONY_IR_RCV.X\Receptor.asm
             _.org_0_0150   0x000150    program     static E:\Proyectos\PIC\SONY_IR_RCV\SONY_IR_RCV.X\LCD20X4.inc
             milisegundos   0x00007e    program     static E:\Proyectos\PIC\SONY_IR_RCV\SONY_IR_RCV.X\RETARDOS.inc
                retbucle1   0x00007f    program     static E:\Proyectos\PIC\SONY_IR_RCV\SONY_IR_RCV.X\RETARDOS.inc
               retbucle1a   0x00008d    program     static E:\Proyectos\PIC\SONY_IR_RCV\SONY_IR_RCV.X\RETARDOS.inc
                retbucle2   0x000081    program     static E:\Proyectos\PIC\SONY_IR_RCV\SONY_IR_RCV.X\RETARDOS.inc
               retbucle2a   0x00008f    program     static E:\Proyectos\PIC\SONY_IR_RCV\SONY_IR_RCV.X\RETARDOS.inc
                retbucle3   0x000083    program     static E:\Proyectos\PIC\SONY_IR_RCV\SONY_IR_RCV.X\RETARDOS.inc
               retbucle3a   0x000091    program     static E:\Proyectos\PIC\SONY_IR_RCV\SONY_IR_RCV.X\RETARDOS.inc
               retbucle4a   0x000093    program     static E:\Proyectos\PIC\SONY_IR_RCV\SONY_IR_RCV.X\RETARDOS.inc
                 segundos   0x00008c    program     static E:\Proyectos\PIC\SONY_IR_RCV\SONY_IR_RCV.X\RETARDOS.inc
           subp4arab0rf1l   0x00014b    program     static E:\Proyectos\PIC\SONY_IR_RCV\SONY_IR_RCV.X\LCD20X4.inc



                              Symbols - Sorted by Address
                     Name    Address   Location    Storage File                     
                ---------  ---------  ---------  --------- ---------                
                    SETUP   0x000001    program     static E:\Proyectos\PIC\SONY_IR_RCV\SONY_IR_RCV.X\Receptor.asm
                    START   0x000003    program     static E:\Proyectos\PIC\SONY_IR_RCV\SONY_IR_RCV.X\Receptor.asm
             IMPRIMIR_VAR   0x00002b    program     static E:\Proyectos\PIC\SONY_IR_RCV\SONY_IR_RCV.X\Receptor.asm
                  DECIMAL   0x000035    program     static E:\Proyectos\PIC\SONY_IR_RCV\SONY_IR_RCV.X\Receptor.asm
              HEXADECIMAL   0x00003a    program     static E:\Proyectos\PIC\SONY_IR_RCV\SONY_IR_RCV.X\Receptor.asm
             VERIFICACION   0x00003e    program     static E:\Proyectos\PIC\SONY_IR_RCV\SONY_IR_RCV.X\Receptor.asm
                  IR_INIT   0x000044    program     static E:\Proyectos\PIC\SONY_IR_RCV\SONY_IR_RCV.X\Receptor.asm
                   IR_RCV   0x000054    program     static E:\Proyectos\PIC\SONY_IR_RCV\SONY_IR_RCV.X\Receptor.asm
                    BEGIN   0x000054    program     static E:\Proyectos\PIC\SONY_IR_RCV\SONY_IR_RCV.X\Receptor.asm
                    BUCLE   0x00005a    program     static E:\Proyectos\PIC\SONY_IR_RCV\SONY_IR_RCV.X\Receptor.asm
                     CERO   0x00005d    program     static E:\Proyectos\PIC\SONY_IR_RCV\SONY_IR_RCV.X\Receptor.asm
                      UNO   0x000062    program     static E:\Proyectos\PIC\SONY_IR_RCV\SONY_IR_RCV.X\Receptor.asm
           VERIFICACION_2   0x000066    program     static E:\Proyectos\PIC\SONY_IR_RCV\SONY_IR_RCV.X\Receptor.asm
       RETARDO_1200MICROS   0x00006c    program     static E:\Proyectos\PIC\SONY_IR_RCV\SONY_IR_RCV.X\Receptor.asm
                COMPROBAR   0x00006f    program     static E:\Proyectos\PIC\SONY_IR_RCV\SONY_IR_RCV.X\Receptor.asm
        RETARDO_600MICROS   0x000072    program     static E:\Proyectos\PIC\SONY_IR_RCV\SONY_IR_RCV.X\Receptor.asm
              COMPROBAR_2   0x000075    program     static E:\Proyectos\PIC\SONY_IR_RCV\SONY_IR_RCV.X\Receptor.asm
         RETARDO_50MICROS   0x000078    program     static E:\Proyectos\PIC\SONY_IR_RCV\SONY_IR_RCV.X\Receptor.asm
              COMPROBAR_3   0x00007b    program     static E:\Proyectos\PIC\SONY_IR_RCV\SONY_IR_RCV.X\Receptor.asm
             milisegundos   0x00007e    program     static E:\Proyectos\PIC\SONY_IR_RCV\SONY_IR_RCV.X\RETARDOS.inc
                retbucle1   0x00007f    program     static E:\Proyectos\PIC\SONY_IR_RCV\SONY_IR_RCV.X\RETARDOS.inc
                retbucle2   0x000081    program     static E:\Proyectos\PIC\SONY_IR_RCV\SONY_IR_RCV.X\RETARDOS.inc
                retbucle3   0x000083    program     static E:\Proyectos\PIC\SONY_IR_RCV\SONY_IR_RCV.X\RETARDOS.inc
                 segundos   0x00008c    program     static E:\Proyectos\PIC\SONY_IR_RCV\SONY_IR_RCV.X\RETARDOS.inc
               retbucle1a   0x00008d    program     static E:\Proyectos\PIC\SONY_IR_RCV\SONY_IR_RCV.X\RETARDOS.inc
               retbucle2a   0x00008f    program     static E:\Proyectos\PIC\SONY_IR_RCV\SONY_IR_RCV.X\RETARDOS.inc
               retbucle3a   0x000091    program     static E:\Proyectos\PIC\SONY_IR_RCV\SONY_IR_RCV.X\RETARDOS.inc
               retbucle4a   0x000093    program     static E:\Proyectos\PIC\SONY_IR_RCV\SONY_IR_RCV.X\RETARDOS.inc
          ESCRIBIRCOMANDO   0x00009d    program     static E:\Proyectos\PIC\SONY_IR_RCV\SONY_IR_RCV.X\LCD20X4.inc
         ESCRIBIRCARACTER   0x0000b0    program     static E:\Proyectos\PIC\SONY_IR_RCV\SONY_IR_RCV.X\LCD20X4.inc
       COMPROBARSIOCUPADO   0x0000c7    program     static E:\Proyectos\PIC\SONY_IR_RCV\SONY_IR_RCV.X\LCD20X4.inc
               Inicio_lcd   0x0000e7    program     static E:\Proyectos\PIC\SONY_IR_RCV\SONY_IR_RCV.X\LCD20X4.inc
     PARAESCR1B1RREGISTRO   0x000120    program     static E:\Proyectos\PIC\SONY_IR_RCV\SONY_IR_RCV.X\LCD20X4.inc
              FUERALIM1T3   0x00012f    program     static E:\Proyectos\PIC\SONY_IR_RCV\SONY_IR_RCV.X\LCD20X4.inc
                    UND1G   0x000130    program     static E:\Proyectos\PIC\SONY_IR_RCV\SONY_IR_RCV.X\LCD20X4.inc
                   D0SDIG   0x000138    program     static E:\Proyectos\PIC\SONY_IR_RCV\SONY_IR_RCV.X\LCD20X4.inc
                  TRESD1G   0x000141    program     static E:\Proyectos\PIC\SONY_IR_RCV\SONY_IR_RCV.X\LCD20X4.inc
           subp4arab0rf1l   0x00014b    program     static E:\Proyectos\PIC\SONY_IR_RCV\SONY_IR_RCV.X\LCD20X4.inc
             _.org_0_0150   0x000150    program     static E:\Proyectos\PIC\SONY_IR_RCV\SONY_IR_RCV.X\LCD20X4.inc
              BINARIO_BCD   0x000152    program     static E:\Proyectos\PIC\SONY_IR_RCV\SONY_IR_RCV.X\BCD.INC
              BCD_RESTA10   0x000155    program     static E:\Proyectos\PIC\SONY_IR_RCV\SONY_IR_RCV.X\BCD.INC
          BCD_INC_DECENAS   0x000159    program     static E:\Proyectos\PIC\SONY_IR_RCV\SONY_IR_RCV.X\BCD.INC
         BCD_INC_CENTENAS   0x00015f    program     static E:\Proyectos\PIC\SONY_IR_RCV\SONY_IR_RCV.X\BCD.INC
              BIN_BCD_Fin   0x000162    program     static E:\Proyectos\PIC\SONY_IR_RCV\SONY_IR_RCV.X\BCD.INC


