MPLINK 5.09, LINKER
Linker Map File - Created Tue Jun 09 21:16:41 2020

                                 Section Info
                  Section       Type    Address   Location Size(Bytes)
                ---------  ---------  ---------  ---------  ---------
                   .org_0       code   0x000000    program   0x000042
                   .cinit    romdata   0x000021    program   0x000004
.config_2007_BUILD/DEFAULT/PRODUCTION/CONTROL       code   0x002007    program   0x000002
.config_2008_BUILD/DEFAULT/PRODUCTION/CONTROL       code   0x002008    program   0x000002



                              Program Memory Usage 
                               Start         End      
                           ---------   ---------      
                            0x000000    0x000022      
                            0x002007    0x002008      
            37 out of 8455 program addresses used, program memory utilization is 0%



                              Symbols - Sorted by Name
                     Name    Address   Location    Storage File                     
                ---------  ---------  ---------  --------- ---------                
               ADC_INICIO   0x000018    program     static E:\Proyectos\PIC\CONTROLADOR DE MOTORES\CONTROLADOR_DE_MOTORES.X\Controlador.asm
            CONFIGURACION   0x000000    program     static E:\Proyectos\PIC\CONTROLADOR DE MOTORES\CONTROLADOR_DE_MOTORES.X\Controlador.asm
                    DELAY   0x000013    program     static E:\Proyectos\PIC\CONTROLADOR DE MOTORES\CONTROLADOR_DE_MOTORES.X\Controlador.asm
              DELAY_BUCLE   0x000015    program     static E:\Proyectos\PIC\CONTROLADOR DE MOTORES\CONTROLADOR_DE_MOTORES.X\Controlador.asm



                              Symbols - Sorted by Address
                     Name    Address   Location    Storage File                     
                ---------  ---------  ---------  --------- ---------                
            CONFIGURACION   0x000000    program     static E:\Proyectos\PIC\CONTROLADOR DE MOTORES\CONTROLADOR_DE_MOTORES.X\Controlador.asm
                    DELAY   0x000013    program     static E:\Proyectos\PIC\CONTROLADOR DE MOTORES\CONTROLADOR_DE_MOTORES.X\Controlador.asm
              DELAY_BUCLE   0x000015    program     static E:\Proyectos\PIC\CONTROLADOR DE MOTORES\CONTROLADOR_DE_MOTORES.X\Controlador.asm
               ADC_INICIO   0x000018    program     static E:\Proyectos\PIC\CONTROLADOR DE MOTORES\CONTROLADOR_DE_MOTORES.X\Controlador.asm


