MPLINK 5.09, LINKER
Linker Map File - Created Sun Aug 23 14:15:25 2020

                                 Section Info
                  Section       Type    Address   Location Size(Bytes)
                ---------  ---------  ---------  ---------  ---------
                   .org_0       code   0x000000    program   0x0002ba
                   .cinit    romdata   0x00015d    program   0x000004
.config_2007_BUILD/DEFAULT/PRODUCTION/RECEPTO       code   0x002007    program   0x000002
.config_2008_BUILD/DEFAULT/PRODUCTION/RECEPTO       code   0x002008    program   0x000002



                              Program Memory Usage 
                               Start         End      
                           ---------   ---------      
                            0x000000    0x00015e      
                            0x002007    0x002008      
            353 out of 8455 program addresses used, program memory utilization is 4%



                              Symbols - Sorted by Name
                     Name    Address   Location    Storage File                     
                ---------  ---------  ---------  --------- ---------                
                    BUCLE   0x000134    program     static E:\Proyectos\PIC\IR (Control infrarojo)\IR.X\IR.inc
                  BUCLE_1   0x00003a    program     static E:\Proyectos\PIC\IR (Control infrarojo)\IR.X\RETARDOS_16MHZ.inc
                  BUCLE_2   0x00003c    program     static E:\Proyectos\PIC\IR (Control infrarojo)\IR.X\RETARDOS_16MHZ.inc
               BUCLE_SEND   0x000146    program     static E:\Proyectos\PIC\IR (Control infrarojo)\IR.X\IR.inc
                    BYTES   0x000124    program     static E:\Proyectos\PIC\IR (Control infrarojo)\IR.X\IR.inc
                  COUNTER   0x000123    program     static E:\Proyectos\PIC\IR (Control infrarojo)\IR.X\IR.inc
                CURR_TIME   0x00011e    program     static E:\Proyectos\PIC\IR (Control infrarojo)\IR.X\IR.inc
                    ENVIO   0x000149    program     static E:\Proyectos\PIC\IR (Control infrarojo)\IR.X\IR.inc
                    FINAL   0x000142    program     static E:\Proyectos\PIC\IR (Control infrarojo)\IR.X\IR.inc
               FINAL_SEND   0x00015c    program     static E:\Proyectos\PIC\IR (Control infrarojo)\IR.X\IR.inc
                 IR_FLAGS   0x00011d    program     static E:\Proyectos\PIC\IR (Control infrarojo)\IR.X\IR.inc
                IRcarrier   0x000133    program     static E:\Proyectos\PIC\IR (Control infrarojo)\IR.X\IR.inc
                   IRsend   0x000144    program     static E:\Proyectos\PIC\IR (Control infrarojo)\IR.X\IR.inc
                  IRsetup   0x000127    program     static E:\Proyectos\PIC\IR (Control infrarojo)\IR.X\IR.inc
               PULSE_TIME   0x00011f    program     static E:\Proyectos\PIC\IR (Control infrarojo)\IR.X\IR.inc
                REC_BYTE1   0x000121    program     static E:\Proyectos\PIC\IR (Control infrarojo)\IR.X\IR.inc
                REC_BYTE2   0x000122    program     static E:\Proyectos\PIC\IR (Control infrarojo)\IR.X\IR.inc
     RETARDO_100MICROS_16   0x000023    program     static E:\Proyectos\PIC\IR (Control infrarojo)\IR.X\RETARDOS_16MHZ.inc
   RETARDO_100MICROS_16_0   0x000025    program     static E:\Proyectos\PIC\IR (Control infrarojo)\IR.X\RETARDOS_16MHZ.inc
               RETARDO_13   0x000138    program     static E:\Proyectos\PIC\IR (Control infrarojo)\IR.X\IR.inc
      RETARDO_13MICROS_16   0x000033    program     static E:\Proyectos\PIC\IR (Control infrarojo)\IR.X\RETARDOS_16MHZ.inc
    RETARDO_13MICROS_16_0   0x000035    program     static E:\Proyectos\PIC\IR (Control infrarojo)\IR.X\RETARDOS_16MHZ.inc
  RETARDO_13MICROS_16_0_1   0x00013a    program     static E:\Proyectos\PIC\IR (Control infrarojo)\IR.X\IR.inc
  RETARDO_13MICROS_16_0_2   0x00013f    program     static E:\Proyectos\PIC\IR (Control infrarojo)\IR.X\IR.inc
    RETARDO_1686MICROS_16   0x000038    program     static E:\Proyectos\PIC\IR (Control infrarojo)\IR.X\RETARDOS_16MHZ.inc
      RETARDO_20MICROS_16   0x00002e    program     static E:\Proyectos\PIC\IR (Control infrarojo)\IR.X\RETARDOS_16MHZ.inc
    RETARDO_20MICROS_16_0   0x000030    program     static E:\Proyectos\PIC\IR (Control infrarojo)\IR.X\RETARDOS_16MHZ.inc
            RETARDO_2S_16   0x0000cd    program     static E:\Proyectos\PIC\IR (Control infrarojo)\IR.X\RETARDOS_16MHZ.inc
          RETARDO_2S_16_0   0x0000d3    program     static E:\Proyectos\PIC\IR (Control infrarojo)\IR.X\RETARDOS_16MHZ.inc
     RETARDO_500MICROS_16   0x00000d    program     static E:\Proyectos\PIC\IR (Control infrarojo)\IR.X\RETARDOS_16MHZ.inc
   RETARDO_500MICROS_16_0   0x000011    program     static E:\Proyectos\PIC\IR (Control infrarojo)\IR.X\RETARDOS_16MHZ.inc
         RETARDO_500MS_16   0x0000eb    program     static E:\Proyectos\PIC\IR (Control infrarojo)\IR.X\RETARDOS_16MHZ.inc
       RETARDO_500MS_16_0   0x0000f1    program     static E:\Proyectos\PIC\IR (Control infrarojo)\IR.X\RETARDOS_16MHZ.inc
      RETARDO_50MICROS_16   0x000029    program     static E:\Proyectos\PIC\IR (Control infrarojo)\IR.X\RETARDOS_16MHZ.inc
    RETARDO_50MICROS_16_0   0x00002b    program     static E:\Proyectos\PIC\IR (Control infrarojo)\IR.X\RETARDOS_16MHZ.inc
           RETARDO_5MS_16   0x000080    program     static E:\Proyectos\PIC\IR (Control infrarojo)\IR.X\RETARDOS_16MHZ.inc
         RETARDO_5MS_16_0   0x000084    program     static E:\Proyectos\PIC\IR (Control infrarojo)\IR.X\RETARDOS_16MHZ.inc
                 ROTACION   0x00014e    program     static E:\Proyectos\PIC\IR (Control infrarojo)\IR.X\IR.inc
            Retardo_100ms   0x000050    program     static E:\Proyectos\PIC\IR (Control infrarojo)\IR.X\RETARDOS_16MHZ.inc
          Retardo_100ms_0   0x000056    program     static E:\Proyectos\PIC\IR (Control infrarojo)\IR.X\RETARDOS_16MHZ.inc
             Retardo_10ms   0x000075    program     static E:\Proyectos\PIC\IR (Control infrarojo)\IR.X\RETARDOS_16MHZ.inc
           Retardo_10ms_0   0x000079    program     static E:\Proyectos\PIC\IR (Control infrarojo)\IR.X\RETARDOS_16MHZ.inc
              Retardo_10s   0x0000af    program     static E:\Proyectos\PIC\IR (Control infrarojo)\IR.X\RETARDOS_16MHZ.inc
            Retardo_10s_0   0x0000b5    program     static E:\Proyectos\PIC\IR (Control infrarojo)\IR.X\RETARDOS_16MHZ.inc
              Retardo_1ms   0x000096    program     static E:\Proyectos\PIC\IR (Control infrarojo)\IR.X\RETARDOS_16MHZ.inc
            Retardo_1ms_0   0x00009a    program     static E:\Proyectos\PIC\IR (Control infrarojo)\IR.X\RETARDOS_16MHZ.inc
               Retardo_1s   0x0000dd    program     static E:\Proyectos\PIC\IR (Control infrarojo)\IR.X\RETARDOS_16MHZ.inc
             Retardo_1s_0   0x0000e3    program     static E:\Proyectos\PIC\IR (Control infrarojo)\IR.X\RETARDOS_16MHZ.inc
        Retardo_200micros   0x000018    program     static E:\Proyectos\PIC\IR (Control infrarojo)\IR.X\RETARDOS_16MHZ.inc
      Retardo_200micros_0   0x00001c    program     static E:\Proyectos\PIC\IR (Control infrarojo)\IR.X\RETARDOS_16MHZ.inc
            Retardo_200ms   0x000041    program     static E:\Proyectos\PIC\IR (Control infrarojo)\IR.X\RETARDOS_16MHZ.inc
          Retardo_200ms_0   0x000047    program     static E:\Proyectos\PIC\IR (Control infrarojo)\IR.X\RETARDOS_16MHZ.inc
             Retardo_20ms   0x00006a    program     static E:\Proyectos\PIC\IR (Control infrarojo)\IR.X\RETARDOS_16MHZ.inc
           Retardo_20ms_0   0x00006e    program     static E:\Proyectos\PIC\IR (Control infrarojo)\IR.X\RETARDOS_16MHZ.inc
              Retardo_20s   0x0000a1    program     static E:\Proyectos\PIC\IR (Control infrarojo)\IR.X\RETARDOS_16MHZ.inc
            Retardo_20s_0   0x0000a7    program     static E:\Proyectos\PIC\IR (Control infrarojo)\IR.X\RETARDOS_16MHZ.inc
              Retardo_2ms   0x00008b    program     static E:\Proyectos\PIC\IR (Control infrarojo)\IR.X\RETARDOS_16MHZ.inc
            Retardo_2ms_0   0x00008f    program     static E:\Proyectos\PIC\IR (Control infrarojo)\IR.X\RETARDOS_16MHZ.inc
              Retardo_30s   0x0000f8    program     static E:\Proyectos\PIC\IR (Control infrarojo)\IR.X\RETARDOS_16MHZ.inc
            Retardo_30s_0   0x000100    program     static E:\Proyectos\PIC\IR (Control infrarojo)\IR.X\RETARDOS_16MHZ.inc
             Retardo_50ms   0x00005f    program     static E:\Proyectos\PIC\IR (Control infrarojo)\IR.X\RETARDOS_16MHZ.inc
           Retardo_50ms_0   0x000063    program     static E:\Proyectos\PIC\IR (Control infrarojo)\IR.X\RETARDOS_16MHZ.inc
               Retardo_5s   0x0000be    program     static E:\Proyectos\PIC\IR (Control infrarojo)\IR.X\RETARDOS_16MHZ.inc
             Retardo_5s_0   0x0000c4    program     static E:\Proyectos\PIC\IR (Control infrarojo)\IR.X\RETARDOS_16MHZ.inc
              Retardo_60s   0x00010a    program     static E:\Proyectos\PIC\IR (Control infrarojo)\IR.X\RETARDOS_16MHZ.inc
            Retardo_60s_0   0x000112    program     static E:\Proyectos\PIC\IR (Control infrarojo)\IR.X\RETARDOS_16MHZ.inc
                   SEND_0   0x000158    program     static E:\Proyectos\PIC\IR (Control infrarojo)\IR.X\IR.inc
                   SEND_1   0x000153    program     static E:\Proyectos\PIC\IR (Control infrarojo)\IR.X\IR.inc
                    SETUP   0x000000    program     static E:\Proyectos\PIC\IR (Control infrarojo)\IR.X\RECEPTOR_IR.asm
               SPACE_TIME   0x000120    program     static E:\Proyectos\PIC\IR (Control infrarojo)\IR.X\IR.inc
                    START   0x000008    program     static E:\Proyectos\PIC\IR (Control infrarojo)\IR.X\RECEPTOR_IR.asm
             _.org_0_0012   0x000012    program     static E:\Proyectos\PIC\IR (Control infrarojo)\IR.X\RETARDOS_16MHZ.inc
             _.org_0_0015   0x000015    program     static E:\Proyectos\PIC\IR (Control infrarojo)\IR.X\RETARDOS_16MHZ.inc
             _.org_0_001D   0x00001d    program     static E:\Proyectos\PIC\IR (Control infrarojo)\IR.X\RETARDOS_16MHZ.inc
             _.org_0_0020   0x000020    program     static E:\Proyectos\PIC\IR (Control infrarojo)\IR.X\RETARDOS_16MHZ.inc
             _.org_0_0027   0x000027    program     static E:\Proyectos\PIC\IR (Control infrarojo)\IR.X\RETARDOS_16MHZ.inc
             _.org_0_0048   0x000048    program     static E:\Proyectos\PIC\IR (Control infrarojo)\IR.X\RETARDOS_16MHZ.inc
             _.org_0_004A   0x00004a    program     static E:\Proyectos\PIC\IR (Control infrarojo)\IR.X\RETARDOS_16MHZ.inc
             _.org_0_004D   0x00004d    program     static E:\Proyectos\PIC\IR (Control infrarojo)\IR.X\RETARDOS_16MHZ.inc
             _.org_0_0057   0x000057    program     static E:\Proyectos\PIC\IR (Control infrarojo)\IR.X\RETARDOS_16MHZ.inc
             _.org_0_0059   0x000059    program     static E:\Proyectos\PIC\IR (Control infrarojo)\IR.X\RETARDOS_16MHZ.inc
             _.org_0_005C   0x00005c    program     static E:\Proyectos\PIC\IR (Control infrarojo)\IR.X\RETARDOS_16MHZ.inc
             _.org_0_005D   0x00005d    program     static E:\Proyectos\PIC\IR (Control infrarojo)\IR.X\RETARDOS_16MHZ.inc
             _.org_0_0064   0x000064    program     static E:\Proyectos\PIC\IR (Control infrarojo)\IR.X\RETARDOS_16MHZ.inc
             _.org_0_0067   0x000067    program     static E:\Proyectos\PIC\IR (Control infrarojo)\IR.X\RETARDOS_16MHZ.inc
             _.org_0_006F   0x00006f    program     static E:\Proyectos\PIC\IR (Control infrarojo)\IR.X\RETARDOS_16MHZ.inc
             _.org_0_0072   0x000072    program     static E:\Proyectos\PIC\IR (Control infrarojo)\IR.X\RETARDOS_16MHZ.inc
             _.org_0_007A   0x00007a    program     static E:\Proyectos\PIC\IR (Control infrarojo)\IR.X\RETARDOS_16MHZ.inc
             _.org_0_007D   0x00007d    program     static E:\Proyectos\PIC\IR (Control infrarojo)\IR.X\RETARDOS_16MHZ.inc
             _.org_0_0085   0x000085    program     static E:\Proyectos\PIC\IR (Control infrarojo)\IR.X\RETARDOS_16MHZ.inc
             _.org_0_0088   0x000088    program     static E:\Proyectos\PIC\IR (Control infrarojo)\IR.X\RETARDOS_16MHZ.inc
             _.org_0_0090   0x000090    program     static E:\Proyectos\PIC\IR (Control infrarojo)\IR.X\RETARDOS_16MHZ.inc
             _.org_0_0093   0x000093    program     static E:\Proyectos\PIC\IR (Control infrarojo)\IR.X\RETARDOS_16MHZ.inc
             _.org_0_009B   0x00009b    program     static E:\Proyectos\PIC\IR (Control infrarojo)\IR.X\RETARDOS_16MHZ.inc
             _.org_0_009E   0x00009e    program     static E:\Proyectos\PIC\IR (Control infrarojo)\IR.X\RETARDOS_16MHZ.inc
             _.org_0_00A8   0x0000a8    program     static E:\Proyectos\PIC\IR (Control infrarojo)\IR.X\RETARDOS_16MHZ.inc
             _.org_0_00AA   0x0000aa    program     static E:\Proyectos\PIC\IR (Control infrarojo)\IR.X\RETARDOS_16MHZ.inc
             _.org_0_00B6   0x0000b6    program     static E:\Proyectos\PIC\IR (Control infrarojo)\IR.X\RETARDOS_16MHZ.inc
             _.org_0_00B8   0x0000b8    program     static E:\Proyectos\PIC\IR (Control infrarojo)\IR.X\RETARDOS_16MHZ.inc
             _.org_0_00BB   0x0000bb    program     static E:\Proyectos\PIC\IR (Control infrarojo)\IR.X\RETARDOS_16MHZ.inc
             _.org_0_00C5   0x0000c5    program     static E:\Proyectos\PIC\IR (Control infrarojo)\IR.X\RETARDOS_16MHZ.inc
             _.org_0_00C7   0x0000c7    program     static E:\Proyectos\PIC\IR (Control infrarojo)\IR.X\RETARDOS_16MHZ.inc
             _.org_0_00CA   0x0000ca    program     static E:\Proyectos\PIC\IR (Control infrarojo)\IR.X\RETARDOS_16MHZ.inc
             _.org_0_00CB   0x0000cb    program     static E:\Proyectos\PIC\IR (Control infrarojo)\IR.X\RETARDOS_16MHZ.inc
             _.org_0_00D4   0x0000d4    program     static E:\Proyectos\PIC\IR (Control infrarojo)\IR.X\RETARDOS_16MHZ.inc
             _.org_0_00D6   0x0000d6    program     static E:\Proyectos\PIC\IR (Control infrarojo)\IR.X\RETARDOS_16MHZ.inc
             _.org_0_00D9   0x0000d9    program     static E:\Proyectos\PIC\IR (Control infrarojo)\IR.X\RETARDOS_16MHZ.inc
             _.org_0_00DA   0x0000da    program     static E:\Proyectos\PIC\IR (Control infrarojo)\IR.X\RETARDOS_16MHZ.inc
             _.org_0_00DB   0x0000db    program     static E:\Proyectos\PIC\IR (Control infrarojo)\IR.X\RETARDOS_16MHZ.inc
             _.org_0_00E4   0x0000e4    program     static E:\Proyectos\PIC\IR (Control infrarojo)\IR.X\RETARDOS_16MHZ.inc
             _.org_0_00E6   0x0000e6    program     static E:\Proyectos\PIC\IR (Control infrarojo)\IR.X\RETARDOS_16MHZ.inc
             _.org_0_00E9   0x0000e9    program     static E:\Proyectos\PIC\IR (Control infrarojo)\IR.X\RETARDOS_16MHZ.inc
             _.org_0_00F2   0x0000f2    program     static E:\Proyectos\PIC\IR (Control infrarojo)\IR.X\RETARDOS_16MHZ.inc
             _.org_0_00F4   0x0000f4    program     static E:\Proyectos\PIC\IR (Control infrarojo)\IR.X\RETARDOS_16MHZ.inc
             _.org_0_0101   0x000101    program     static E:\Proyectos\PIC\IR (Control infrarojo)\IR.X\RETARDOS_16MHZ.inc
             _.org_0_0103   0x000103    program     static E:\Proyectos\PIC\IR (Control infrarojo)\IR.X\RETARDOS_16MHZ.inc
             _.org_0_0105   0x000105    program     static E:\Proyectos\PIC\IR (Control infrarojo)\IR.X\RETARDOS_16MHZ.inc
             _.org_0_0113   0x000113    program     static E:\Proyectos\PIC\IR (Control infrarojo)\IR.X\RETARDOS_16MHZ.inc
             _.org_0_0115   0x000115    program     static E:\Proyectos\PIC\IR (Control infrarojo)\IR.X\RETARDOS_16MHZ.inc
             _.org_0_0117   0x000117    program     static E:\Proyectos\PIC\IR (Control infrarojo)\IR.X\RETARDOS_16MHZ.inc
             _.org_0_011A   0x00011a    program     static E:\Proyectos\PIC\IR (Control infrarojo)\IR.X\RETARDOS_16MHZ.inc
             _.org_0_011B   0x00011b    program     static E:\Proyectos\PIC\IR (Control infrarojo)\IR.X\RETARDOS_16MHZ.inc



                              Symbols - Sorted by Address
                     Name    Address   Location    Storage File                     
                ---------  ---------  ---------  --------- ---------                
                    SETUP   0x000000    program     static E:\Proyectos\PIC\IR (Control infrarojo)\IR.X\RECEPTOR_IR.asm
                    START   0x000008    program     static E:\Proyectos\PIC\IR (Control infrarojo)\IR.X\RECEPTOR_IR.asm
     RETARDO_500MICROS_16   0x00000d    program     static E:\Proyectos\PIC\IR (Control infrarojo)\IR.X\RETARDOS_16MHZ.inc
   RETARDO_500MICROS_16_0   0x000011    program     static E:\Proyectos\PIC\IR (Control infrarojo)\IR.X\RETARDOS_16MHZ.inc
             _.org_0_0012   0x000012    program     static E:\Proyectos\PIC\IR (Control infrarojo)\IR.X\RETARDOS_16MHZ.inc
             _.org_0_0015   0x000015    program     static E:\Proyectos\PIC\IR (Control infrarojo)\IR.X\RETARDOS_16MHZ.inc
        Retardo_200micros   0x000018    program     static E:\Proyectos\PIC\IR (Control infrarojo)\IR.X\RETARDOS_16MHZ.inc
      Retardo_200micros_0   0x00001c    program     static E:\Proyectos\PIC\IR (Control infrarojo)\IR.X\RETARDOS_16MHZ.inc
             _.org_0_001D   0x00001d    program     static E:\Proyectos\PIC\IR (Control infrarojo)\IR.X\RETARDOS_16MHZ.inc
             _.org_0_0020   0x000020    program     static E:\Proyectos\PIC\IR (Control infrarojo)\IR.X\RETARDOS_16MHZ.inc
     RETARDO_100MICROS_16   0x000023    program     static E:\Proyectos\PIC\IR (Control infrarojo)\IR.X\RETARDOS_16MHZ.inc
   RETARDO_100MICROS_16_0   0x000025    program     static E:\Proyectos\PIC\IR (Control infrarojo)\IR.X\RETARDOS_16MHZ.inc
             _.org_0_0027   0x000027    program     static E:\Proyectos\PIC\IR (Control infrarojo)\IR.X\RETARDOS_16MHZ.inc
      RETARDO_50MICROS_16   0x000029    program     static E:\Proyectos\PIC\IR (Control infrarojo)\IR.X\RETARDOS_16MHZ.inc
    RETARDO_50MICROS_16_0   0x00002b    program     static E:\Proyectos\PIC\IR (Control infrarojo)\IR.X\RETARDOS_16MHZ.inc
      RETARDO_20MICROS_16   0x00002e    program     static E:\Proyectos\PIC\IR (Control infrarojo)\IR.X\RETARDOS_16MHZ.inc
    RETARDO_20MICROS_16_0   0x000030    program     static E:\Proyectos\PIC\IR (Control infrarojo)\IR.X\RETARDOS_16MHZ.inc
      RETARDO_13MICROS_16   0x000033    program     static E:\Proyectos\PIC\IR (Control infrarojo)\IR.X\RETARDOS_16MHZ.inc
    RETARDO_13MICROS_16_0   0x000035    program     static E:\Proyectos\PIC\IR (Control infrarojo)\IR.X\RETARDOS_16MHZ.inc
    RETARDO_1686MICROS_16   0x000038    program     static E:\Proyectos\PIC\IR (Control infrarojo)\IR.X\RETARDOS_16MHZ.inc
                  BUCLE_1   0x00003a    program     static E:\Proyectos\PIC\IR (Control infrarojo)\IR.X\RETARDOS_16MHZ.inc
                  BUCLE_2   0x00003c    program     static E:\Proyectos\PIC\IR (Control infrarojo)\IR.X\RETARDOS_16MHZ.inc
            Retardo_200ms   0x000041    program     static E:\Proyectos\PIC\IR (Control infrarojo)\IR.X\RETARDOS_16MHZ.inc
          Retardo_200ms_0   0x000047    program     static E:\Proyectos\PIC\IR (Control infrarojo)\IR.X\RETARDOS_16MHZ.inc
             _.org_0_0048   0x000048    program     static E:\Proyectos\PIC\IR (Control infrarojo)\IR.X\RETARDOS_16MHZ.inc
             _.org_0_004A   0x00004a    program     static E:\Proyectos\PIC\IR (Control infrarojo)\IR.X\RETARDOS_16MHZ.inc
             _.org_0_004D   0x00004d    program     static E:\Proyectos\PIC\IR (Control infrarojo)\IR.X\RETARDOS_16MHZ.inc
            Retardo_100ms   0x000050    program     static E:\Proyectos\PIC\IR (Control infrarojo)\IR.X\RETARDOS_16MHZ.inc
          Retardo_100ms_0   0x000056    program     static E:\Proyectos\PIC\IR (Control infrarojo)\IR.X\RETARDOS_16MHZ.inc
             _.org_0_0057   0x000057    program     static E:\Proyectos\PIC\IR (Control infrarojo)\IR.X\RETARDOS_16MHZ.inc
             _.org_0_0059   0x000059    program     static E:\Proyectos\PIC\IR (Control infrarojo)\IR.X\RETARDOS_16MHZ.inc
             _.org_0_005C   0x00005c    program     static E:\Proyectos\PIC\IR (Control infrarojo)\IR.X\RETARDOS_16MHZ.inc
             _.org_0_005D   0x00005d    program     static E:\Proyectos\PIC\IR (Control infrarojo)\IR.X\RETARDOS_16MHZ.inc
             Retardo_50ms   0x00005f    program     static E:\Proyectos\PIC\IR (Control infrarojo)\IR.X\RETARDOS_16MHZ.inc
           Retardo_50ms_0   0x000063    program     static E:\Proyectos\PIC\IR (Control infrarojo)\IR.X\RETARDOS_16MHZ.inc
             _.org_0_0064   0x000064    program     static E:\Proyectos\PIC\IR (Control infrarojo)\IR.X\RETARDOS_16MHZ.inc
             _.org_0_0067   0x000067    program     static E:\Proyectos\PIC\IR (Control infrarojo)\IR.X\RETARDOS_16MHZ.inc
             Retardo_20ms   0x00006a    program     static E:\Proyectos\PIC\IR (Control infrarojo)\IR.X\RETARDOS_16MHZ.inc
           Retardo_20ms_0   0x00006e    program     static E:\Proyectos\PIC\IR (Control infrarojo)\IR.X\RETARDOS_16MHZ.inc
             _.org_0_006F   0x00006f    program     static E:\Proyectos\PIC\IR (Control infrarojo)\IR.X\RETARDOS_16MHZ.inc
             _.org_0_0072   0x000072    program     static E:\Proyectos\PIC\IR (Control infrarojo)\IR.X\RETARDOS_16MHZ.inc
             Retardo_10ms   0x000075    program     static E:\Proyectos\PIC\IR (Control infrarojo)\IR.X\RETARDOS_16MHZ.inc
           Retardo_10ms_0   0x000079    program     static E:\Proyectos\PIC\IR (Control infrarojo)\IR.X\RETARDOS_16MHZ.inc
             _.org_0_007A   0x00007a    program     static E:\Proyectos\PIC\IR (Control infrarojo)\IR.X\RETARDOS_16MHZ.inc
             _.org_0_007D   0x00007d    program     static E:\Proyectos\PIC\IR (Control infrarojo)\IR.X\RETARDOS_16MHZ.inc
           RETARDO_5MS_16   0x000080    program     static E:\Proyectos\PIC\IR (Control infrarojo)\IR.X\RETARDOS_16MHZ.inc
         RETARDO_5MS_16_0   0x000084    program     static E:\Proyectos\PIC\IR (Control infrarojo)\IR.X\RETARDOS_16MHZ.inc
             _.org_0_0085   0x000085    program     static E:\Proyectos\PIC\IR (Control infrarojo)\IR.X\RETARDOS_16MHZ.inc
             _.org_0_0088   0x000088    program     static E:\Proyectos\PIC\IR (Control infrarojo)\IR.X\RETARDOS_16MHZ.inc
              Retardo_2ms   0x00008b    program     static E:\Proyectos\PIC\IR (Control infrarojo)\IR.X\RETARDOS_16MHZ.inc
            Retardo_2ms_0   0x00008f    program     static E:\Proyectos\PIC\IR (Control infrarojo)\IR.X\RETARDOS_16MHZ.inc
             _.org_0_0090   0x000090    program     static E:\Proyectos\PIC\IR (Control infrarojo)\IR.X\RETARDOS_16MHZ.inc
             _.org_0_0093   0x000093    program     static E:\Proyectos\PIC\IR (Control infrarojo)\IR.X\RETARDOS_16MHZ.inc
              Retardo_1ms   0x000096    program     static E:\Proyectos\PIC\IR (Control infrarojo)\IR.X\RETARDOS_16MHZ.inc
            Retardo_1ms_0   0x00009a    program     static E:\Proyectos\PIC\IR (Control infrarojo)\IR.X\RETARDOS_16MHZ.inc
             _.org_0_009B   0x00009b    program     static E:\Proyectos\PIC\IR (Control infrarojo)\IR.X\RETARDOS_16MHZ.inc
             _.org_0_009E   0x00009e    program     static E:\Proyectos\PIC\IR (Control infrarojo)\IR.X\RETARDOS_16MHZ.inc
              Retardo_20s   0x0000a1    program     static E:\Proyectos\PIC\IR (Control infrarojo)\IR.X\RETARDOS_16MHZ.inc
            Retardo_20s_0   0x0000a7    program     static E:\Proyectos\PIC\IR (Control infrarojo)\IR.X\RETARDOS_16MHZ.inc
             _.org_0_00A8   0x0000a8    program     static E:\Proyectos\PIC\IR (Control infrarojo)\IR.X\RETARDOS_16MHZ.inc
             _.org_0_00AA   0x0000aa    program     static E:\Proyectos\PIC\IR (Control infrarojo)\IR.X\RETARDOS_16MHZ.inc
              Retardo_10s   0x0000af    program     static E:\Proyectos\PIC\IR (Control infrarojo)\IR.X\RETARDOS_16MHZ.inc
            Retardo_10s_0   0x0000b5    program     static E:\Proyectos\PIC\IR (Control infrarojo)\IR.X\RETARDOS_16MHZ.inc
             _.org_0_00B6   0x0000b6    program     static E:\Proyectos\PIC\IR (Control infrarojo)\IR.X\RETARDOS_16MHZ.inc
             _.org_0_00B8   0x0000b8    program     static E:\Proyectos\PIC\IR (Control infrarojo)\IR.X\RETARDOS_16MHZ.inc
             _.org_0_00BB   0x0000bb    program     static E:\Proyectos\PIC\IR (Control infrarojo)\IR.X\RETARDOS_16MHZ.inc
               Retardo_5s   0x0000be    program     static E:\Proyectos\PIC\IR (Control infrarojo)\IR.X\RETARDOS_16MHZ.inc
             Retardo_5s_0   0x0000c4    program     static E:\Proyectos\PIC\IR (Control infrarojo)\IR.X\RETARDOS_16MHZ.inc
             _.org_0_00C5   0x0000c5    program     static E:\Proyectos\PIC\IR (Control infrarojo)\IR.X\RETARDOS_16MHZ.inc
             _.org_0_00C7   0x0000c7    program     static E:\Proyectos\PIC\IR (Control infrarojo)\IR.X\RETARDOS_16MHZ.inc
             _.org_0_00CA   0x0000ca    program     static E:\Proyectos\PIC\IR (Control infrarojo)\IR.X\RETARDOS_16MHZ.inc
             _.org_0_00CB   0x0000cb    program     static E:\Proyectos\PIC\IR (Control infrarojo)\IR.X\RETARDOS_16MHZ.inc
            RETARDO_2S_16   0x0000cd    program     static E:\Proyectos\PIC\IR (Control infrarojo)\IR.X\RETARDOS_16MHZ.inc
          RETARDO_2S_16_0   0x0000d3    program     static E:\Proyectos\PIC\IR (Control infrarojo)\IR.X\RETARDOS_16MHZ.inc
             _.org_0_00D4   0x0000d4    program     static E:\Proyectos\PIC\IR (Control infrarojo)\IR.X\RETARDOS_16MHZ.inc
             _.org_0_00D6   0x0000d6    program     static E:\Proyectos\PIC\IR (Control infrarojo)\IR.X\RETARDOS_16MHZ.inc
             _.org_0_00D9   0x0000d9    program     static E:\Proyectos\PIC\IR (Control infrarojo)\IR.X\RETARDOS_16MHZ.inc
             _.org_0_00DA   0x0000da    program     static E:\Proyectos\PIC\IR (Control infrarojo)\IR.X\RETARDOS_16MHZ.inc
             _.org_0_00DB   0x0000db    program     static E:\Proyectos\PIC\IR (Control infrarojo)\IR.X\RETARDOS_16MHZ.inc
               Retardo_1s   0x0000dd    program     static E:\Proyectos\PIC\IR (Control infrarojo)\IR.X\RETARDOS_16MHZ.inc
             Retardo_1s_0   0x0000e3    program     static E:\Proyectos\PIC\IR (Control infrarojo)\IR.X\RETARDOS_16MHZ.inc
             _.org_0_00E4   0x0000e4    program     static E:\Proyectos\PIC\IR (Control infrarojo)\IR.X\RETARDOS_16MHZ.inc
             _.org_0_00E6   0x0000e6    program     static E:\Proyectos\PIC\IR (Control infrarojo)\IR.X\RETARDOS_16MHZ.inc
             _.org_0_00E9   0x0000e9    program     static E:\Proyectos\PIC\IR (Control infrarojo)\IR.X\RETARDOS_16MHZ.inc
         RETARDO_500MS_16   0x0000eb    program     static E:\Proyectos\PIC\IR (Control infrarojo)\IR.X\RETARDOS_16MHZ.inc
       RETARDO_500MS_16_0   0x0000f1    program     static E:\Proyectos\PIC\IR (Control infrarojo)\IR.X\RETARDOS_16MHZ.inc
             _.org_0_00F2   0x0000f2    program     static E:\Proyectos\PIC\IR (Control infrarojo)\IR.X\RETARDOS_16MHZ.inc
             _.org_0_00F4   0x0000f4    program     static E:\Proyectos\PIC\IR (Control infrarojo)\IR.X\RETARDOS_16MHZ.inc
              Retardo_30s   0x0000f8    program     static E:\Proyectos\PIC\IR (Control infrarojo)\IR.X\RETARDOS_16MHZ.inc
            Retardo_30s_0   0x000100    program     static E:\Proyectos\PIC\IR (Control infrarojo)\IR.X\RETARDOS_16MHZ.inc
             _.org_0_0101   0x000101    program     static E:\Proyectos\PIC\IR (Control infrarojo)\IR.X\RETARDOS_16MHZ.inc
             _.org_0_0103   0x000103    program     static E:\Proyectos\PIC\IR (Control infrarojo)\IR.X\RETARDOS_16MHZ.inc
             _.org_0_0105   0x000105    program     static E:\Proyectos\PIC\IR (Control infrarojo)\IR.X\RETARDOS_16MHZ.inc
              Retardo_60s   0x00010a    program     static E:\Proyectos\PIC\IR (Control infrarojo)\IR.X\RETARDOS_16MHZ.inc
            Retardo_60s_0   0x000112    program     static E:\Proyectos\PIC\IR (Control infrarojo)\IR.X\RETARDOS_16MHZ.inc
             _.org_0_0113   0x000113    program     static E:\Proyectos\PIC\IR (Control infrarojo)\IR.X\RETARDOS_16MHZ.inc
             _.org_0_0115   0x000115    program     static E:\Proyectos\PIC\IR (Control infrarojo)\IR.X\RETARDOS_16MHZ.inc
             _.org_0_0117   0x000117    program     static E:\Proyectos\PIC\IR (Control infrarojo)\IR.X\RETARDOS_16MHZ.inc
             _.org_0_011A   0x00011a    program     static E:\Proyectos\PIC\IR (Control infrarojo)\IR.X\RETARDOS_16MHZ.inc
             _.org_0_011B   0x00011b    program     static E:\Proyectos\PIC\IR (Control infrarojo)\IR.X\RETARDOS_16MHZ.inc
                 IR_FLAGS   0x00011d    program     static E:\Proyectos\PIC\IR (Control infrarojo)\IR.X\IR.inc
                CURR_TIME   0x00011e    program     static E:\Proyectos\PIC\IR (Control infrarojo)\IR.X\IR.inc
               PULSE_TIME   0x00011f    program     static E:\Proyectos\PIC\IR (Control infrarojo)\IR.X\IR.inc
               SPACE_TIME   0x000120    program     static E:\Proyectos\PIC\IR (Control infrarojo)\IR.X\IR.inc
                REC_BYTE1   0x000121    program     static E:\Proyectos\PIC\IR (Control infrarojo)\IR.X\IR.inc
                REC_BYTE2   0x000122    program     static E:\Proyectos\PIC\IR (Control infrarojo)\IR.X\IR.inc
                  COUNTER   0x000123    program     static E:\Proyectos\PIC\IR (Control infrarojo)\IR.X\IR.inc
                    BYTES   0x000124    program     static E:\Proyectos\PIC\IR (Control infrarojo)\IR.X\IR.inc
                  IRsetup   0x000127    program     static E:\Proyectos\PIC\IR (Control infrarojo)\IR.X\IR.inc
                IRcarrier   0x000133    program     static E:\Proyectos\PIC\IR (Control infrarojo)\IR.X\IR.inc
                    BUCLE   0x000134    program     static E:\Proyectos\PIC\IR (Control infrarojo)\IR.X\IR.inc
               RETARDO_13   0x000138    program     static E:\Proyectos\PIC\IR (Control infrarojo)\IR.X\IR.inc
  RETARDO_13MICROS_16_0_1   0x00013a    program     static E:\Proyectos\PIC\IR (Control infrarojo)\IR.X\IR.inc
  RETARDO_13MICROS_16_0_2   0x00013f    program     static E:\Proyectos\PIC\IR (Control infrarojo)\IR.X\IR.inc
                    FINAL   0x000142    program     static E:\Proyectos\PIC\IR (Control infrarojo)\IR.X\IR.inc
                   IRsend   0x000144    program     static E:\Proyectos\PIC\IR (Control infrarojo)\IR.X\IR.inc
               BUCLE_SEND   0x000146    program     static E:\Proyectos\PIC\IR (Control infrarojo)\IR.X\IR.inc
                    ENVIO   0x000149    program     static E:\Proyectos\PIC\IR (Control infrarojo)\IR.X\IR.inc
                 ROTACION   0x00014e    program     static E:\Proyectos\PIC\IR (Control infrarojo)\IR.X\IR.inc
                   SEND_1   0x000153    program     static E:\Proyectos\PIC\IR (Control infrarojo)\IR.X\IR.inc
                   SEND_0   0x000158    program     static E:\Proyectos\PIC\IR (Control infrarojo)\IR.X\IR.inc
               FINAL_SEND   0x00015c    program     static E:\Proyectos\PIC\IR (Control infrarojo)\IR.X\IR.inc


