MPLINK 5.09, LINKER
Linker Map File - Created Thu Aug 20 17:14:50 2020

                                 Section Info
                  Section       Type    Address   Location Size(Bytes)
                ---------  ---------  ---------  ---------  ---------
                   .org_0       code   0x000000    program   0x0003ec
                   .cinit    romdata   0x0001f6    program   0x000004
.config_2007_BUILD/DEFAULT/PRODUCTION/RECEPTO       code   0x002007    program   0x000002
.config_2008_BUILD/DEFAULT/PRODUCTION/RECEPTO       code   0x002008    program   0x000002



                              Program Memory Usage 
                               Start         End      
                           ---------   ---------      
                            0x000000    0x0001f7      
                            0x002007    0x002008      
            506 out of 8455 program addresses used, program memory utilization is 5%



                              Symbols - Sorted by Name
                     Name    Address   Location    Storage File                     
                ---------  ---------  ---------  --------- ---------                
                  BITS_IR   0x0001df    program     static E:\Proyectos\PIC\IR (Control infrarojo)\IR.X\IR.inc
                    BUCLE   0x0001e9    program     static E:\Proyectos\PIC\IR (Control infrarojo)\IR.X\IR.inc
        COMPROBAR_OCUPADO   0x000169    program     static E:\Proyectos\PIC\IR (Control infrarojo)\IR.X\LCD.inc
               CONTADOR_2   0x0001de    program     static E:\Proyectos\PIC\IR (Control infrarojo)\IR.X\IR.inc
                  COUNTER   0x0001dd    program     static E:\Proyectos\PIC\IR (Control infrarojo)\IR.X\IR.inc
                CURR_TIME   0x0001d8    program     static E:\Proyectos\PIC\IR (Control infrarojo)\IR.X\IR.inc
        ESCRIBIR_CARACTER   0x000189    program     static E:\Proyectos\PIC\IR (Control infrarojo)\IR.X\LCD.inc
         ESCRIBIR_COMANDO   0x000156    program     static E:\Proyectos\PIC\IR (Control infrarojo)\IR.X\LCD.inc
                    FINAL   0x0001f4    program     static E:\Proyectos\PIC\IR (Control infrarojo)\IR.X\IR.inc
INICIALIZACION_DE_PANTALLA   0x0001a0    program     static E:\Proyectos\PIC\IR (Control infrarojo)\IR.X\LCD.inc
                 IR_FLAGS   0x0001d7    program     static E:\Proyectos\PIC\IR (Control infrarojo)\IR.X\IR.inc
                IRcarrier   0x0001e6    program     static E:\Proyectos\PIC\IR (Control infrarojo)\IR.X\IR.inc
                  IRsetup   0x0001e0    program     static E:\Proyectos\PIC\IR (Control infrarojo)\IR.X\IR.inc
               PULSE_TIME   0x0001d9    program     static E:\Proyectos\PIC\IR (Control infrarojo)\IR.X\IR.inc
    R1DECIMA_BUCLEEXTERNO   0x00004a    program     static E:\Proyectos\PIC\IR (Control infrarojo)\IR.X\RETARDOS.inc
   R1DECIMA_BUCLEEXTERNO2   0x000048    program     static E:\Proyectos\PIC\IR (Control infrarojo)\IR.X\RETARDOS.inc
    R1DECIMA_BUCLEINTERNO   0x00004c    program     static E:\Proyectos\PIC\IR (Control infrarojo)\IR.X\RETARDOS.inc
        R1MS_BUCLEEXTERNO   0x000034    program     static E:\Proyectos\PIC\IR (Control infrarojo)\IR.X\RETARDOS.inc
        R1MS_BUCLEINTERNO   0x000036    program     static E:\Proyectos\PIC\IR (Control infrarojo)\IR.X\RETARDOS.inc
                REC_BYTE1   0x0001db    program     static E:\Proyectos\PIC\IR (Control infrarojo)\IR.X\IR.inc
                REC_BYTE2   0x0001dc    program     static E:\Proyectos\PIC\IR (Control infrarojo)\IR.X\IR.inc
            RETARDOMICROS   0x000020    program     static E:\Proyectos\PIC\IR (Control infrarojo)\IR.X\RETARDOS.inc
              RETARDOS_MS   0x000033    program     static E:\Proyectos\PIC\IR (Control infrarojo)\IR.X\RETARDOS.inc
        RETARDO_100MICROS   0x00001a    program     static E:\Proyectos\PIC\IR (Control infrarojo)\IR.X\RETARDOS.inc
            RETARDO_100MS   0x000026    program     static E:\Proyectos\PIC\IR (Control infrarojo)\IR.X\RETARDOS.inc
         RETARDO_10MICROS   0x00000d    program     static E:\Proyectos\PIC\IR (Control infrarojo)\IR.X\RETARDOS.inc
             RETARDO_10MS   0x00002c    program     static E:\Proyectos\PIC\IR (Control infrarojo)\IR.X\RETARDOS.inc
              RETARDO_10S   0x00003e    program     static E:\Proyectos\PIC\IR (Control infrarojo)\IR.X\RETARDOS.inc
         RETARDO_12MICROS   0x00000b    program     static E:\Proyectos\PIC\IR (Control infrarojo)\IR.X\RETARDOS.inc
          RETARDO_1DECIMA   0x000047    program     static E:\Proyectos\PIC\IR (Control infrarojo)\IR.X\RETARDOS.inc
              RETARDO_1MS   0x000032    program     static E:\Proyectos\PIC\IR (Control infrarojo)\IR.X\RETARDOS.inc
               RETARDO_1S   0x000044    program     static E:\Proyectos\PIC\IR (Control infrarojo)\IR.X\RETARDOS.inc
        RETARDO_200MICROS   0x000017    program     static E:\Proyectos\PIC\IR (Control infrarojo)\IR.X\RETARDOS.inc
            RETARDO_200MS   0x000024    program     static E:\Proyectos\PIC\IR (Control infrarojo)\IR.X\RETARDOS.inc
         RETARDO_20MICROS   0x00001f    program     static E:\Proyectos\PIC\IR (Control infrarojo)\IR.X\RETARDOS.inc
      RETARDO_20MICROS_16   0x000075    program     static E:\Proyectos\PIC\IR (Control infrarojo)\IR.X\RETARDOS_16MHZ.inc
    RETARDO_20MICROS_16_0   0x000077    program     static E:\Proyectos\PIC\IR (Control infrarojo)\IR.X\RETARDOS_16MHZ.inc
             RETARDO_20MS   0x00002a    program     static E:\Proyectos\PIC\IR (Control infrarojo)\IR.X\RETARDOS.inc
              RETARDO_20S   0x00003c    program     static E:\Proyectos\PIC\IR (Control infrarojo)\IR.X\RETARDOS.inc
              RETARDO_2MS   0x000030    program     static E:\Proyectos\PIC\IR (Control infrarojo)\IR.X\RETARDOS.inc
               RETARDO_2S   0x000042    program     static E:\Proyectos\PIC\IR (Control infrarojo)\IR.X\RETARDOS.inc
            RETARDO_2S_16   0x000106    program     static E:\Proyectos\PIC\IR (Control infrarojo)\IR.X\RETARDOS_16MHZ.inc
          RETARDO_2S_16_0   0x00010c    program     static E:\Proyectos\PIC\IR (Control infrarojo)\IR.X\RETARDOS_16MHZ.inc
          RETARDO_4MICROS   0x000013    program     static E:\Proyectos\PIC\IR (Control infrarojo)\IR.X\RETARDOS.inc
        RETARDO_500MICROS   0x000014    program     static E:\Proyectos\PIC\IR (Control infrarojo)\IR.X\RETARDOS.inc
     RETARDO_500MICROS_16   0x000054    program     static E:\Proyectos\PIC\IR (Control infrarojo)\IR.X\RETARDOS_16MHZ.inc
   RETARDO_500MICROS_16_0   0x000058    program     static E:\Proyectos\PIC\IR (Control infrarojo)\IR.X\RETARDOS_16MHZ.inc
            RETARDO_500MS   0x000046    program     static E:\Proyectos\PIC\IR (Control infrarojo)\IR.X\RETARDOS.inc
         RETARDO_500MS_16   0x000124    program     static E:\Proyectos\PIC\IR (Control infrarojo)\IR.X\RETARDOS_16MHZ.inc
       RETARDO_500MS_16_0   0x00012a    program     static E:\Proyectos\PIC\IR (Control infrarojo)\IR.X\RETARDOS_16MHZ.inc
         RETARDO_50MICROS   0x00001c    program     static E:\Proyectos\PIC\IR (Control infrarojo)\IR.X\RETARDOS.inc
             RETARDO_50MS   0x000028    program     static E:\Proyectos\PIC\IR (Control infrarojo)\IR.X\RETARDOS.inc
          RETARDO_5MICROS   0x000012    program     static E:\Proyectos\PIC\IR (Control infrarojo)\IR.X\RETARDOS.inc
              RETARDO_5MS   0x00002e    program     static E:\Proyectos\PIC\IR (Control infrarojo)\IR.X\RETARDOS.inc
               RETARDO_5S   0x000040    program     static E:\Proyectos\PIC\IR (Control infrarojo)\IR.X\RETARDOS.inc
            RMICROS_BUCLE   0x000021    program     static E:\Proyectos\PIC\IR (Control infrarojo)\IR.X\RETARDOS.inc
        Retardo_100micros   0x00006a    program     static E:\Proyectos\PIC\IR (Control infrarojo)\IR.X\RETARDOS_16MHZ.inc
      Retardo_100micros_0   0x00006c    program     static E:\Proyectos\PIC\IR (Control infrarojo)\IR.X\RETARDOS_16MHZ.inc
            Retardo_100ms   0x000089    program     static E:\Proyectos\PIC\IR (Control infrarojo)\IR.X\RETARDOS_16MHZ.inc
          Retardo_100ms_0   0x00008f    program     static E:\Proyectos\PIC\IR (Control infrarojo)\IR.X\RETARDOS_16MHZ.inc
             Retardo_10ms   0x0000ae    program     static E:\Proyectos\PIC\IR (Control infrarojo)\IR.X\RETARDOS_16MHZ.inc
           Retardo_10ms_0   0x0000b2    program     static E:\Proyectos\PIC\IR (Control infrarojo)\IR.X\RETARDOS_16MHZ.inc
              Retardo_10s   0x0000e8    program     static E:\Proyectos\PIC\IR (Control infrarojo)\IR.X\RETARDOS_16MHZ.inc
            Retardo_10s_0   0x0000ee    program     static E:\Proyectos\PIC\IR (Control infrarojo)\IR.X\RETARDOS_16MHZ.inc
              Retardo_1ms   0x0000cf    program     static E:\Proyectos\PIC\IR (Control infrarojo)\IR.X\RETARDOS_16MHZ.inc
            Retardo_1ms_0   0x0000d3    program     static E:\Proyectos\PIC\IR (Control infrarojo)\IR.X\RETARDOS_16MHZ.inc
               Retardo_1s   0x000116    program     static E:\Proyectos\PIC\IR (Control infrarojo)\IR.X\RETARDOS_16MHZ.inc
             Retardo_1s_0   0x00011c    program     static E:\Proyectos\PIC\IR (Control infrarojo)\IR.X\RETARDOS_16MHZ.inc
        Retardo_200micros   0x00005f    program     static E:\Proyectos\PIC\IR (Control infrarojo)\IR.X\RETARDOS_16MHZ.inc
      Retardo_200micros_0   0x000063    program     static E:\Proyectos\PIC\IR (Control infrarojo)\IR.X\RETARDOS_16MHZ.inc
            Retardo_200ms   0x00007a    program     static E:\Proyectos\PIC\IR (Control infrarojo)\IR.X\RETARDOS_16MHZ.inc
          Retardo_200ms_0   0x000080    program     static E:\Proyectos\PIC\IR (Control infrarojo)\IR.X\RETARDOS_16MHZ.inc
             Retardo_20ms   0x0000a3    program     static E:\Proyectos\PIC\IR (Control infrarojo)\IR.X\RETARDOS_16MHZ.inc
           Retardo_20ms_0   0x0000a7    program     static E:\Proyectos\PIC\IR (Control infrarojo)\IR.X\RETARDOS_16MHZ.inc
              Retardo_20s   0x0000da    program     static E:\Proyectos\PIC\IR (Control infrarojo)\IR.X\RETARDOS_16MHZ.inc
            Retardo_20s_0   0x0000e0    program     static E:\Proyectos\PIC\IR (Control infrarojo)\IR.X\RETARDOS_16MHZ.inc
              Retardo_2ms   0x0000c4    program     static E:\Proyectos\PIC\IR (Control infrarojo)\IR.X\RETARDOS_16MHZ.inc
            Retardo_2ms_0   0x0000c8    program     static E:\Proyectos\PIC\IR (Control infrarojo)\IR.X\RETARDOS_16MHZ.inc
              Retardo_30s   0x000131    program     static E:\Proyectos\PIC\IR (Control infrarojo)\IR.X\RETARDOS_16MHZ.inc
            Retardo_30s_0   0x000139    program     static E:\Proyectos\PIC\IR (Control infrarojo)\IR.X\RETARDOS_16MHZ.inc
         Retardo_50micros   0x000070    program     static E:\Proyectos\PIC\IR (Control infrarojo)\IR.X\RETARDOS_16MHZ.inc
       Retardo_50micros_0   0x000072    program     static E:\Proyectos\PIC\IR (Control infrarojo)\IR.X\RETARDOS_16MHZ.inc
             Retardo_50ms   0x000098    program     static E:\Proyectos\PIC\IR (Control infrarojo)\IR.X\RETARDOS_16MHZ.inc
           Retardo_50ms_0   0x00009c    program     static E:\Proyectos\PIC\IR (Control infrarojo)\IR.X\RETARDOS_16MHZ.inc
              Retardo_5ms   0x0000b9    program     static E:\Proyectos\PIC\IR (Control infrarojo)\IR.X\RETARDOS_16MHZ.inc
            Retardo_5ms_0   0x0000bd    program     static E:\Proyectos\PIC\IR (Control infrarojo)\IR.X\RETARDOS_16MHZ.inc
               Retardo_5s   0x0000f7    program     static E:\Proyectos\PIC\IR (Control infrarojo)\IR.X\RETARDOS_16MHZ.inc
             Retardo_5s_0   0x0000fd    program     static E:\Proyectos\PIC\IR (Control infrarojo)\IR.X\RETARDOS_16MHZ.inc
              Retardo_60s   0x000143    program     static E:\Proyectos\PIC\IR (Control infrarojo)\IR.X\RETARDOS_16MHZ.inc
            Retardo_60s_0   0x00014b    program     static E:\Proyectos\PIC\IR (Control infrarojo)\IR.X\RETARDOS_16MHZ.inc
                    SETUP   0x000000    program     static E:\Proyectos\PIC\IR (Control infrarojo)\IR.X\RECEPTOR_IR.asm
               SPACE_TIME   0x0001da    program     static E:\Proyectos\PIC\IR (Control infrarojo)\IR.X\IR.inc
                    START   0x000006    program     static E:\Proyectos\PIC\IR (Control infrarojo)\IR.X\RECEPTOR_IR.asm
             _.org_0_0059   0x000059    program     static E:\Proyectos\PIC\IR (Control infrarojo)\IR.X\RETARDOS_16MHZ.inc
             _.org_0_005C   0x00005c    program     static E:\Proyectos\PIC\IR (Control infrarojo)\IR.X\RETARDOS_16MHZ.inc
             _.org_0_0064   0x000064    program     static E:\Proyectos\PIC\IR (Control infrarojo)\IR.X\RETARDOS_16MHZ.inc
             _.org_0_0067   0x000067    program     static E:\Proyectos\PIC\IR (Control infrarojo)\IR.X\RETARDOS_16MHZ.inc
             _.org_0_006E   0x00006e    program     static E:\Proyectos\PIC\IR (Control infrarojo)\IR.X\RETARDOS_16MHZ.inc
             _.org_0_0081   0x000081    program     static E:\Proyectos\PIC\IR (Control infrarojo)\IR.X\RETARDOS_16MHZ.inc
             _.org_0_0083   0x000083    program     static E:\Proyectos\PIC\IR (Control infrarojo)\IR.X\RETARDOS_16MHZ.inc
             _.org_0_0086   0x000086    program     static E:\Proyectos\PIC\IR (Control infrarojo)\IR.X\RETARDOS_16MHZ.inc
             _.org_0_0090   0x000090    program     static E:\Proyectos\PIC\IR (Control infrarojo)\IR.X\RETARDOS_16MHZ.inc
             _.org_0_0092   0x000092    program     static E:\Proyectos\PIC\IR (Control infrarojo)\IR.X\RETARDOS_16MHZ.inc
             _.org_0_0095   0x000095    program     static E:\Proyectos\PIC\IR (Control infrarojo)\IR.X\RETARDOS_16MHZ.inc
             _.org_0_0096   0x000096    program     static E:\Proyectos\PIC\IR (Control infrarojo)\IR.X\RETARDOS_16MHZ.inc
             _.org_0_009D   0x00009d    program     static E:\Proyectos\PIC\IR (Control infrarojo)\IR.X\RETARDOS_16MHZ.inc
             _.org_0_00A0   0x0000a0    program     static E:\Proyectos\PIC\IR (Control infrarojo)\IR.X\RETARDOS_16MHZ.inc
             _.org_0_00A8   0x0000a8    program     static E:\Proyectos\PIC\IR (Control infrarojo)\IR.X\RETARDOS_16MHZ.inc
             _.org_0_00AB   0x0000ab    program     static E:\Proyectos\PIC\IR (Control infrarojo)\IR.X\RETARDOS_16MHZ.inc
             _.org_0_00B3   0x0000b3    program     static E:\Proyectos\PIC\IR (Control infrarojo)\IR.X\RETARDOS_16MHZ.inc
             _.org_0_00B6   0x0000b6    program     static E:\Proyectos\PIC\IR (Control infrarojo)\IR.X\RETARDOS_16MHZ.inc
             _.org_0_00BE   0x0000be    program     static E:\Proyectos\PIC\IR (Control infrarojo)\IR.X\RETARDOS_16MHZ.inc
             _.org_0_00C1   0x0000c1    program     static E:\Proyectos\PIC\IR (Control infrarojo)\IR.X\RETARDOS_16MHZ.inc
             _.org_0_00C9   0x0000c9    program     static E:\Proyectos\PIC\IR (Control infrarojo)\IR.X\RETARDOS_16MHZ.inc
             _.org_0_00CC   0x0000cc    program     static E:\Proyectos\PIC\IR (Control infrarojo)\IR.X\RETARDOS_16MHZ.inc
             _.org_0_00D4   0x0000d4    program     static E:\Proyectos\PIC\IR (Control infrarojo)\IR.X\RETARDOS_16MHZ.inc
             _.org_0_00D7   0x0000d7    program     static E:\Proyectos\PIC\IR (Control infrarojo)\IR.X\RETARDOS_16MHZ.inc
             _.org_0_00E1   0x0000e1    program     static E:\Proyectos\PIC\IR (Control infrarojo)\IR.X\RETARDOS_16MHZ.inc
             _.org_0_00E3   0x0000e3    program     static E:\Proyectos\PIC\IR (Control infrarojo)\IR.X\RETARDOS_16MHZ.inc
             _.org_0_00EF   0x0000ef    program     static E:\Proyectos\PIC\IR (Control infrarojo)\IR.X\RETARDOS_16MHZ.inc
             _.org_0_00F1   0x0000f1    program     static E:\Proyectos\PIC\IR (Control infrarojo)\IR.X\RETARDOS_16MHZ.inc
             _.org_0_00F4   0x0000f4    program     static E:\Proyectos\PIC\IR (Control infrarojo)\IR.X\RETARDOS_16MHZ.inc
             _.org_0_00FE   0x0000fe    program     static E:\Proyectos\PIC\IR (Control infrarojo)\IR.X\RETARDOS_16MHZ.inc
             _.org_0_0100   0x000100    program     static E:\Proyectos\PIC\IR (Control infrarojo)\IR.X\RETARDOS_16MHZ.inc
             _.org_0_0103   0x000103    program     static E:\Proyectos\PIC\IR (Control infrarojo)\IR.X\RETARDOS_16MHZ.inc
             _.org_0_0104   0x000104    program     static E:\Proyectos\PIC\IR (Control infrarojo)\IR.X\RETARDOS_16MHZ.inc
             _.org_0_010D   0x00010d    program     static E:\Proyectos\PIC\IR (Control infrarojo)\IR.X\RETARDOS_16MHZ.inc
             _.org_0_010F   0x00010f    program     static E:\Proyectos\PIC\IR (Control infrarojo)\IR.X\RETARDOS_16MHZ.inc
             _.org_0_0112   0x000112    program     static E:\Proyectos\PIC\IR (Control infrarojo)\IR.X\RETARDOS_16MHZ.inc
             _.org_0_0113   0x000113    program     static E:\Proyectos\PIC\IR (Control infrarojo)\IR.X\RETARDOS_16MHZ.inc
             _.org_0_0114   0x000114    program     static E:\Proyectos\PIC\IR (Control infrarojo)\IR.X\RETARDOS_16MHZ.inc
             _.org_0_011D   0x00011d    program     static E:\Proyectos\PIC\IR (Control infrarojo)\IR.X\RETARDOS_16MHZ.inc
             _.org_0_011F   0x00011f    program     static E:\Proyectos\PIC\IR (Control infrarojo)\IR.X\RETARDOS_16MHZ.inc
             _.org_0_0122   0x000122    program     static E:\Proyectos\PIC\IR (Control infrarojo)\IR.X\RETARDOS_16MHZ.inc
             _.org_0_012B   0x00012b    program     static E:\Proyectos\PIC\IR (Control infrarojo)\IR.X\RETARDOS_16MHZ.inc
             _.org_0_012D   0x00012d    program     static E:\Proyectos\PIC\IR (Control infrarojo)\IR.X\RETARDOS_16MHZ.inc
             _.org_0_013A   0x00013a    program     static E:\Proyectos\PIC\IR (Control infrarojo)\IR.X\RETARDOS_16MHZ.inc
             _.org_0_013C   0x00013c    program     static E:\Proyectos\PIC\IR (Control infrarojo)\IR.X\RETARDOS_16MHZ.inc
             _.org_0_013E   0x00013e    program     static E:\Proyectos\PIC\IR (Control infrarojo)\IR.X\RETARDOS_16MHZ.inc
             _.org_0_014C   0x00014c    program     static E:\Proyectos\PIC\IR (Control infrarojo)\IR.X\RETARDOS_16MHZ.inc
             _.org_0_014E   0x00014e    program     static E:\Proyectos\PIC\IR (Control infrarojo)\IR.X\RETARDOS_16MHZ.inc
             _.org_0_0150   0x000150    program     static E:\Proyectos\PIC\IR (Control infrarojo)\IR.X\RETARDOS_16MHZ.inc
             _.org_0_0153   0x000153    program     static E:\Proyectos\PIC\IR (Control infrarojo)\IR.X\RETARDOS_16MHZ.inc
             _.org_0_0154   0x000154    program     static E:\Proyectos\PIC\IR (Control infrarojo)\IR.X\RETARDOS_16MHZ.inc



                              Symbols - Sorted by Address
                     Name    Address   Location    Storage File                     
                ---------  ---------  ---------  --------- ---------                
                    SETUP   0x000000    program     static E:\Proyectos\PIC\IR (Control infrarojo)\IR.X\RECEPTOR_IR.asm
                    START   0x000006    program     static E:\Proyectos\PIC\IR (Control infrarojo)\IR.X\RECEPTOR_IR.asm
         RETARDO_12MICROS   0x00000b    program     static E:\Proyectos\PIC\IR (Control infrarojo)\IR.X\RETARDOS.inc
         RETARDO_10MICROS   0x00000d    program     static E:\Proyectos\PIC\IR (Control infrarojo)\IR.X\RETARDOS.inc
          RETARDO_5MICROS   0x000012    program     static E:\Proyectos\PIC\IR (Control infrarojo)\IR.X\RETARDOS.inc
          RETARDO_4MICROS   0x000013    program     static E:\Proyectos\PIC\IR (Control infrarojo)\IR.X\RETARDOS.inc
        RETARDO_500MICROS   0x000014    program     static E:\Proyectos\PIC\IR (Control infrarojo)\IR.X\RETARDOS.inc
        RETARDO_200MICROS   0x000017    program     static E:\Proyectos\PIC\IR (Control infrarojo)\IR.X\RETARDOS.inc
        RETARDO_100MICROS   0x00001a    program     static E:\Proyectos\PIC\IR (Control infrarojo)\IR.X\RETARDOS.inc
         RETARDO_50MICROS   0x00001c    program     static E:\Proyectos\PIC\IR (Control infrarojo)\IR.X\RETARDOS.inc
         RETARDO_20MICROS   0x00001f    program     static E:\Proyectos\PIC\IR (Control infrarojo)\IR.X\RETARDOS.inc
            RETARDOMICROS   0x000020    program     static E:\Proyectos\PIC\IR (Control infrarojo)\IR.X\RETARDOS.inc
            RMICROS_BUCLE   0x000021    program     static E:\Proyectos\PIC\IR (Control infrarojo)\IR.X\RETARDOS.inc
            RETARDO_200MS   0x000024    program     static E:\Proyectos\PIC\IR (Control infrarojo)\IR.X\RETARDOS.inc
            RETARDO_100MS   0x000026    program     static E:\Proyectos\PIC\IR (Control infrarojo)\IR.X\RETARDOS.inc
             RETARDO_50MS   0x000028    program     static E:\Proyectos\PIC\IR (Control infrarojo)\IR.X\RETARDOS.inc
             RETARDO_20MS   0x00002a    program     static E:\Proyectos\PIC\IR (Control infrarojo)\IR.X\RETARDOS.inc
             RETARDO_10MS   0x00002c    program     static E:\Proyectos\PIC\IR (Control infrarojo)\IR.X\RETARDOS.inc
              RETARDO_5MS   0x00002e    program     static E:\Proyectos\PIC\IR (Control infrarojo)\IR.X\RETARDOS.inc
              RETARDO_2MS   0x000030    program     static E:\Proyectos\PIC\IR (Control infrarojo)\IR.X\RETARDOS.inc
              RETARDO_1MS   0x000032    program     static E:\Proyectos\PIC\IR (Control infrarojo)\IR.X\RETARDOS.inc
              RETARDOS_MS   0x000033    program     static E:\Proyectos\PIC\IR (Control infrarojo)\IR.X\RETARDOS.inc
        R1MS_BUCLEEXTERNO   0x000034    program     static E:\Proyectos\PIC\IR (Control infrarojo)\IR.X\RETARDOS.inc
        R1MS_BUCLEINTERNO   0x000036    program     static E:\Proyectos\PIC\IR (Control infrarojo)\IR.X\RETARDOS.inc
              RETARDO_20S   0x00003c    program     static E:\Proyectos\PIC\IR (Control infrarojo)\IR.X\RETARDOS.inc
              RETARDO_10S   0x00003e    program     static E:\Proyectos\PIC\IR (Control infrarojo)\IR.X\RETARDOS.inc
               RETARDO_5S   0x000040    program     static E:\Proyectos\PIC\IR (Control infrarojo)\IR.X\RETARDOS.inc
               RETARDO_2S   0x000042    program     static E:\Proyectos\PIC\IR (Control infrarojo)\IR.X\RETARDOS.inc
               RETARDO_1S   0x000044    program     static E:\Proyectos\PIC\IR (Control infrarojo)\IR.X\RETARDOS.inc
            RETARDO_500MS   0x000046    program     static E:\Proyectos\PIC\IR (Control infrarojo)\IR.X\RETARDOS.inc
          RETARDO_1DECIMA   0x000047    program     static E:\Proyectos\PIC\IR (Control infrarojo)\IR.X\RETARDOS.inc
   R1DECIMA_BUCLEEXTERNO2   0x000048    program     static E:\Proyectos\PIC\IR (Control infrarojo)\IR.X\RETARDOS.inc
    R1DECIMA_BUCLEEXTERNO   0x00004a    program     static E:\Proyectos\PIC\IR (Control infrarojo)\IR.X\RETARDOS.inc
    R1DECIMA_BUCLEINTERNO   0x00004c    program     static E:\Proyectos\PIC\IR (Control infrarojo)\IR.X\RETARDOS.inc
     RETARDO_500MICROS_16   0x000054    program     static E:\Proyectos\PIC\IR (Control infrarojo)\IR.X\RETARDOS_16MHZ.inc
   RETARDO_500MICROS_16_0   0x000058    program     static E:\Proyectos\PIC\IR (Control infrarojo)\IR.X\RETARDOS_16MHZ.inc
             _.org_0_0059   0x000059    program     static E:\Proyectos\PIC\IR (Control infrarojo)\IR.X\RETARDOS_16MHZ.inc
             _.org_0_005C   0x00005c    program     static E:\Proyectos\PIC\IR (Control infrarojo)\IR.X\RETARDOS_16MHZ.inc
        Retardo_200micros   0x00005f    program     static E:\Proyectos\PIC\IR (Control infrarojo)\IR.X\RETARDOS_16MHZ.inc
      Retardo_200micros_0   0x000063    program     static E:\Proyectos\PIC\IR (Control infrarojo)\IR.X\RETARDOS_16MHZ.inc
             _.org_0_0064   0x000064    program     static E:\Proyectos\PIC\IR (Control infrarojo)\IR.X\RETARDOS_16MHZ.inc
             _.org_0_0067   0x000067    program     static E:\Proyectos\PIC\IR (Control infrarojo)\IR.X\RETARDOS_16MHZ.inc
        Retardo_100micros   0x00006a    program     static E:\Proyectos\PIC\IR (Control infrarojo)\IR.X\RETARDOS_16MHZ.inc
      Retardo_100micros_0   0x00006c    program     static E:\Proyectos\PIC\IR (Control infrarojo)\IR.X\RETARDOS_16MHZ.inc
             _.org_0_006E   0x00006e    program     static E:\Proyectos\PIC\IR (Control infrarojo)\IR.X\RETARDOS_16MHZ.inc
         Retardo_50micros   0x000070    program     static E:\Proyectos\PIC\IR (Control infrarojo)\IR.X\RETARDOS_16MHZ.inc
       Retardo_50micros_0   0x000072    program     static E:\Proyectos\PIC\IR (Control infrarojo)\IR.X\RETARDOS_16MHZ.inc
      RETARDO_20MICROS_16   0x000075    program     static E:\Proyectos\PIC\IR (Control infrarojo)\IR.X\RETARDOS_16MHZ.inc
    RETARDO_20MICROS_16_0   0x000077    program     static E:\Proyectos\PIC\IR (Control infrarojo)\IR.X\RETARDOS_16MHZ.inc
            Retardo_200ms   0x00007a    program     static E:\Proyectos\PIC\IR (Control infrarojo)\IR.X\RETARDOS_16MHZ.inc
          Retardo_200ms_0   0x000080    program     static E:\Proyectos\PIC\IR (Control infrarojo)\IR.X\RETARDOS_16MHZ.inc
             _.org_0_0081   0x000081    program     static E:\Proyectos\PIC\IR (Control infrarojo)\IR.X\RETARDOS_16MHZ.inc
             _.org_0_0083   0x000083    program     static E:\Proyectos\PIC\IR (Control infrarojo)\IR.X\RETARDOS_16MHZ.inc
             _.org_0_0086   0x000086    program     static E:\Proyectos\PIC\IR (Control infrarojo)\IR.X\RETARDOS_16MHZ.inc
            Retardo_100ms   0x000089    program     static E:\Proyectos\PIC\IR (Control infrarojo)\IR.X\RETARDOS_16MHZ.inc
          Retardo_100ms_0   0x00008f    program     static E:\Proyectos\PIC\IR (Control infrarojo)\IR.X\RETARDOS_16MHZ.inc
             _.org_0_0090   0x000090    program     static E:\Proyectos\PIC\IR (Control infrarojo)\IR.X\RETARDOS_16MHZ.inc
             _.org_0_0092   0x000092    program     static E:\Proyectos\PIC\IR (Control infrarojo)\IR.X\RETARDOS_16MHZ.inc
             _.org_0_0095   0x000095    program     static E:\Proyectos\PIC\IR (Control infrarojo)\IR.X\RETARDOS_16MHZ.inc
             _.org_0_0096   0x000096    program     static E:\Proyectos\PIC\IR (Control infrarojo)\IR.X\RETARDOS_16MHZ.inc
             Retardo_50ms   0x000098    program     static E:\Proyectos\PIC\IR (Control infrarojo)\IR.X\RETARDOS_16MHZ.inc
           Retardo_50ms_0   0x00009c    program     static E:\Proyectos\PIC\IR (Control infrarojo)\IR.X\RETARDOS_16MHZ.inc
             _.org_0_009D   0x00009d    program     static E:\Proyectos\PIC\IR (Control infrarojo)\IR.X\RETARDOS_16MHZ.inc
             _.org_0_00A0   0x0000a0    program     static E:\Proyectos\PIC\IR (Control infrarojo)\IR.X\RETARDOS_16MHZ.inc
             Retardo_20ms   0x0000a3    program     static E:\Proyectos\PIC\IR (Control infrarojo)\IR.X\RETARDOS_16MHZ.inc
           Retardo_20ms_0   0x0000a7    program     static E:\Proyectos\PIC\IR (Control infrarojo)\IR.X\RETARDOS_16MHZ.inc
             _.org_0_00A8   0x0000a8    program     static E:\Proyectos\PIC\IR (Control infrarojo)\IR.X\RETARDOS_16MHZ.inc
             _.org_0_00AB   0x0000ab    program     static E:\Proyectos\PIC\IR (Control infrarojo)\IR.X\RETARDOS_16MHZ.inc
             Retardo_10ms   0x0000ae    program     static E:\Proyectos\PIC\IR (Control infrarojo)\IR.X\RETARDOS_16MHZ.inc
           Retardo_10ms_0   0x0000b2    program     static E:\Proyectos\PIC\IR (Control infrarojo)\IR.X\RETARDOS_16MHZ.inc
             _.org_0_00B3   0x0000b3    program     static E:\Proyectos\PIC\IR (Control infrarojo)\IR.X\RETARDOS_16MHZ.inc
             _.org_0_00B6   0x0000b6    program     static E:\Proyectos\PIC\IR (Control infrarojo)\IR.X\RETARDOS_16MHZ.inc
              Retardo_5ms   0x0000b9    program     static E:\Proyectos\PIC\IR (Control infrarojo)\IR.X\RETARDOS_16MHZ.inc
            Retardo_5ms_0   0x0000bd    program     static E:\Proyectos\PIC\IR (Control infrarojo)\IR.X\RETARDOS_16MHZ.inc
             _.org_0_00BE   0x0000be    program     static E:\Proyectos\PIC\IR (Control infrarojo)\IR.X\RETARDOS_16MHZ.inc
             _.org_0_00C1   0x0000c1    program     static E:\Proyectos\PIC\IR (Control infrarojo)\IR.X\RETARDOS_16MHZ.inc
              Retardo_2ms   0x0000c4    program     static E:\Proyectos\PIC\IR (Control infrarojo)\IR.X\RETARDOS_16MHZ.inc
            Retardo_2ms_0   0x0000c8    program     static E:\Proyectos\PIC\IR (Control infrarojo)\IR.X\RETARDOS_16MHZ.inc
             _.org_0_00C9   0x0000c9    program     static E:\Proyectos\PIC\IR (Control infrarojo)\IR.X\RETARDOS_16MHZ.inc
             _.org_0_00CC   0x0000cc    program     static E:\Proyectos\PIC\IR (Control infrarojo)\IR.X\RETARDOS_16MHZ.inc
              Retardo_1ms   0x0000cf    program     static E:\Proyectos\PIC\IR (Control infrarojo)\IR.X\RETARDOS_16MHZ.inc
            Retardo_1ms_0   0x0000d3    program     static E:\Proyectos\PIC\IR (Control infrarojo)\IR.X\RETARDOS_16MHZ.inc
             _.org_0_00D4   0x0000d4    program     static E:\Proyectos\PIC\IR (Control infrarojo)\IR.X\RETARDOS_16MHZ.inc
             _.org_0_00D7   0x0000d7    program     static E:\Proyectos\PIC\IR (Control infrarojo)\IR.X\RETARDOS_16MHZ.inc
              Retardo_20s   0x0000da    program     static E:\Proyectos\PIC\IR (Control infrarojo)\IR.X\RETARDOS_16MHZ.inc
            Retardo_20s_0   0x0000e0    program     static E:\Proyectos\PIC\IR (Control infrarojo)\IR.X\RETARDOS_16MHZ.inc
             _.org_0_00E1   0x0000e1    program     static E:\Proyectos\PIC\IR (Control infrarojo)\IR.X\RETARDOS_16MHZ.inc
             _.org_0_00E3   0x0000e3    program     static E:\Proyectos\PIC\IR (Control infrarojo)\IR.X\RETARDOS_16MHZ.inc
              Retardo_10s   0x0000e8    program     static E:\Proyectos\PIC\IR (Control infrarojo)\IR.X\RETARDOS_16MHZ.inc
            Retardo_10s_0   0x0000ee    program     static E:\Proyectos\PIC\IR (Control infrarojo)\IR.X\RETARDOS_16MHZ.inc
             _.org_0_00EF   0x0000ef    program     static E:\Proyectos\PIC\IR (Control infrarojo)\IR.X\RETARDOS_16MHZ.inc
             _.org_0_00F1   0x0000f1    program     static E:\Proyectos\PIC\IR (Control infrarojo)\IR.X\RETARDOS_16MHZ.inc
             _.org_0_00F4   0x0000f4    program     static E:\Proyectos\PIC\IR (Control infrarojo)\IR.X\RETARDOS_16MHZ.inc
               Retardo_5s   0x0000f7    program     static E:\Proyectos\PIC\IR (Control infrarojo)\IR.X\RETARDOS_16MHZ.inc
             Retardo_5s_0   0x0000fd    program     static E:\Proyectos\PIC\IR (Control infrarojo)\IR.X\RETARDOS_16MHZ.inc
             _.org_0_00FE   0x0000fe    program     static E:\Proyectos\PIC\IR (Control infrarojo)\IR.X\RETARDOS_16MHZ.inc
             _.org_0_0100   0x000100    program     static E:\Proyectos\PIC\IR (Control infrarojo)\IR.X\RETARDOS_16MHZ.inc
             _.org_0_0103   0x000103    program     static E:\Proyectos\PIC\IR (Control infrarojo)\IR.X\RETARDOS_16MHZ.inc
             _.org_0_0104   0x000104    program     static E:\Proyectos\PIC\IR (Control infrarojo)\IR.X\RETARDOS_16MHZ.inc
            RETARDO_2S_16   0x000106    program     static E:\Proyectos\PIC\IR (Control infrarojo)\IR.X\RETARDOS_16MHZ.inc
          RETARDO_2S_16_0   0x00010c    program     static E:\Proyectos\PIC\IR (Control infrarojo)\IR.X\RETARDOS_16MHZ.inc
             _.org_0_010D   0x00010d    program     static E:\Proyectos\PIC\IR (Control infrarojo)\IR.X\RETARDOS_16MHZ.inc
             _.org_0_010F   0x00010f    program     static E:\Proyectos\PIC\IR (Control infrarojo)\IR.X\RETARDOS_16MHZ.inc
             _.org_0_0112   0x000112    program     static E:\Proyectos\PIC\IR (Control infrarojo)\IR.X\RETARDOS_16MHZ.inc
             _.org_0_0113   0x000113    program     static E:\Proyectos\PIC\IR (Control infrarojo)\IR.X\RETARDOS_16MHZ.inc
             _.org_0_0114   0x000114    program     static E:\Proyectos\PIC\IR (Control infrarojo)\IR.X\RETARDOS_16MHZ.inc
               Retardo_1s   0x000116    program     static E:\Proyectos\PIC\IR (Control infrarojo)\IR.X\RETARDOS_16MHZ.inc
             Retardo_1s_0   0x00011c    program     static E:\Proyectos\PIC\IR (Control infrarojo)\IR.X\RETARDOS_16MHZ.inc
             _.org_0_011D   0x00011d    program     static E:\Proyectos\PIC\IR (Control infrarojo)\IR.X\RETARDOS_16MHZ.inc
             _.org_0_011F   0x00011f    program     static E:\Proyectos\PIC\IR (Control infrarojo)\IR.X\RETARDOS_16MHZ.inc
             _.org_0_0122   0x000122    program     static E:\Proyectos\PIC\IR (Control infrarojo)\IR.X\RETARDOS_16MHZ.inc
         RETARDO_500MS_16   0x000124    program     static E:\Proyectos\PIC\IR (Control infrarojo)\IR.X\RETARDOS_16MHZ.inc
       RETARDO_500MS_16_0   0x00012a    program     static E:\Proyectos\PIC\IR (Control infrarojo)\IR.X\RETARDOS_16MHZ.inc
             _.org_0_012B   0x00012b    program     static E:\Proyectos\PIC\IR (Control infrarojo)\IR.X\RETARDOS_16MHZ.inc
             _.org_0_012D   0x00012d    program     static E:\Proyectos\PIC\IR (Control infrarojo)\IR.X\RETARDOS_16MHZ.inc
              Retardo_30s   0x000131    program     static E:\Proyectos\PIC\IR (Control infrarojo)\IR.X\RETARDOS_16MHZ.inc
            Retardo_30s_0   0x000139    program     static E:\Proyectos\PIC\IR (Control infrarojo)\IR.X\RETARDOS_16MHZ.inc
             _.org_0_013A   0x00013a    program     static E:\Proyectos\PIC\IR (Control infrarojo)\IR.X\RETARDOS_16MHZ.inc
             _.org_0_013C   0x00013c    program     static E:\Proyectos\PIC\IR (Control infrarojo)\IR.X\RETARDOS_16MHZ.inc
             _.org_0_013E   0x00013e    program     static E:\Proyectos\PIC\IR (Control infrarojo)\IR.X\RETARDOS_16MHZ.inc
              Retardo_60s   0x000143    program     static E:\Proyectos\PIC\IR (Control infrarojo)\IR.X\RETARDOS_16MHZ.inc
            Retardo_60s_0   0x00014b    program     static E:\Proyectos\PIC\IR (Control infrarojo)\IR.X\RETARDOS_16MHZ.inc
             _.org_0_014C   0x00014c    program     static E:\Proyectos\PIC\IR (Control infrarojo)\IR.X\RETARDOS_16MHZ.inc
             _.org_0_014E   0x00014e    program     static E:\Proyectos\PIC\IR (Control infrarojo)\IR.X\RETARDOS_16MHZ.inc
             _.org_0_0150   0x000150    program     static E:\Proyectos\PIC\IR (Control infrarojo)\IR.X\RETARDOS_16MHZ.inc
             _.org_0_0153   0x000153    program     static E:\Proyectos\PIC\IR (Control infrarojo)\IR.X\RETARDOS_16MHZ.inc
             _.org_0_0154   0x000154    program     static E:\Proyectos\PIC\IR (Control infrarojo)\IR.X\RETARDOS_16MHZ.inc
         ESCRIBIR_COMANDO   0x000156    program     static E:\Proyectos\PIC\IR (Control infrarojo)\IR.X\LCD.inc
        COMPROBAR_OCUPADO   0x000169    program     static E:\Proyectos\PIC\IR (Control infrarojo)\IR.X\LCD.inc
        ESCRIBIR_CARACTER   0x000189    program     static E:\Proyectos\PIC\IR (Control infrarojo)\IR.X\LCD.inc
INICIALIZACION_DE_PANTALLA   0x0001a0    program     static E:\Proyectos\PIC\IR (Control infrarojo)\IR.X\LCD.inc
                 IR_FLAGS   0x0001d7    program     static E:\Proyectos\PIC\IR (Control infrarojo)\IR.X\IR.inc
                CURR_TIME   0x0001d8    program     static E:\Proyectos\PIC\IR (Control infrarojo)\IR.X\IR.inc
               PULSE_TIME   0x0001d9    program     static E:\Proyectos\PIC\IR (Control infrarojo)\IR.X\IR.inc
               SPACE_TIME   0x0001da    program     static E:\Proyectos\PIC\IR (Control infrarojo)\IR.X\IR.inc
                REC_BYTE1   0x0001db    program     static E:\Proyectos\PIC\IR (Control infrarojo)\IR.X\IR.inc
                REC_BYTE2   0x0001dc    program     static E:\Proyectos\PIC\IR (Control infrarojo)\IR.X\IR.inc
                  COUNTER   0x0001dd    program     static E:\Proyectos\PIC\IR (Control infrarojo)\IR.X\IR.inc
               CONTADOR_2   0x0001de    program     static E:\Proyectos\PIC\IR (Control infrarojo)\IR.X\IR.inc
                  BITS_IR   0x0001df    program     static E:\Proyectos\PIC\IR (Control infrarojo)\IR.X\IR.inc
                  IRsetup   0x0001e0    program     static E:\Proyectos\PIC\IR (Control infrarojo)\IR.X\IR.inc
                IRcarrier   0x0001e6    program     static E:\Proyectos\PIC\IR (Control infrarojo)\IR.X\IR.inc
                    BUCLE   0x0001e9    program     static E:\Proyectos\PIC\IR (Control infrarojo)\IR.X\IR.inc
                    FINAL   0x0001f4    program     static E:\Proyectos\PIC\IR (Control infrarojo)\IR.X\IR.inc


