MPLINK 5.09, LINKER
Linker Map File - Created Wed Sep 09 20:31:39 2020

                                 Section Info
                  Section       Type    Address   Location Size(Bytes)
                ---------  ---------  ---------  ---------  ---------
                   .org_0       code   0x000000    program   0x0000be
                   .cinit    romdata   0x00005f    program   0x000004
.config_2007_BUILD/DEFAULT/PRODUCTION/IR.O       code   0x002007    program   0x000002
.config_2008_BUILD/DEFAULT/PRODUCTION/IR.O       code   0x002008    program   0x000002



                              Program Memory Usage 
                               Start         End      
                           ---------   ---------      
                            0x000000    0x000060      
                            0x002007    0x002008      
            99 out of 8455 program addresses used, program memory utilization is 1%



                              Symbols - Sorted by Name
                     Name    Address   Location    Storage File                     
                ---------  ---------  ---------  --------- ---------                
                  ACT_RLF   0x00000b    program     static E:\Proyectos\PIC\IR (Control infrarojo)\IR.X\IR.asm
                    BUCLE   0x000035    program     static E:\Proyectos\PIC\IR (Control infrarojo)\IR.X\IR.asm
               BUCLE_SEND   0x00004c    program     static E:\Proyectos\PIC\IR (Control infrarojo)\IR.X\IR.asm
                    ENVIO   0x00004f    program     static E:\Proyectos\PIC\IR (Control infrarojo)\IR.X\IR.asm
                    FINAL   0x000043    program     static E:\Proyectos\PIC\IR (Control infrarojo)\IR.X\IR.asm
                IRcarrier   0x000034    program     static E:\Proyectos\PIC\IR (Control infrarojo)\IR.X\IR.asm
                   IRsend   0x000045    program     static E:\Proyectos\PIC\IR (Control infrarojo)\IR.X\IR.asm
                      REC   0x000008    program     static E:\Proyectos\PIC\IR (Control infrarojo)\IR.X\IR.asm
               RETARDO_13   0x000039    program     static E:\Proyectos\PIC\IR (Control infrarojo)\IR.X\IR.asm
  RETARDO_13MICROS_16_0_1   0x00003b    program     static E:\Proyectos\PIC\IR (Control infrarojo)\IR.X\IR.asm
  RETARDO_13MICROS_16_0_2   0x000040    program     static E:\Proyectos\PIC\IR (Control infrarojo)\IR.X\IR.asm
    RETARDO_1686MICROS_16   0x00001d    program     static E:\Proyectos\PIC\IR (Control infrarojo)\IR.X\IR.asm
  RETARDO_1686MICROS_16_0   0x000020    program     static E:\Proyectos\PIC\IR (Control infrarojo)\IR.X\IR.asm
    RETARDO_4500MICROS_16   0x000029    program     static E:\Proyectos\PIC\IR (Control infrarojo)\IR.X\IR.asm
  RETARDO_4500MICROS_16_0   0x000031    program     static E:\Proyectos\PIC\IR (Control infrarojo)\IR.X\IR.asm
     RETARDO_562MICROS_16   0x000023    program     static E:\Proyectos\PIC\IR (Control infrarojo)\IR.X\IR.asm
   RETARDO_562MICROS_16_0   0x000026    program     static E:\Proyectos\PIC\IR (Control infrarojo)\IR.X\IR.asm
                 ROTACION   0x000054    program     static E:\Proyectos\PIC\IR (Control infrarojo)\IR.X\IR.asm
                   SEND_0   0x00005b    program     static E:\Proyectos\PIC\IR (Control infrarojo)\IR.X\IR.asm
                   SEND_1   0x000057    program     static E:\Proyectos\PIC\IR (Control infrarojo)\IR.X\IR.asm
                    SETUP   0x000000    program     static E:\Proyectos\PIC\IR (Control infrarojo)\IR.X\IR.asm



                              Symbols - Sorted by Address
                     Name    Address   Location    Storage File                     
                ---------  ---------  ---------  --------- ---------                
                    SETUP   0x000000    program     static E:\Proyectos\PIC\IR (Control infrarojo)\IR.X\IR.asm
                      REC   0x000008    program     static E:\Proyectos\PIC\IR (Control infrarojo)\IR.X\IR.asm
                  ACT_RLF   0x00000b    program     static E:\Proyectos\PIC\IR (Control infrarojo)\IR.X\IR.asm
    RETARDO_1686MICROS_16   0x00001d    program     static E:\Proyectos\PIC\IR (Control infrarojo)\IR.X\IR.asm
  RETARDO_1686MICROS_16_0   0x000020    program     static E:\Proyectos\PIC\IR (Control infrarojo)\IR.X\IR.asm
     RETARDO_562MICROS_16   0x000023    program     static E:\Proyectos\PIC\IR (Control infrarojo)\IR.X\IR.asm
   RETARDO_562MICROS_16_0   0x000026    program     static E:\Proyectos\PIC\IR (Control infrarojo)\IR.X\IR.asm
    RETARDO_4500MICROS_16   0x000029    program     static E:\Proyectos\PIC\IR (Control infrarojo)\IR.X\IR.asm
  RETARDO_4500MICROS_16_0   0x000031    program     static E:\Proyectos\PIC\IR (Control infrarojo)\IR.X\IR.asm
                IRcarrier   0x000034    program     static E:\Proyectos\PIC\IR (Control infrarojo)\IR.X\IR.asm
                    BUCLE   0x000035    program     static E:\Proyectos\PIC\IR (Control infrarojo)\IR.X\IR.asm
               RETARDO_13   0x000039    program     static E:\Proyectos\PIC\IR (Control infrarojo)\IR.X\IR.asm
  RETARDO_13MICROS_16_0_1   0x00003b    program     static E:\Proyectos\PIC\IR (Control infrarojo)\IR.X\IR.asm
  RETARDO_13MICROS_16_0_2   0x000040    program     static E:\Proyectos\PIC\IR (Control infrarojo)\IR.X\IR.asm
                    FINAL   0x000043    program     static E:\Proyectos\PIC\IR (Control infrarojo)\IR.X\IR.asm
                   IRsend   0x000045    program     static E:\Proyectos\PIC\IR (Control infrarojo)\IR.X\IR.asm
               BUCLE_SEND   0x00004c    program     static E:\Proyectos\PIC\IR (Control infrarojo)\IR.X\IR.asm
                    ENVIO   0x00004f    program     static E:\Proyectos\PIC\IR (Control infrarojo)\IR.X\IR.asm
                 ROTACION   0x000054    program     static E:\Proyectos\PIC\IR (Control infrarojo)\IR.X\IR.asm
                   SEND_1   0x000057    program     static E:\Proyectos\PIC\IR (Control infrarojo)\IR.X\IR.asm
                   SEND_0   0x00005b    program     static E:\Proyectos\PIC\IR (Control infrarojo)\IR.X\IR.asm


