MPLINK 5.09, LINKER
Linker Map File - Created Fri Aug 21 02:13:19 2020

                                 Section Info
                  Section       Type    Address   Location Size(Bytes)
                ---------  ---------  ---------  ---------  ---------
                   .org_0       code   0x000000    program   0x000402
                   .cinit    romdata   0x000201    program   0x000004
.config_2007_BUILD/DEFAULT/PRODUCTION/RECEPTO       code   0x002007    program   0x000002
.config_2008_BUILD/DEFAULT/PRODUCTION/RECEPTO       code   0x002008    program   0x000002



                              Program Memory Usage 
                               Start         End      
                           ---------   ---------      
                            0x000000    0x000202      
                            0x002007    0x002008      
            517 out of 8455 program addresses used, program memory utilization is 6%



                              Symbols - Sorted by Name
                     Name    Address   Location    Storage File                     
                ---------  ---------  ---------  --------- ---------                
                  BITS_IR   0x0001ea    program     static E:\Proyectos\PIC\IR (Control infrarojo)\IR.X\IR.inc
                    BUCLE   0x0001f4    program     static E:\Proyectos\PIC\IR (Control infrarojo)\IR.X\IR.inc
        COMPROBAR_OCUPADO   0x000174    program     static E:\Proyectos\PIC\IR (Control infrarojo)\IR.X\LCD.inc
               CONTADOR_2   0x0001e9    program     static E:\Proyectos\PIC\IR (Control infrarojo)\IR.X\IR.inc
                  COUNTER   0x0001e8    program     static E:\Proyectos\PIC\IR (Control infrarojo)\IR.X\IR.inc
                CURR_TIME   0x0001e3    program     static E:\Proyectos\PIC\IR (Control infrarojo)\IR.X\IR.inc
        ESCRIBIR_CARACTER   0x000194    program     static E:\Proyectos\PIC\IR (Control infrarojo)\IR.X\LCD.inc
         ESCRIBIR_COMANDO   0x000161    program     static E:\Proyectos\PIC\IR (Control infrarojo)\IR.X\LCD.inc
                    FINAL   0x0001ff    program     static E:\Proyectos\PIC\IR (Control infrarojo)\IR.X\IR.inc
INICIALIZACION_DE_PANTALLA   0x0001ab    program     static E:\Proyectos\PIC\IR (Control infrarojo)\IR.X\LCD.inc
                 IR_FLAGS   0x0001e2    program     static E:\Proyectos\PIC\IR (Control infrarojo)\IR.X\IR.inc
                IRcarrier   0x0001f1    program     static E:\Proyectos\PIC\IR (Control infrarojo)\IR.X\IR.inc
                   IRsend   0x000201    program     static E:\Proyectos\PIC\IR (Control infrarojo)\IR.X\IR.inc
                  IRsetup   0x0001eb    program     static E:\Proyectos\PIC\IR (Control infrarojo)\IR.X\IR.inc
               PULSE_TIME   0x0001e4    program     static E:\Proyectos\PIC\IR (Control infrarojo)\IR.X\IR.inc
    R1DECIMA_BUCLEEXTERNO   0x000050    program     static E:\Proyectos\PIC\IR (Control infrarojo)\IR.X\RETARDOS.inc
   R1DECIMA_BUCLEEXTERNO2   0x00004e    program     static E:\Proyectos\PIC\IR (Control infrarojo)\IR.X\RETARDOS.inc
    R1DECIMA_BUCLEINTERNO   0x000052    program     static E:\Proyectos\PIC\IR (Control infrarojo)\IR.X\RETARDOS.inc
        R1MS_BUCLEEXTERNO   0x00003a    program     static E:\Proyectos\PIC\IR (Control infrarojo)\IR.X\RETARDOS.inc
        R1MS_BUCLEINTERNO   0x00003c    program     static E:\Proyectos\PIC\IR (Control infrarojo)\IR.X\RETARDOS.inc
                REC_BYTE1   0x0001e6    program     static E:\Proyectos\PIC\IR (Control infrarojo)\IR.X\IR.inc
                REC_BYTE2   0x0001e7    program     static E:\Proyectos\PIC\IR (Control infrarojo)\IR.X\IR.inc
            RETARDOMICROS   0x000026    program     static E:\Proyectos\PIC\IR (Control infrarojo)\IR.X\RETARDOS.inc
              RETARDOS_MS   0x000039    program     static E:\Proyectos\PIC\IR (Control infrarojo)\IR.X\RETARDOS.inc
        RETARDO_100MICROS   0x000020    program     static E:\Proyectos\PIC\IR (Control infrarojo)\IR.X\RETARDOS.inc
            RETARDO_100MS   0x00002c    program     static E:\Proyectos\PIC\IR (Control infrarojo)\IR.X\RETARDOS.inc
         RETARDO_10MICROS   0x000013    program     static E:\Proyectos\PIC\IR (Control infrarojo)\IR.X\RETARDOS.inc
             RETARDO_10MS   0x000032    program     static E:\Proyectos\PIC\IR (Control infrarojo)\IR.X\RETARDOS.inc
              RETARDO_10S   0x000044    program     static E:\Proyectos\PIC\IR (Control infrarojo)\IR.X\RETARDOS.inc
         RETARDO_12MICROS   0x000011    program     static E:\Proyectos\PIC\IR (Control infrarojo)\IR.X\RETARDOS.inc
      RETARDO_13MICROS_16   0x000080    program     static E:\Proyectos\PIC\IR (Control infrarojo)\IR.X\RETARDOS_16MHZ.inc
    RETARDO_13MICROS_16_0   0x000082    program     static E:\Proyectos\PIC\IR (Control infrarojo)\IR.X\RETARDOS_16MHZ.inc
          RETARDO_1DECIMA   0x00004d    program     static E:\Proyectos\PIC\IR (Control infrarojo)\IR.X\RETARDOS.inc
              RETARDO_1MS   0x000038    program     static E:\Proyectos\PIC\IR (Control infrarojo)\IR.X\RETARDOS.inc
               RETARDO_1S   0x00004a    program     static E:\Proyectos\PIC\IR (Control infrarojo)\IR.X\RETARDOS.inc
        RETARDO_200MICROS   0x00001d    program     static E:\Proyectos\PIC\IR (Control infrarojo)\IR.X\RETARDOS.inc
            RETARDO_200MS   0x00002a    program     static E:\Proyectos\PIC\IR (Control infrarojo)\IR.X\RETARDOS.inc
         RETARDO_20MICROS   0x000025    program     static E:\Proyectos\PIC\IR (Control infrarojo)\IR.X\RETARDOS.inc
      RETARDO_20MICROS_16   0x00007b    program     static E:\Proyectos\PIC\IR (Control infrarojo)\IR.X\RETARDOS_16MHZ.inc
    RETARDO_20MICROS_16_0   0x00007d    program     static E:\Proyectos\PIC\IR (Control infrarojo)\IR.X\RETARDOS_16MHZ.inc
             RETARDO_20MS   0x000030    program     static E:\Proyectos\PIC\IR (Control infrarojo)\IR.X\RETARDOS.inc
              RETARDO_20S   0x000042    program     static E:\Proyectos\PIC\IR (Control infrarojo)\IR.X\RETARDOS.inc
              RETARDO_2MS   0x000036    program     static E:\Proyectos\PIC\IR (Control infrarojo)\IR.X\RETARDOS.inc
               RETARDO_2S   0x000048    program     static E:\Proyectos\PIC\IR (Control infrarojo)\IR.X\RETARDOS.inc
            RETARDO_2S_16   0x000111    program     static E:\Proyectos\PIC\IR (Control infrarojo)\IR.X\RETARDOS_16MHZ.inc
          RETARDO_2S_16_0   0x000117    program     static E:\Proyectos\PIC\IR (Control infrarojo)\IR.X\RETARDOS_16MHZ.inc
          RETARDO_4MICROS   0x000019    program     static E:\Proyectos\PIC\IR (Control infrarojo)\IR.X\RETARDOS.inc
        RETARDO_500MICROS   0x00001a    program     static E:\Proyectos\PIC\IR (Control infrarojo)\IR.X\RETARDOS.inc
     RETARDO_500MICROS_16   0x00005a    program     static E:\Proyectos\PIC\IR (Control infrarojo)\IR.X\RETARDOS_16MHZ.inc
   RETARDO_500MICROS_16_0   0x00005e    program     static E:\Proyectos\PIC\IR (Control infrarojo)\IR.X\RETARDOS_16MHZ.inc
            RETARDO_500MS   0x00004c    program     static E:\Proyectos\PIC\IR (Control infrarojo)\IR.X\RETARDOS.inc
         RETARDO_500MS_16   0x00012f    program     static E:\Proyectos\PIC\IR (Control infrarojo)\IR.X\RETARDOS_16MHZ.inc
       RETARDO_500MS_16_0   0x000135    program     static E:\Proyectos\PIC\IR (Control infrarojo)\IR.X\RETARDOS_16MHZ.inc
         RETARDO_50MICROS   0x000022    program     static E:\Proyectos\PIC\IR (Control infrarojo)\IR.X\RETARDOS.inc
             RETARDO_50MS   0x00002e    program     static E:\Proyectos\PIC\IR (Control infrarojo)\IR.X\RETARDOS.inc
          RETARDO_5MICROS   0x000018    program     static E:\Proyectos\PIC\IR (Control infrarojo)\IR.X\RETARDOS.inc
              RETARDO_5MS   0x000034    program     static E:\Proyectos\PIC\IR (Control infrarojo)\IR.X\RETARDOS.inc
               RETARDO_5S   0x000046    program     static E:\Proyectos\PIC\IR (Control infrarojo)\IR.X\RETARDOS.inc
            RMICROS_BUCLE   0x000027    program     static E:\Proyectos\PIC\IR (Control infrarojo)\IR.X\RETARDOS.inc
        Retardo_100micros   0x000070    program     static E:\Proyectos\PIC\IR (Control infrarojo)\IR.X\RETARDOS_16MHZ.inc
      Retardo_100micros_0   0x000072    program     static E:\Proyectos\PIC\IR (Control infrarojo)\IR.X\RETARDOS_16MHZ.inc
            Retardo_100ms   0x000094    program     static E:\Proyectos\PIC\IR (Control infrarojo)\IR.X\RETARDOS_16MHZ.inc
          Retardo_100ms_0   0x00009a    program     static E:\Proyectos\PIC\IR (Control infrarojo)\IR.X\RETARDOS_16MHZ.inc
             Retardo_10ms   0x0000b9    program     static E:\Proyectos\PIC\IR (Control infrarojo)\IR.X\RETARDOS_16MHZ.inc
           Retardo_10ms_0   0x0000bd    program     static E:\Proyectos\PIC\IR (Control infrarojo)\IR.X\RETARDOS_16MHZ.inc
              Retardo_10s   0x0000f3    program     static E:\Proyectos\PIC\IR (Control infrarojo)\IR.X\RETARDOS_16MHZ.inc
            Retardo_10s_0   0x0000f9    program     static E:\Proyectos\PIC\IR (Control infrarojo)\IR.X\RETARDOS_16MHZ.inc
              Retardo_1ms   0x0000da    program     static E:\Proyectos\PIC\IR (Control infrarojo)\IR.X\RETARDOS_16MHZ.inc
            Retardo_1ms_0   0x0000de    program     static E:\Proyectos\PIC\IR (Control infrarojo)\IR.X\RETARDOS_16MHZ.inc
               Retardo_1s   0x000121    program     static E:\Proyectos\PIC\IR (Control infrarojo)\IR.X\RETARDOS_16MHZ.inc
             Retardo_1s_0   0x000127    program     static E:\Proyectos\PIC\IR (Control infrarojo)\IR.X\RETARDOS_16MHZ.inc
        Retardo_200micros   0x000065    program     static E:\Proyectos\PIC\IR (Control infrarojo)\IR.X\RETARDOS_16MHZ.inc
      Retardo_200micros_0   0x000069    program     static E:\Proyectos\PIC\IR (Control infrarojo)\IR.X\RETARDOS_16MHZ.inc
            Retardo_200ms   0x000085    program     static E:\Proyectos\PIC\IR (Control infrarojo)\IR.X\RETARDOS_16MHZ.inc
          Retardo_200ms_0   0x00008b    program     static E:\Proyectos\PIC\IR (Control infrarojo)\IR.X\RETARDOS_16MHZ.inc
             Retardo_20ms   0x0000ae    program     static E:\Proyectos\PIC\IR (Control infrarojo)\IR.X\RETARDOS_16MHZ.inc
           Retardo_20ms_0   0x0000b2    program     static E:\Proyectos\PIC\IR (Control infrarojo)\IR.X\RETARDOS_16MHZ.inc
              Retardo_20s   0x0000e5    program     static E:\Proyectos\PIC\IR (Control infrarojo)\IR.X\RETARDOS_16MHZ.inc
            Retardo_20s_0   0x0000eb    program     static E:\Proyectos\PIC\IR (Control infrarojo)\IR.X\RETARDOS_16MHZ.inc
              Retardo_2ms   0x0000cf    program     static E:\Proyectos\PIC\IR (Control infrarojo)\IR.X\RETARDOS_16MHZ.inc
            Retardo_2ms_0   0x0000d3    program     static E:\Proyectos\PIC\IR (Control infrarojo)\IR.X\RETARDOS_16MHZ.inc
              Retardo_30s   0x00013c    program     static E:\Proyectos\PIC\IR (Control infrarojo)\IR.X\RETARDOS_16MHZ.inc
            Retardo_30s_0   0x000144    program     static E:\Proyectos\PIC\IR (Control infrarojo)\IR.X\RETARDOS_16MHZ.inc
         Retardo_50micros   0x000076    program     static E:\Proyectos\PIC\IR (Control infrarojo)\IR.X\RETARDOS_16MHZ.inc
       Retardo_50micros_0   0x000078    program     static E:\Proyectos\PIC\IR (Control infrarojo)\IR.X\RETARDOS_16MHZ.inc
             Retardo_50ms   0x0000a3    program     static E:\Proyectos\PIC\IR (Control infrarojo)\IR.X\RETARDOS_16MHZ.inc
           Retardo_50ms_0   0x0000a7    program     static E:\Proyectos\PIC\IR (Control infrarojo)\IR.X\RETARDOS_16MHZ.inc
              Retardo_5ms   0x0000c4    program     static E:\Proyectos\PIC\IR (Control infrarojo)\IR.X\RETARDOS_16MHZ.inc
            Retardo_5ms_0   0x0000c8    program     static E:\Proyectos\PIC\IR (Control infrarojo)\IR.X\RETARDOS_16MHZ.inc
               Retardo_5s   0x000102    program     static E:\Proyectos\PIC\IR (Control infrarojo)\IR.X\RETARDOS_16MHZ.inc
             Retardo_5s_0   0x000108    program     static E:\Proyectos\PIC\IR (Control infrarojo)\IR.X\RETARDOS_16MHZ.inc
              Retardo_60s   0x00014e    program     static E:\Proyectos\PIC\IR (Control infrarojo)\IR.X\RETARDOS_16MHZ.inc
            Retardo_60s_0   0x000156    program     static E:\Proyectos\PIC\IR (Control infrarojo)\IR.X\RETARDOS_16MHZ.inc
                    SETUP   0x000000    program     static E:\Proyectos\PIC\IR (Control infrarojo)\IR.X\RECEPTOR_IR.asm
               SPACE_TIME   0x0001e5    program     static E:\Proyectos\PIC\IR (Control infrarojo)\IR.X\IR.inc
                    START   0x00000c    program     static E:\Proyectos\PIC\IR (Control infrarojo)\IR.X\RECEPTOR_IR.asm
             _.org_0_005F   0x00005f    program     static E:\Proyectos\PIC\IR (Control infrarojo)\IR.X\RETARDOS_16MHZ.inc
             _.org_0_0062   0x000062    program     static E:\Proyectos\PIC\IR (Control infrarojo)\IR.X\RETARDOS_16MHZ.inc
             _.org_0_006A   0x00006a    program     static E:\Proyectos\PIC\IR (Control infrarojo)\IR.X\RETARDOS_16MHZ.inc
             _.org_0_006D   0x00006d    program     static E:\Proyectos\PIC\IR (Control infrarojo)\IR.X\RETARDOS_16MHZ.inc
             _.org_0_0074   0x000074    program     static E:\Proyectos\PIC\IR (Control infrarojo)\IR.X\RETARDOS_16MHZ.inc
             _.org_0_008C   0x00008c    program     static E:\Proyectos\PIC\IR (Control infrarojo)\IR.X\RETARDOS_16MHZ.inc
             _.org_0_008E   0x00008e    program     static E:\Proyectos\PIC\IR (Control infrarojo)\IR.X\RETARDOS_16MHZ.inc
             _.org_0_0091   0x000091    program     static E:\Proyectos\PIC\IR (Control infrarojo)\IR.X\RETARDOS_16MHZ.inc
             _.org_0_009B   0x00009b    program     static E:\Proyectos\PIC\IR (Control infrarojo)\IR.X\RETARDOS_16MHZ.inc
             _.org_0_009D   0x00009d    program     static E:\Proyectos\PIC\IR (Control infrarojo)\IR.X\RETARDOS_16MHZ.inc
             _.org_0_00A0   0x0000a0    program     static E:\Proyectos\PIC\IR (Control infrarojo)\IR.X\RETARDOS_16MHZ.inc
             _.org_0_00A1   0x0000a1    program     static E:\Proyectos\PIC\IR (Control infrarojo)\IR.X\RETARDOS_16MHZ.inc
             _.org_0_00A8   0x0000a8    program     static E:\Proyectos\PIC\IR (Control infrarojo)\IR.X\RETARDOS_16MHZ.inc
             _.org_0_00AB   0x0000ab    program     static E:\Proyectos\PIC\IR (Control infrarojo)\IR.X\RETARDOS_16MHZ.inc
             _.org_0_00B3   0x0000b3    program     static E:\Proyectos\PIC\IR (Control infrarojo)\IR.X\RETARDOS_16MHZ.inc
             _.org_0_00B6   0x0000b6    program     static E:\Proyectos\PIC\IR (Control infrarojo)\IR.X\RETARDOS_16MHZ.inc
             _.org_0_00BE   0x0000be    program     static E:\Proyectos\PIC\IR (Control infrarojo)\IR.X\RETARDOS_16MHZ.inc
             _.org_0_00C1   0x0000c1    program     static E:\Proyectos\PIC\IR (Control infrarojo)\IR.X\RETARDOS_16MHZ.inc
             _.org_0_00C9   0x0000c9    program     static E:\Proyectos\PIC\IR (Control infrarojo)\IR.X\RETARDOS_16MHZ.inc
             _.org_0_00CC   0x0000cc    program     static E:\Proyectos\PIC\IR (Control infrarojo)\IR.X\RETARDOS_16MHZ.inc
             _.org_0_00D4   0x0000d4    program     static E:\Proyectos\PIC\IR (Control infrarojo)\IR.X\RETARDOS_16MHZ.inc
             _.org_0_00D7   0x0000d7    program     static E:\Proyectos\PIC\IR (Control infrarojo)\IR.X\RETARDOS_16MHZ.inc
             _.org_0_00DF   0x0000df    program     static E:\Proyectos\PIC\IR (Control infrarojo)\IR.X\RETARDOS_16MHZ.inc
             _.org_0_00E2   0x0000e2    program     static E:\Proyectos\PIC\IR (Control infrarojo)\IR.X\RETARDOS_16MHZ.inc
             _.org_0_00EC   0x0000ec    program     static E:\Proyectos\PIC\IR (Control infrarojo)\IR.X\RETARDOS_16MHZ.inc
             _.org_0_00EE   0x0000ee    program     static E:\Proyectos\PIC\IR (Control infrarojo)\IR.X\RETARDOS_16MHZ.inc
             _.org_0_00FA   0x0000fa    program     static E:\Proyectos\PIC\IR (Control infrarojo)\IR.X\RETARDOS_16MHZ.inc
             _.org_0_00FC   0x0000fc    program     static E:\Proyectos\PIC\IR (Control infrarojo)\IR.X\RETARDOS_16MHZ.inc
             _.org_0_00FF   0x0000ff    program     static E:\Proyectos\PIC\IR (Control infrarojo)\IR.X\RETARDOS_16MHZ.inc
             _.org_0_0109   0x000109    program     static E:\Proyectos\PIC\IR (Control infrarojo)\IR.X\RETARDOS_16MHZ.inc
             _.org_0_010B   0x00010b    program     static E:\Proyectos\PIC\IR (Control infrarojo)\IR.X\RETARDOS_16MHZ.inc
             _.org_0_010E   0x00010e    program     static E:\Proyectos\PIC\IR (Control infrarojo)\IR.X\RETARDOS_16MHZ.inc
             _.org_0_010F   0x00010f    program     static E:\Proyectos\PIC\IR (Control infrarojo)\IR.X\RETARDOS_16MHZ.inc
             _.org_0_0118   0x000118    program     static E:\Proyectos\PIC\IR (Control infrarojo)\IR.X\RETARDOS_16MHZ.inc
             _.org_0_011A   0x00011a    program     static E:\Proyectos\PIC\IR (Control infrarojo)\IR.X\RETARDOS_16MHZ.inc
             _.org_0_011D   0x00011d    program     static E:\Proyectos\PIC\IR (Control infrarojo)\IR.X\RETARDOS_16MHZ.inc
             _.org_0_011E   0x00011e    program     static E:\Proyectos\PIC\IR (Control infrarojo)\IR.X\RETARDOS_16MHZ.inc
             _.org_0_011F   0x00011f    program     static E:\Proyectos\PIC\IR (Control infrarojo)\IR.X\RETARDOS_16MHZ.inc
             _.org_0_0128   0x000128    program     static E:\Proyectos\PIC\IR (Control infrarojo)\IR.X\RETARDOS_16MHZ.inc
             _.org_0_012A   0x00012a    program     static E:\Proyectos\PIC\IR (Control infrarojo)\IR.X\RETARDOS_16MHZ.inc
             _.org_0_012D   0x00012d    program     static E:\Proyectos\PIC\IR (Control infrarojo)\IR.X\RETARDOS_16MHZ.inc
             _.org_0_0136   0x000136    program     static E:\Proyectos\PIC\IR (Control infrarojo)\IR.X\RETARDOS_16MHZ.inc
             _.org_0_0138   0x000138    program     static E:\Proyectos\PIC\IR (Control infrarojo)\IR.X\RETARDOS_16MHZ.inc
             _.org_0_0145   0x000145    program     static E:\Proyectos\PIC\IR (Control infrarojo)\IR.X\RETARDOS_16MHZ.inc
             _.org_0_0147   0x000147    program     static E:\Proyectos\PIC\IR (Control infrarojo)\IR.X\RETARDOS_16MHZ.inc
             _.org_0_0149   0x000149    program     static E:\Proyectos\PIC\IR (Control infrarojo)\IR.X\RETARDOS_16MHZ.inc
             _.org_0_0157   0x000157    program     static E:\Proyectos\PIC\IR (Control infrarojo)\IR.X\RETARDOS_16MHZ.inc
             _.org_0_0159   0x000159    program     static E:\Proyectos\PIC\IR (Control infrarojo)\IR.X\RETARDOS_16MHZ.inc
             _.org_0_015B   0x00015b    program     static E:\Proyectos\PIC\IR (Control infrarojo)\IR.X\RETARDOS_16MHZ.inc
             _.org_0_015E   0x00015e    program     static E:\Proyectos\PIC\IR (Control infrarojo)\IR.X\RETARDOS_16MHZ.inc
             _.org_0_015F   0x00015f    program     static E:\Proyectos\PIC\IR (Control infrarojo)\IR.X\RETARDOS_16MHZ.inc



                              Symbols - Sorted by Address
                     Name    Address   Location    Storage File                     
                ---------  ---------  ---------  --------- ---------                
                    SETUP   0x000000    program     static E:\Proyectos\PIC\IR (Control infrarojo)\IR.X\RECEPTOR_IR.asm
                    START   0x00000c    program     static E:\Proyectos\PIC\IR (Control infrarojo)\IR.X\RECEPTOR_IR.asm
         RETARDO_12MICROS   0x000011    program     static E:\Proyectos\PIC\IR (Control infrarojo)\IR.X\RETARDOS.inc
         RETARDO_10MICROS   0x000013    program     static E:\Proyectos\PIC\IR (Control infrarojo)\IR.X\RETARDOS.inc
          RETARDO_5MICROS   0x000018    program     static E:\Proyectos\PIC\IR (Control infrarojo)\IR.X\RETARDOS.inc
          RETARDO_4MICROS   0x000019    program     static E:\Proyectos\PIC\IR (Control infrarojo)\IR.X\RETARDOS.inc
        RETARDO_500MICROS   0x00001a    program     static E:\Proyectos\PIC\IR (Control infrarojo)\IR.X\RETARDOS.inc
        RETARDO_200MICROS   0x00001d    program     static E:\Proyectos\PIC\IR (Control infrarojo)\IR.X\RETARDOS.inc
        RETARDO_100MICROS   0x000020    program     static E:\Proyectos\PIC\IR (Control infrarojo)\IR.X\RETARDOS.inc
         RETARDO_50MICROS   0x000022    program     static E:\Proyectos\PIC\IR (Control infrarojo)\IR.X\RETARDOS.inc
         RETARDO_20MICROS   0x000025    program     static E:\Proyectos\PIC\IR (Control infrarojo)\IR.X\RETARDOS.inc
            RETARDOMICROS   0x000026    program     static E:\Proyectos\PIC\IR (Control infrarojo)\IR.X\RETARDOS.inc
            RMICROS_BUCLE   0x000027    program     static E:\Proyectos\PIC\IR (Control infrarojo)\IR.X\RETARDOS.inc
            RETARDO_200MS   0x00002a    program     static E:\Proyectos\PIC\IR (Control infrarojo)\IR.X\RETARDOS.inc
            RETARDO_100MS   0x00002c    program     static E:\Proyectos\PIC\IR (Control infrarojo)\IR.X\RETARDOS.inc
             RETARDO_50MS   0x00002e    program     static E:\Proyectos\PIC\IR (Control infrarojo)\IR.X\RETARDOS.inc
             RETARDO_20MS   0x000030    program     static E:\Proyectos\PIC\IR (Control infrarojo)\IR.X\RETARDOS.inc
             RETARDO_10MS   0x000032    program     static E:\Proyectos\PIC\IR (Control infrarojo)\IR.X\RETARDOS.inc
              RETARDO_5MS   0x000034    program     static E:\Proyectos\PIC\IR (Control infrarojo)\IR.X\RETARDOS.inc
              RETARDO_2MS   0x000036    program     static E:\Proyectos\PIC\IR (Control infrarojo)\IR.X\RETARDOS.inc
              RETARDO_1MS   0x000038    program     static E:\Proyectos\PIC\IR (Control infrarojo)\IR.X\RETARDOS.inc
              RETARDOS_MS   0x000039    program     static E:\Proyectos\PIC\IR (Control infrarojo)\IR.X\RETARDOS.inc
        R1MS_BUCLEEXTERNO   0x00003a    program     static E:\Proyectos\PIC\IR (Control infrarojo)\IR.X\RETARDOS.inc
        R1MS_BUCLEINTERNO   0x00003c    program     static E:\Proyectos\PIC\IR (Control infrarojo)\IR.X\RETARDOS.inc
              RETARDO_20S   0x000042    program     static E:\Proyectos\PIC\IR (Control infrarojo)\IR.X\RETARDOS.inc
              RETARDO_10S   0x000044    program     static E:\Proyectos\PIC\IR (Control infrarojo)\IR.X\RETARDOS.inc
               RETARDO_5S   0x000046    program     static E:\Proyectos\PIC\IR (Control infrarojo)\IR.X\RETARDOS.inc
               RETARDO_2S   0x000048    program     static E:\Proyectos\PIC\IR (Control infrarojo)\IR.X\RETARDOS.inc
               RETARDO_1S   0x00004a    program     static E:\Proyectos\PIC\IR (Control infrarojo)\IR.X\RETARDOS.inc
            RETARDO_500MS   0x00004c    program     static E:\Proyectos\PIC\IR (Control infrarojo)\IR.X\RETARDOS.inc
          RETARDO_1DECIMA   0x00004d    program     static E:\Proyectos\PIC\IR (Control infrarojo)\IR.X\RETARDOS.inc
   R1DECIMA_BUCLEEXTERNO2   0x00004e    program     static E:\Proyectos\PIC\IR (Control infrarojo)\IR.X\RETARDOS.inc
    R1DECIMA_BUCLEEXTERNO   0x000050    program     static E:\Proyectos\PIC\IR (Control infrarojo)\IR.X\RETARDOS.inc
    R1DECIMA_BUCLEINTERNO   0x000052    program     static E:\Proyectos\PIC\IR (Control infrarojo)\IR.X\RETARDOS.inc
     RETARDO_500MICROS_16   0x00005a    program     static E:\Proyectos\PIC\IR (Control infrarojo)\IR.X\RETARDOS_16MHZ.inc
   RETARDO_500MICROS_16_0   0x00005e    program     static E:\Proyectos\PIC\IR (Control infrarojo)\IR.X\RETARDOS_16MHZ.inc
             _.org_0_005F   0x00005f    program     static E:\Proyectos\PIC\IR (Control infrarojo)\IR.X\RETARDOS_16MHZ.inc
             _.org_0_0062   0x000062    program     static E:\Proyectos\PIC\IR (Control infrarojo)\IR.X\RETARDOS_16MHZ.inc
        Retardo_200micros   0x000065    program     static E:\Proyectos\PIC\IR (Control infrarojo)\IR.X\RETARDOS_16MHZ.inc
      Retardo_200micros_0   0x000069    program     static E:\Proyectos\PIC\IR (Control infrarojo)\IR.X\RETARDOS_16MHZ.inc
             _.org_0_006A   0x00006a    program     static E:\Proyectos\PIC\IR (Control infrarojo)\IR.X\RETARDOS_16MHZ.inc
             _.org_0_006D   0x00006d    program     static E:\Proyectos\PIC\IR (Control infrarojo)\IR.X\RETARDOS_16MHZ.inc
        Retardo_100micros   0x000070    program     static E:\Proyectos\PIC\IR (Control infrarojo)\IR.X\RETARDOS_16MHZ.inc
      Retardo_100micros_0   0x000072    program     static E:\Proyectos\PIC\IR (Control infrarojo)\IR.X\RETARDOS_16MHZ.inc
             _.org_0_0074   0x000074    program     static E:\Proyectos\PIC\IR (Control infrarojo)\IR.X\RETARDOS_16MHZ.inc
         Retardo_50micros   0x000076    program     static E:\Proyectos\PIC\IR (Control infrarojo)\IR.X\RETARDOS_16MHZ.inc
       Retardo_50micros_0   0x000078    program     static E:\Proyectos\PIC\IR (Control infrarojo)\IR.X\RETARDOS_16MHZ.inc
      RETARDO_20MICROS_16   0x00007b    program     static E:\Proyectos\PIC\IR (Control infrarojo)\IR.X\RETARDOS_16MHZ.inc
    RETARDO_20MICROS_16_0   0x00007d    program     static E:\Proyectos\PIC\IR (Control infrarojo)\IR.X\RETARDOS_16MHZ.inc
      RETARDO_13MICROS_16   0x000080    program     static E:\Proyectos\PIC\IR (Control infrarojo)\IR.X\RETARDOS_16MHZ.inc
    RETARDO_13MICROS_16_0   0x000082    program     static E:\Proyectos\PIC\IR (Control infrarojo)\IR.X\RETARDOS_16MHZ.inc
            Retardo_200ms   0x000085    program     static E:\Proyectos\PIC\IR (Control infrarojo)\IR.X\RETARDOS_16MHZ.inc
          Retardo_200ms_0   0x00008b    program     static E:\Proyectos\PIC\IR (Control infrarojo)\IR.X\RETARDOS_16MHZ.inc
             _.org_0_008C   0x00008c    program     static E:\Proyectos\PIC\IR (Control infrarojo)\IR.X\RETARDOS_16MHZ.inc
             _.org_0_008E   0x00008e    program     static E:\Proyectos\PIC\IR (Control infrarojo)\IR.X\RETARDOS_16MHZ.inc
             _.org_0_0091   0x000091    program     static E:\Proyectos\PIC\IR (Control infrarojo)\IR.X\RETARDOS_16MHZ.inc
            Retardo_100ms   0x000094    program     static E:\Proyectos\PIC\IR (Control infrarojo)\IR.X\RETARDOS_16MHZ.inc
          Retardo_100ms_0   0x00009a    program     static E:\Proyectos\PIC\IR (Control infrarojo)\IR.X\RETARDOS_16MHZ.inc
             _.org_0_009B   0x00009b    program     static E:\Proyectos\PIC\IR (Control infrarojo)\IR.X\RETARDOS_16MHZ.inc
             _.org_0_009D   0x00009d    program     static E:\Proyectos\PIC\IR (Control infrarojo)\IR.X\RETARDOS_16MHZ.inc
             _.org_0_00A0   0x0000a0    program     static E:\Proyectos\PIC\IR (Control infrarojo)\IR.X\RETARDOS_16MHZ.inc
             _.org_0_00A1   0x0000a1    program     static E:\Proyectos\PIC\IR (Control infrarojo)\IR.X\RETARDOS_16MHZ.inc
             Retardo_50ms   0x0000a3    program     static E:\Proyectos\PIC\IR (Control infrarojo)\IR.X\RETARDOS_16MHZ.inc
           Retardo_50ms_0   0x0000a7    program     static E:\Proyectos\PIC\IR (Control infrarojo)\IR.X\RETARDOS_16MHZ.inc
             _.org_0_00A8   0x0000a8    program     static E:\Proyectos\PIC\IR (Control infrarojo)\IR.X\RETARDOS_16MHZ.inc
             _.org_0_00AB   0x0000ab    program     static E:\Proyectos\PIC\IR (Control infrarojo)\IR.X\RETARDOS_16MHZ.inc
             Retardo_20ms   0x0000ae    program     static E:\Proyectos\PIC\IR (Control infrarojo)\IR.X\RETARDOS_16MHZ.inc
           Retardo_20ms_0   0x0000b2    program     static E:\Proyectos\PIC\IR (Control infrarojo)\IR.X\RETARDOS_16MHZ.inc
             _.org_0_00B3   0x0000b3    program     static E:\Proyectos\PIC\IR (Control infrarojo)\IR.X\RETARDOS_16MHZ.inc
             _.org_0_00B6   0x0000b6    program     static E:\Proyectos\PIC\IR (Control infrarojo)\IR.X\RETARDOS_16MHZ.inc
             Retardo_10ms   0x0000b9    program     static E:\Proyectos\PIC\IR (Control infrarojo)\IR.X\RETARDOS_16MHZ.inc
           Retardo_10ms_0   0x0000bd    program     static E:\Proyectos\PIC\IR (Control infrarojo)\IR.X\RETARDOS_16MHZ.inc
             _.org_0_00BE   0x0000be    program     static E:\Proyectos\PIC\IR (Control infrarojo)\IR.X\RETARDOS_16MHZ.inc
             _.org_0_00C1   0x0000c1    program     static E:\Proyectos\PIC\IR (Control infrarojo)\IR.X\RETARDOS_16MHZ.inc
              Retardo_5ms   0x0000c4    program     static E:\Proyectos\PIC\IR (Control infrarojo)\IR.X\RETARDOS_16MHZ.inc
            Retardo_5ms_0   0x0000c8    program     static E:\Proyectos\PIC\IR (Control infrarojo)\IR.X\RETARDOS_16MHZ.inc
             _.org_0_00C9   0x0000c9    program     static E:\Proyectos\PIC\IR (Control infrarojo)\IR.X\RETARDOS_16MHZ.inc
             _.org_0_00CC   0x0000cc    program     static E:\Proyectos\PIC\IR (Control infrarojo)\IR.X\RETARDOS_16MHZ.inc
              Retardo_2ms   0x0000cf    program     static E:\Proyectos\PIC\IR (Control infrarojo)\IR.X\RETARDOS_16MHZ.inc
            Retardo_2ms_0   0x0000d3    program     static E:\Proyectos\PIC\IR (Control infrarojo)\IR.X\RETARDOS_16MHZ.inc
             _.org_0_00D4   0x0000d4    program     static E:\Proyectos\PIC\IR (Control infrarojo)\IR.X\RETARDOS_16MHZ.inc
             _.org_0_00D7   0x0000d7    program     static E:\Proyectos\PIC\IR (Control infrarojo)\IR.X\RETARDOS_16MHZ.inc
              Retardo_1ms   0x0000da    program     static E:\Proyectos\PIC\IR (Control infrarojo)\IR.X\RETARDOS_16MHZ.inc
            Retardo_1ms_0   0x0000de    program     static E:\Proyectos\PIC\IR (Control infrarojo)\IR.X\RETARDOS_16MHZ.inc
             _.org_0_00DF   0x0000df    program     static E:\Proyectos\PIC\IR (Control infrarojo)\IR.X\RETARDOS_16MHZ.inc
             _.org_0_00E2   0x0000e2    program     static E:\Proyectos\PIC\IR (Control infrarojo)\IR.X\RETARDOS_16MHZ.inc
              Retardo_20s   0x0000e5    program     static E:\Proyectos\PIC\IR (Control infrarojo)\IR.X\RETARDOS_16MHZ.inc
            Retardo_20s_0   0x0000eb    program     static E:\Proyectos\PIC\IR (Control infrarojo)\IR.X\RETARDOS_16MHZ.inc
             _.org_0_00EC   0x0000ec    program     static E:\Proyectos\PIC\IR (Control infrarojo)\IR.X\RETARDOS_16MHZ.inc
             _.org_0_00EE   0x0000ee    program     static E:\Proyectos\PIC\IR (Control infrarojo)\IR.X\RETARDOS_16MHZ.inc
              Retardo_10s   0x0000f3    program     static E:\Proyectos\PIC\IR (Control infrarojo)\IR.X\RETARDOS_16MHZ.inc
            Retardo_10s_0   0x0000f9    program     static E:\Proyectos\PIC\IR (Control infrarojo)\IR.X\RETARDOS_16MHZ.inc
             _.org_0_00FA   0x0000fa    program     static E:\Proyectos\PIC\IR (Control infrarojo)\IR.X\RETARDOS_16MHZ.inc
             _.org_0_00FC   0x0000fc    program     static E:\Proyectos\PIC\IR (Control infrarojo)\IR.X\RETARDOS_16MHZ.inc
             _.org_0_00FF   0x0000ff    program     static E:\Proyectos\PIC\IR (Control infrarojo)\IR.X\RETARDOS_16MHZ.inc
               Retardo_5s   0x000102    program     static E:\Proyectos\PIC\IR (Control infrarojo)\IR.X\RETARDOS_16MHZ.inc
             Retardo_5s_0   0x000108    program     static E:\Proyectos\PIC\IR (Control infrarojo)\IR.X\RETARDOS_16MHZ.inc
             _.org_0_0109   0x000109    program     static E:\Proyectos\PIC\IR (Control infrarojo)\IR.X\RETARDOS_16MHZ.inc
             _.org_0_010B   0x00010b    program     static E:\Proyectos\PIC\IR (Control infrarojo)\IR.X\RETARDOS_16MHZ.inc
             _.org_0_010E   0x00010e    program     static E:\Proyectos\PIC\IR (Control infrarojo)\IR.X\RETARDOS_16MHZ.inc
             _.org_0_010F   0x00010f    program     static E:\Proyectos\PIC\IR (Control infrarojo)\IR.X\RETARDOS_16MHZ.inc
            RETARDO_2S_16   0x000111    program     static E:\Proyectos\PIC\IR (Control infrarojo)\IR.X\RETARDOS_16MHZ.inc
          RETARDO_2S_16_0   0x000117    program     static E:\Proyectos\PIC\IR (Control infrarojo)\IR.X\RETARDOS_16MHZ.inc
             _.org_0_0118   0x000118    program     static E:\Proyectos\PIC\IR (Control infrarojo)\IR.X\RETARDOS_16MHZ.inc
             _.org_0_011A   0x00011a    program     static E:\Proyectos\PIC\IR (Control infrarojo)\IR.X\RETARDOS_16MHZ.inc
             _.org_0_011D   0x00011d    program     static E:\Proyectos\PIC\IR (Control infrarojo)\IR.X\RETARDOS_16MHZ.inc
             _.org_0_011E   0x00011e    program     static E:\Proyectos\PIC\IR (Control infrarojo)\IR.X\RETARDOS_16MHZ.inc
             _.org_0_011F   0x00011f    program     static E:\Proyectos\PIC\IR (Control infrarojo)\IR.X\RETARDOS_16MHZ.inc
               Retardo_1s   0x000121    program     static E:\Proyectos\PIC\IR (Control infrarojo)\IR.X\RETARDOS_16MHZ.inc
             Retardo_1s_0   0x000127    program     static E:\Proyectos\PIC\IR (Control infrarojo)\IR.X\RETARDOS_16MHZ.inc
             _.org_0_0128   0x000128    program     static E:\Proyectos\PIC\IR (Control infrarojo)\IR.X\RETARDOS_16MHZ.inc
             _.org_0_012A   0x00012a    program     static E:\Proyectos\PIC\IR (Control infrarojo)\IR.X\RETARDOS_16MHZ.inc
             _.org_0_012D   0x00012d    program     static E:\Proyectos\PIC\IR (Control infrarojo)\IR.X\RETARDOS_16MHZ.inc
         RETARDO_500MS_16   0x00012f    program     static E:\Proyectos\PIC\IR (Control infrarojo)\IR.X\RETARDOS_16MHZ.inc
       RETARDO_500MS_16_0   0x000135    program     static E:\Proyectos\PIC\IR (Control infrarojo)\IR.X\RETARDOS_16MHZ.inc
             _.org_0_0136   0x000136    program     static E:\Proyectos\PIC\IR (Control infrarojo)\IR.X\RETARDOS_16MHZ.inc
             _.org_0_0138   0x000138    program     static E:\Proyectos\PIC\IR (Control infrarojo)\IR.X\RETARDOS_16MHZ.inc
              Retardo_30s   0x00013c    program     static E:\Proyectos\PIC\IR (Control infrarojo)\IR.X\RETARDOS_16MHZ.inc
            Retardo_30s_0   0x000144    program     static E:\Proyectos\PIC\IR (Control infrarojo)\IR.X\RETARDOS_16MHZ.inc
             _.org_0_0145   0x000145    program     static E:\Proyectos\PIC\IR (Control infrarojo)\IR.X\RETARDOS_16MHZ.inc
             _.org_0_0147   0x000147    program     static E:\Proyectos\PIC\IR (Control infrarojo)\IR.X\RETARDOS_16MHZ.inc
             _.org_0_0149   0x000149    program     static E:\Proyectos\PIC\IR (Control infrarojo)\IR.X\RETARDOS_16MHZ.inc
              Retardo_60s   0x00014e    program     static E:\Proyectos\PIC\IR (Control infrarojo)\IR.X\RETARDOS_16MHZ.inc
            Retardo_60s_0   0x000156    program     static E:\Proyectos\PIC\IR (Control infrarojo)\IR.X\RETARDOS_16MHZ.inc
             _.org_0_0157   0x000157    program     static E:\Proyectos\PIC\IR (Control infrarojo)\IR.X\RETARDOS_16MHZ.inc
             _.org_0_0159   0x000159    program     static E:\Proyectos\PIC\IR (Control infrarojo)\IR.X\RETARDOS_16MHZ.inc
             _.org_0_015B   0x00015b    program     static E:\Proyectos\PIC\IR (Control infrarojo)\IR.X\RETARDOS_16MHZ.inc
             _.org_0_015E   0x00015e    program     static E:\Proyectos\PIC\IR (Control infrarojo)\IR.X\RETARDOS_16MHZ.inc
             _.org_0_015F   0x00015f    program     static E:\Proyectos\PIC\IR (Control infrarojo)\IR.X\RETARDOS_16MHZ.inc
         ESCRIBIR_COMANDO   0x000161    program     static E:\Proyectos\PIC\IR (Control infrarojo)\IR.X\LCD.inc
        COMPROBAR_OCUPADO   0x000174    program     static E:\Proyectos\PIC\IR (Control infrarojo)\IR.X\LCD.inc
        ESCRIBIR_CARACTER   0x000194    program     static E:\Proyectos\PIC\IR (Control infrarojo)\IR.X\LCD.inc
INICIALIZACION_DE_PANTALLA   0x0001ab    program     static E:\Proyectos\PIC\IR (Control infrarojo)\IR.X\LCD.inc
                 IR_FLAGS   0x0001e2    program     static E:\Proyectos\PIC\IR (Control infrarojo)\IR.X\IR.inc
                CURR_TIME   0x0001e3    program     static E:\Proyectos\PIC\IR (Control infrarojo)\IR.X\IR.inc
               PULSE_TIME   0x0001e4    program     static E:\Proyectos\PIC\IR (Control infrarojo)\IR.X\IR.inc
               SPACE_TIME   0x0001e5    program     static E:\Proyectos\PIC\IR (Control infrarojo)\IR.X\IR.inc
                REC_BYTE1   0x0001e6    program     static E:\Proyectos\PIC\IR (Control infrarojo)\IR.X\IR.inc
                REC_BYTE2   0x0001e7    program     static E:\Proyectos\PIC\IR (Control infrarojo)\IR.X\IR.inc
                  COUNTER   0x0001e8    program     static E:\Proyectos\PIC\IR (Control infrarojo)\IR.X\IR.inc
               CONTADOR_2   0x0001e9    program     static E:\Proyectos\PIC\IR (Control infrarojo)\IR.X\IR.inc
                  BITS_IR   0x0001ea    program     static E:\Proyectos\PIC\IR (Control infrarojo)\IR.X\IR.inc
                  IRsetup   0x0001eb    program     static E:\Proyectos\PIC\IR (Control infrarojo)\IR.X\IR.inc
                IRcarrier   0x0001f1    program     static E:\Proyectos\PIC\IR (Control infrarojo)\IR.X\IR.inc
                    BUCLE   0x0001f4    program     static E:\Proyectos\PIC\IR (Control infrarojo)\IR.X\IR.inc
                    FINAL   0x0001ff    program     static E:\Proyectos\PIC\IR (Control infrarojo)\IR.X\IR.inc
                   IRsend   0x000201    program     static E:\Proyectos\PIC\IR (Control infrarojo)\IR.X\IR.inc


