MPLINK 5.09, LINKER
Linker Map File - Created Sun Sep 13 13:38:31 2020

                                 Section Info
                  Section       Type    Address   Location Size(Bytes)
                ---------  ---------  ---------  ---------  ---------
                   .org_0       code   0x000000    program   0x0000d4
                   .cinit    romdata   0x00006a    program   0x000004
.config_2007_BUILD/DEFAULT/PRODUCTION/IR.O       code   0x002007    program   0x000002
.config_2008_BUILD/DEFAULT/PRODUCTION/IR.O       code   0x002008    program   0x000002



                              Program Memory Usage 
                               Start         End      
                           ---------   ---------      
                            0x000000    0x00006b      
                            0x002007    0x002008      
            110 out of 8455 program addresses used, program memory utilization is 1%



                              Symbols - Sorted by Name
                     Name    Address   Location    Storage File                     
                ---------  ---------  ---------  --------- ---------                
                  ACT_RLF   0x00000c    program     static E:\Proyectos\PIC\IR (Control infrarojo)\IR.X\IR.asm
                    BUCLE   0x000039    program     static E:\Proyectos\PIC\IR (Control infrarojo)\IR.X\IR.asm
               BUCLE_SEND   0x000057    program     static E:\Proyectos\PIC\IR (Control infrarojo)\IR.X\IR.asm
                    ENVIO   0x00005a    program     static E:\Proyectos\PIC\IR (Control infrarojo)\IR.X\IR.asm
                    FINAL   0x000052    program     static E:\Proyectos\PIC\IR (Control infrarojo)\IR.X\IR.asm
                IRcarrier   0x000038    program     static E:\Proyectos\PIC\IR (Control infrarojo)\IR.X\IR.asm
                   IRsend   0x000054    program     static E:\Proyectos\PIC\IR (Control infrarojo)\IR.X\IR.asm
                      REC   0x000009    program     static E:\Proyectos\PIC\IR (Control infrarojo)\IR.X\IR.asm
       RETARDO_12MICROS_4   0x00003d    program     static E:\Proyectos\PIC\IR (Control infrarojo)\IR.X\IR.asm
     RETARDO_12MICROS_4_2   0x000047    program     static E:\Proyectos\PIC\IR (Control infrarojo)\IR.X\IR.asm
    RETARDO_1686MICROS_16   0x00001e    program     static E:\Proyectos\PIC\IR (Control infrarojo)\IR.X\IR.asm
  RETARDO_1686MICROS_16_0   0x000021    program     static E:\Proyectos\PIC\IR (Control infrarojo)\IR.X\IR.asm
          RETARDO_4.5MS_4   0x00002b    program     static E:\Proyectos\PIC\IR (Control infrarojo)\IR.X\IR.asm
        RETARDO_4.5MS_4_0   0x000033    program     static E:\Proyectos\PIC\IR (Control infrarojo)\IR.X\IR.asm
     RETARDO_562MICROS_16   0x000025    program     static E:\Proyectos\PIC\IR (Control infrarojo)\IR.X\IR.asm
   RETARDO_562MICROS_16_0   0x000028    program     static E:\Proyectos\PIC\IR (Control infrarojo)\IR.X\IR.asm
                 ROTACION   0x00005f    program     static E:\Proyectos\PIC\IR (Control infrarojo)\IR.X\IR.asm
                   SEND_0   0x000066    program     static E:\Proyectos\PIC\IR (Control infrarojo)\IR.X\IR.asm
                   SEND_1   0x000062    program     static E:\Proyectos\PIC\IR (Control infrarojo)\IR.X\IR.asm
                    SETUP   0x000000    program     static E:\Proyectos\PIC\IR (Control infrarojo)\IR.X\IR.asm



                              Symbols - Sorted by Address
                     Name    Address   Location    Storage File                     
                ---------  ---------  ---------  --------- ---------                
                    SETUP   0x000000    program     static E:\Proyectos\PIC\IR (Control infrarojo)\IR.X\IR.asm
                      REC   0x000009    program     static E:\Proyectos\PIC\IR (Control infrarojo)\IR.X\IR.asm
                  ACT_RLF   0x00000c    program     static E:\Proyectos\PIC\IR (Control infrarojo)\IR.X\IR.asm
    RETARDO_1686MICROS_16   0x00001e    program     static E:\Proyectos\PIC\IR (Control infrarojo)\IR.X\IR.asm
  RETARDO_1686MICROS_16_0   0x000021    program     static E:\Proyectos\PIC\IR (Control infrarojo)\IR.X\IR.asm
     RETARDO_562MICROS_16   0x000025    program     static E:\Proyectos\PIC\IR (Control infrarojo)\IR.X\IR.asm
   RETARDO_562MICROS_16_0   0x000028    program     static E:\Proyectos\PIC\IR (Control infrarojo)\IR.X\IR.asm
          RETARDO_4.5MS_4   0x00002b    program     static E:\Proyectos\PIC\IR (Control infrarojo)\IR.X\IR.asm
        RETARDO_4.5MS_4_0   0x000033    program     static E:\Proyectos\PIC\IR (Control infrarojo)\IR.X\IR.asm
                IRcarrier   0x000038    program     static E:\Proyectos\PIC\IR (Control infrarojo)\IR.X\IR.asm
                    BUCLE   0x000039    program     static E:\Proyectos\PIC\IR (Control infrarojo)\IR.X\IR.asm
       RETARDO_12MICROS_4   0x00003d    program     static E:\Proyectos\PIC\IR (Control infrarojo)\IR.X\IR.asm
     RETARDO_12MICROS_4_2   0x000047    program     static E:\Proyectos\PIC\IR (Control infrarojo)\IR.X\IR.asm
                    FINAL   0x000052    program     static E:\Proyectos\PIC\IR (Control infrarojo)\IR.X\IR.asm
                   IRsend   0x000054    program     static E:\Proyectos\PIC\IR (Control infrarojo)\IR.X\IR.asm
               BUCLE_SEND   0x000057    program     static E:\Proyectos\PIC\IR (Control infrarojo)\IR.X\IR.asm
                    ENVIO   0x00005a    program     static E:\Proyectos\PIC\IR (Control infrarojo)\IR.X\IR.asm
                 ROTACION   0x00005f    program     static E:\Proyectos\PIC\IR (Control infrarojo)\IR.X\IR.asm
                   SEND_1   0x000062    program     static E:\Proyectos\PIC\IR (Control infrarojo)\IR.X\IR.asm
                   SEND_0   0x000066    program     static E:\Proyectos\PIC\IR (Control infrarojo)\IR.X\IR.asm


