MPLINK 5.09, LINKER
Linker Map File - Created Sun Sep 06 02:07:51 2020

                                 Section Info
                  Section       Type    Address   Location Size(Bytes)
                ---------  ---------  ---------  ---------  ---------
                   .org_0       code   0x000000    program   0x00005e
                   .cinit    romdata   0x00002f    program   0x000004
.config_2007_BUILD/DEFAULT/PRODUCTION/PRUEBA.       code   0x002007    program   0x000002
.config_2008_BUILD/DEFAULT/PRODUCTION/PRUEBA.       code   0x002008    program   0x000002



                              Program Memory Usage 
                               Start         End      
                           ---------   ---------      
                            0x000000    0x000030      
                            0x002007    0x002008      
            51 out of 8455 program addresses used, program memory utilization is 0%



                              Symbols - Sorted by Name
                     Name    Address   Location    Storage File                     
                ---------  ---------  ---------  --------- ---------                
              CAMBIO_AUTO   0x000023    program     static E:\Proyectos\PIC\PRUEBA\PRUEBAS.X\PRUEBA.asm
               CAMBIO_PWM   0x00001d    program     static E:\Proyectos\PIC\PRUEBA\PRUEBAS.X\PRUEBA.asm
               CAMBIO_RGB   0x000017    program     static E:\Proyectos\PIC\PRUEBA\PRUEBAS.X\PRUEBA.asm
                 PROGRAMA   0x000010    program     static E:\Proyectos\PIC\PRUEBA\PRUEBAS.X\PRUEBA.asm
        RETARDO_500MICROS   0x000029    program     static E:\Proyectos\PIC\PRUEBA\PRUEBAS.X\PRUEBA.asm
            RMICROS_BUCLE   0x00002c    program     static E:\Proyectos\PIC\PRUEBA\PRUEBAS.X\PRUEBA.asm
                    SETUP   0x000000    program     static E:\Proyectos\PIC\PRUEBA\PRUEBAS.X\PRUEBA.asm



                              Symbols - Sorted by Address
                     Name    Address   Location    Storage File                     
                ---------  ---------  ---------  --------- ---------                
                    SETUP   0x000000    program     static E:\Proyectos\PIC\PRUEBA\PRUEBAS.X\PRUEBA.asm
                 PROGRAMA   0x000010    program     static E:\Proyectos\PIC\PRUEBA\PRUEBAS.X\PRUEBA.asm
               CAMBIO_RGB   0x000017    program     static E:\Proyectos\PIC\PRUEBA\PRUEBAS.X\PRUEBA.asm
               CAMBIO_PWM   0x00001d    program     static E:\Proyectos\PIC\PRUEBA\PRUEBAS.X\PRUEBA.asm
              CAMBIO_AUTO   0x000023    program     static E:\Proyectos\PIC\PRUEBA\PRUEBAS.X\PRUEBA.asm
        RETARDO_500MICROS   0x000029    program     static E:\Proyectos\PIC\PRUEBA\PRUEBAS.X\PRUEBA.asm
            RMICROS_BUCLE   0x00002c    program     static E:\Proyectos\PIC\PRUEBA\PRUEBAS.X\PRUEBA.asm


