MPLINK 5.09, LINKER
Linker Map File - Created Sat Sep 12 19:15:32 2020

                                 Section Info
                  Section       Type    Address   Location Size(Bytes)
                ---------  ---------  ---------  ---------  ---------
                   .org_0       code   0x000000    program   0x000002
                   .cinit    romdata   0x000001    program   0x000004
                   .org_1       code   0x000004    program   0x0000a4
.config_2007_BUILD/DEFAULT/PRODUCTION/HONGOS_       code   0x002007    program   0x000002
               .udata_shr      udata   0x000020       data   0x000001



                              Program Memory Usage 
                               Start         End      
                           ---------   ---------      
                            0x000000    0x000002      
                            0x000004    0x000055      
                            0x002007    0x002007      
            86 out of 4102 program addresses used, program memory utilization is 2%



                              Symbols - Sorted by Name
                     Name    Address   Location    Storage File                     
                ---------  ---------  ---------  --------- ---------                
              CAMBIO_DUTY   0x00003d    program     static E:\Proyectos\PIC\HONGOS LUMINISCENTES (Control RF, PWM)\HONGOS_LUMIN73.X\HONGOS_LUMIN73.asm
              COLOR_COLOR   0x000037    program     static E:\Proyectos\PIC\HONGOS LUMINISCENTES (Control RF, PWM)\HONGOS_LUMIN73.X\HONGOS_LUMIN73.asm
               ESPERA_CMD   0x000028    program     static E:\Proyectos\PIC\HONGOS LUMINISCENTES (Control RF, PWM)\HONGOS_LUMIN73.X\HONGOS_LUMIN73.asm
         ESPERA_CMD_NUEVO   0x000029    program     static E:\Proyectos\PIC\HONGOS LUMINISCENTES (Control RF, PWM)\HONGOS_LUMIN73.X\HONGOS_LUMIN73.asm
                     EXIT   0x00004f    program     static E:\Proyectos\PIC\HONGOS LUMINISCENTES (Control RF, PWM)\HONGOS_LUMIN73.X\HONGOS_LUMIN73.asm
             INTERRUPCION   0x000040    program     static E:\Proyectos\PIC\HONGOS LUMINISCENTES (Control RF, PWM)\HONGOS_LUMIN73.X\HONGOS_LUMIN73.asm
                 PROGRAMA   0x00002c    program     static E:\Proyectos\PIC\HONGOS LUMINISCENTES (Control RF, PWM)\HONGOS_LUMIN73.X\HONGOS_LUMIN73.asm
                    SETUP   0x000005    program     static E:\Proyectos\PIC\HONGOS LUMINISCENTES (Control RF, PWM)\HONGOS_LUMIN73.X\HONGOS_LUMIN73.asm
                     TEMP   0x000020       data     static E:\Proyectos\PIC\HONGOS LUMINISCENTES (Control RF, PWM)\HONGOS_LUMIN73.X\HONGOS_LUMIN73.asm



                              Symbols - Sorted by Address
                     Name    Address   Location    Storage File                     
                ---------  ---------  ---------  --------- ---------                
                    SETUP   0x000005    program     static E:\Proyectos\PIC\HONGOS LUMINISCENTES (Control RF, PWM)\HONGOS_LUMIN73.X\HONGOS_LUMIN73.asm
               ESPERA_CMD   0x000028    program     static E:\Proyectos\PIC\HONGOS LUMINISCENTES (Control RF, PWM)\HONGOS_LUMIN73.X\HONGOS_LUMIN73.asm
         ESPERA_CMD_NUEVO   0x000029    program     static E:\Proyectos\PIC\HONGOS LUMINISCENTES (Control RF, PWM)\HONGOS_LUMIN73.X\HONGOS_LUMIN73.asm
                 PROGRAMA   0x00002c    program     static E:\Proyectos\PIC\HONGOS LUMINISCENTES (Control RF, PWM)\HONGOS_LUMIN73.X\HONGOS_LUMIN73.asm
              COLOR_COLOR   0x000037    program     static E:\Proyectos\PIC\HONGOS LUMINISCENTES (Control RF, PWM)\HONGOS_LUMIN73.X\HONGOS_LUMIN73.asm
              CAMBIO_DUTY   0x00003d    program     static E:\Proyectos\PIC\HONGOS LUMINISCENTES (Control RF, PWM)\HONGOS_LUMIN73.X\HONGOS_LUMIN73.asm
             INTERRUPCION   0x000040    program     static E:\Proyectos\PIC\HONGOS LUMINISCENTES (Control RF, PWM)\HONGOS_LUMIN73.X\HONGOS_LUMIN73.asm
                     EXIT   0x00004f    program     static E:\Proyectos\PIC\HONGOS LUMINISCENTES (Control RF, PWM)\HONGOS_LUMIN73.X\HONGOS_LUMIN73.asm
                     TEMP   0x000020       data     static E:\Proyectos\PIC\HONGOS LUMINISCENTES (Control RF, PWM)\HONGOS_LUMIN73.X\HONGOS_LUMIN73.asm


