MPLINK 5.09, LINKER
Linker Map File - Created Thu Sep 17 17:31:55 2020

                                 Section Info
                  Section       Type    Address   Location Size(Bytes)
                ---------  ---------  ---------  ---------  ---------
                   .org_0       code   0x000000    program   0x000002
                   .cinit    romdata   0x000001    program   0x000004
                   .org_1       code   0x000004    program   0x000104
.config_2007_BUILD/DEFAULT/PRODUCTION/HONGOS_       code   0x002007    program   0x000002



                              Program Memory Usage 
                               Start         End      
                           ---------   ---------      
                            0x000000    0x000002      
                            0x000004    0x000085      
                            0x002007    0x002007      
            134 out of 4102 program addresses used, program memory utilization is 3%



                              Symbols - Sorted by Name
                     Name    Address   Location    Storage File                     
                ---------  ---------  ---------  --------- ---------                
              CAMBIO_AUTO   0x00004b    program     static E:\Proyectos\PIC\HONGOS LUMINISCENTES (Control RF, PWM)\HONGOS_LUMIN73.X\HONGOS_LUMIN73.asm
             CAMBIO_COLOR   0x000040    program     static E:\Proyectos\PIC\HONGOS LUMINISCENTES (Control RF, PWM)\HONGOS_LUMIN73.X\HONGOS_LUMIN73.asm
              CAMBIO_DUTY   0x000048    program     static E:\Proyectos\PIC\HONGOS LUMINISCENTES (Control RF, PWM)\HONGOS_LUMIN73.X\HONGOS_LUMIN73.asm
      CAMBIO_RETARDO_15MS   0x000065    program     static E:\Proyectos\PIC\HONGOS LUMINISCENTES (Control RF, PWM)\HONGOS_LUMIN73.X\HONGOS_LUMIN73.asm
               ESPERA_CMD   0x00002c    program     static E:\Proyectos\PIC\HONGOS LUMINISCENTES (Control RF, PWM)\HONGOS_LUMIN73.X\HONGOS_LUMIN73.asm
         ESPERA_CMD_NUEVO   0x00002d    program     static E:\Proyectos\PIC\HONGOS LUMINISCENTES (Control RF, PWM)\HONGOS_LUMIN73.X\HONGOS_LUMIN73.asm
                     EXIT   0x00007f    program     static E:\Proyectos\PIC\HONGOS LUMINISCENTES (Control RF, PWM)\HONGOS_LUMIN73.X\HONGOS_LUMIN73.asm
                 GUARDADO   0x000075    program     static E:\Proyectos\PIC\HONGOS LUMINISCENTES (Control RF, PWM)\HONGOS_LUMIN73.X\HONGOS_LUMIN73.asm
             INTERRUPCION   0x000070    program     static E:\Proyectos\PIC\HONGOS LUMINISCENTES (Control RF, PWM)\HONGOS_LUMIN73.X\HONGOS_LUMIN73.asm
              LED_APAGADO   0x00005e    program     static E:\Proyectos\PIC\HONGOS LUMINISCENTES (Control RF, PWM)\HONGOS_LUMIN73.X\HONGOS_LUMIN73.asm
               LED_BRILLO   0x000055    program     static E:\Proyectos\PIC\HONGOS LUMINISCENTES (Control RF, PWM)\HONGOS_LUMIN73.X\HONGOS_LUMIN73.asm
                 PROGRAMA   0x000030    program     static E:\Proyectos\PIC\HONGOS LUMINISCENTES (Control RF, PWM)\HONGOS_LUMIN73.X\HONGOS_LUMIN73.asm
               REPETICION   0x00004e    program     static E:\Proyectos\PIC\HONGOS LUMINISCENTES (Control RF, PWM)\HONGOS_LUMIN73.X\HONGOS_LUMIN73.asm
         RETARDO_15MS_4_0   0x00006b    program     static E:\Proyectos\PIC\HONGOS LUMINISCENTES (Control RF, PWM)\HONGOS_LUMIN73.X\HONGOS_LUMIN73.asm
                    SETUP   0x000005    program     static E:\Proyectos\PIC\HONGOS LUMINISCENTES (Control RF, PWM)\HONGOS_LUMIN73.X\HONGOS_LUMIN73.asm



                              Symbols - Sorted by Address
                     Name    Address   Location    Storage File                     
                ---------  ---------  ---------  --------- ---------                
                    SETUP   0x000005    program     static E:\Proyectos\PIC\HONGOS LUMINISCENTES (Control RF, PWM)\HONGOS_LUMIN73.X\HONGOS_LUMIN73.asm
               ESPERA_CMD   0x00002c    program     static E:\Proyectos\PIC\HONGOS LUMINISCENTES (Control RF, PWM)\HONGOS_LUMIN73.X\HONGOS_LUMIN73.asm
         ESPERA_CMD_NUEVO   0x00002d    program     static E:\Proyectos\PIC\HONGOS LUMINISCENTES (Control RF, PWM)\HONGOS_LUMIN73.X\HONGOS_LUMIN73.asm
                 PROGRAMA   0x000030    program     static E:\Proyectos\PIC\HONGOS LUMINISCENTES (Control RF, PWM)\HONGOS_LUMIN73.X\HONGOS_LUMIN73.asm
             CAMBIO_COLOR   0x000040    program     static E:\Proyectos\PIC\HONGOS LUMINISCENTES (Control RF, PWM)\HONGOS_LUMIN73.X\HONGOS_LUMIN73.asm
              CAMBIO_DUTY   0x000048    program     static E:\Proyectos\PIC\HONGOS LUMINISCENTES (Control RF, PWM)\HONGOS_LUMIN73.X\HONGOS_LUMIN73.asm
              CAMBIO_AUTO   0x00004b    program     static E:\Proyectos\PIC\HONGOS LUMINISCENTES (Control RF, PWM)\HONGOS_LUMIN73.X\HONGOS_LUMIN73.asm
               REPETICION   0x00004e    program     static E:\Proyectos\PIC\HONGOS LUMINISCENTES (Control RF, PWM)\HONGOS_LUMIN73.X\HONGOS_LUMIN73.asm
               LED_BRILLO   0x000055    program     static E:\Proyectos\PIC\HONGOS LUMINISCENTES (Control RF, PWM)\HONGOS_LUMIN73.X\HONGOS_LUMIN73.asm
              LED_APAGADO   0x00005e    program     static E:\Proyectos\PIC\HONGOS LUMINISCENTES (Control RF, PWM)\HONGOS_LUMIN73.X\HONGOS_LUMIN73.asm
      CAMBIO_RETARDO_15MS   0x000065    program     static E:\Proyectos\PIC\HONGOS LUMINISCENTES (Control RF, PWM)\HONGOS_LUMIN73.X\HONGOS_LUMIN73.asm
         RETARDO_15MS_4_0   0x00006b    program     static E:\Proyectos\PIC\HONGOS LUMINISCENTES (Control RF, PWM)\HONGOS_LUMIN73.X\HONGOS_LUMIN73.asm
             INTERRUPCION   0x000070    program     static E:\Proyectos\PIC\HONGOS LUMINISCENTES (Control RF, PWM)\HONGOS_LUMIN73.X\HONGOS_LUMIN73.asm
                 GUARDADO   0x000075    program     static E:\Proyectos\PIC\HONGOS LUMINISCENTES (Control RF, PWM)\HONGOS_LUMIN73.X\HONGOS_LUMIN73.asm
                     EXIT   0x00007f    program     static E:\Proyectos\PIC\HONGOS LUMINISCENTES (Control RF, PWM)\HONGOS_LUMIN73.X\HONGOS_LUMIN73.asm


