MPLINK 5.09, LINKER
Linker Map File - Created Mon Dec 30 20:59:33 2019

                                 Section Info
                  Section       Type    Address   Location Size(Bytes)
                ---------  ---------  ---------  ---------  ---------
                   .org_0       code   0x000000    program   0x000032
                   .cinit    romdata   0x000019    program   0x000004
.config_2007_BUILD/DEFAULT/PRODUCTION/ADC1_PO       code   0x002007    program   0x000002
.config_2008_BUILD/DEFAULT/PRODUCTION/ADC1_PO       code   0x002008    program   0x000002



                              Program Memory Usage 
                               Start         End      
                           ---------   ---------      
                            0x000000    0x00001a      
                            0x002007    0x002008      
            29 out of 8455 program addresses used, program memory utilization is 0%



                              Symbols - Sorted by Name
                     Name    Address   Location    Storage File                     
                ---------  ---------  ---------  --------- ---------                
               ADC_INICIO   0x000014    program     static E:\PruebaPIC\ADC1_POT.X\ADC1_POT.asm
            CONFIGURACION   0x000000    program     static E:\PruebaPIC\ADC1_POT.X\ADC1_POT.asm
                    DELAY   0x00000f    program     static E:\PruebaPIC\ADC1_POT.X\ADC1_POT.asm
              DELAY_BUCLE   0x000011    program     static E:\PruebaPIC\ADC1_POT.X\ADC1_POT.asm



                              Symbols - Sorted by Address
                     Name    Address   Location    Storage File                     
                ---------  ---------  ---------  --------- ---------                
            CONFIGURACION   0x000000    program     static E:\PruebaPIC\ADC1_POT.X\ADC1_POT.asm
                    DELAY   0x00000f    program     static E:\PruebaPIC\ADC1_POT.X\ADC1_POT.asm
              DELAY_BUCLE   0x000011    program     static E:\PruebaPIC\ADC1_POT.X\ADC1_POT.asm
               ADC_INICIO   0x000014    program     static E:\PruebaPIC\ADC1_POT.X\ADC1_POT.asm


