MPLINK 5.09, LINKER
Linker Map File - Created Sun Aug 30 20:12:35 2020

                                 Section Info
                  Section       Type    Address   Location Size(Bytes)
                ---------  ---------  ---------  ---------  ---------
                   .org_0       code   0x000000    program   0x00002a
                   .cinit    romdata   0x000015    program   0x000004
.config_2007_BUILD/DEFAULT/PRODUCTION/LED_PAR       code   0x002007    program   0x000002
.config_2008_BUILD/DEFAULT/PRODUCTION/LED_PAR       code   0x002008    program   0x000002



                              Program Memory Usage 
                               Start         End      
                           ---------   ---------      
                            0x000000    0x000016      
                            0x002007    0x002008      
            25 out of 8455 program addresses used, program memory utilization is 0%



                              Symbols - Sorted by Name
                     Name    Address   Location    Storage File                     
                ---------  ---------  ---------  --------- ---------                
                COMPROBAR   0x000011    program     static E:\Proyectos\PIC\LED (Parpadeo)\LED_PARPADEO.X\LED_PARPADEO.asm
                   INICIO   0x000000    program     static E:\Proyectos\PIC\LED (Parpadeo)\LED_PARPADEO.X\LED_PARPADEO.asm
                 PROGRAMA   0x000006    program     static E:\Proyectos\PIC\LED (Parpadeo)\LED_PARPADEO.X\LED_PARPADEO.asm
          RETARDO_500MST1   0x00000b    program     static E:\Proyectos\PIC\LED (Parpadeo)\LED_PARPADEO.X\LED_PARPADEO.asm



                              Symbols - Sorted by Address
                     Name    Address   Location    Storage File                     
                ---------  ---------  ---------  --------- ---------                
                   INICIO   0x000000    program     static E:\Proyectos\PIC\LED (Parpadeo)\LED_PARPADEO.X\LED_PARPADEO.asm
                 PROGRAMA   0x000006    program     static E:\Proyectos\PIC\LED (Parpadeo)\LED_PARPADEO.X\LED_PARPADEO.asm
          RETARDO_500MST1   0x00000b    program     static E:\Proyectos\PIC\LED (Parpadeo)\LED_PARPADEO.X\LED_PARPADEO.asm
                COMPROBAR   0x000011    program     static E:\Proyectos\PIC\LED (Parpadeo)\LED_PARPADEO.X\LED_PARPADEO.asm


