MPLINK 5.09, LINKER
Linker Map File - Created Thu Sep 03 16:44:53 2020

                                 Section Info
                  Section       Type    Address   Location Size(Bytes)
                ---------  ---------  ---------  ---------  ---------
                   .org_0       code   0x000000    program   0x000002
                   .cinit    romdata   0x000001    program   0x000004
                   .org_1       code   0x000004    program   0x0000a8
.config_2007_BUILD/DEFAULT/PRODUCTION/HONGOS_       code   0x002007    program   0x000002
.config_2008_BUILD/DEFAULT/PRODUCTION/HONGOS_       code   0x002008    program   0x000002
                  Genvars      udata   0x000070       data   0x000001



                              Program Memory Usage 
                               Start         End      
                           ---------   ---------      
                            0x000000    0x000002      
                            0x000004    0x000057      
                            0x002007    0x002008      
            89 out of 8455 program addresses used, program memory utilization is 1%



                              Symbols - Sorted by Name
                     Name    Address   Location    Storage File                     
                ---------  ---------  ---------  --------- ---------                
              CAMBIO_DUTY   0x00003f    program     static E:\Proyectos\PIC\HONGOS LUMINISCENTES (Control RF, PWM)\HONGOS_LUMINISCENTES.X\HONGOS_LUMINISCENTES.asm
                  COLOR_A   0x000039    program     static E:\Proyectos\PIC\HONGOS LUMINISCENTES (Control RF, PWM)\HONGOS_LUMINISCENTES.X\HONGOS_LUMINISCENTES.asm
               ESPERA_CMD   0x00002a    program     static E:\Proyectos\PIC\HONGOS LUMINISCENTES (Control RF, PWM)\HONGOS_LUMINISCENTES.X\HONGOS_LUMINISCENTES.asm
         ESPERA_CMD_NUEVO   0x00002b    program     static E:\Proyectos\PIC\HONGOS LUMINISCENTES (Control RF, PWM)\HONGOS_LUMINISCENTES.X\HONGOS_LUMINISCENTES.asm
                     EXIT   0x000051    program     static E:\Proyectos\PIC\HONGOS LUMINISCENTES (Control RF, PWM)\HONGOS_LUMINISCENTES.X\HONGOS_LUMINISCENTES.asm
             INTERRUPCION   0x000042    program     static E:\Proyectos\PIC\HONGOS LUMINISCENTES (Control RF, PWM)\HONGOS_LUMINISCENTES.X\HONGOS_LUMINISCENTES.asm
                 PROGRAMA   0x00002e    program     static E:\Proyectos\PIC\HONGOS LUMINISCENTES (Control RF, PWM)\HONGOS_LUMINISCENTES.X\HONGOS_LUMINISCENTES.asm
                    SETUP   0x000005    program     static E:\Proyectos\PIC\HONGOS LUMINISCENTES (Control RF, PWM)\HONGOS_LUMINISCENTES.X\HONGOS_LUMINISCENTES.asm
                     TEMP   0x000070       data     static E:\Proyectos\PIC\HONGOS LUMINISCENTES (Control RF, PWM)\HONGOS_LUMINISCENTES.X\HONGOS_LUMINISCENTES.asm



                              Symbols - Sorted by Address
                     Name    Address   Location    Storage File                     
                ---------  ---------  ---------  --------- ---------                
                    SETUP   0x000005    program     static E:\Proyectos\PIC\HONGOS LUMINISCENTES (Control RF, PWM)\HONGOS_LUMINISCENTES.X\HONGOS_LUMINISCENTES.asm
               ESPERA_CMD   0x00002a    program     static E:\Proyectos\PIC\HONGOS LUMINISCENTES (Control RF, PWM)\HONGOS_LUMINISCENTES.X\HONGOS_LUMINISCENTES.asm
         ESPERA_CMD_NUEVO   0x00002b    program     static E:\Proyectos\PIC\HONGOS LUMINISCENTES (Control RF, PWM)\HONGOS_LUMINISCENTES.X\HONGOS_LUMINISCENTES.asm
                 PROGRAMA   0x00002e    program     static E:\Proyectos\PIC\HONGOS LUMINISCENTES (Control RF, PWM)\HONGOS_LUMINISCENTES.X\HONGOS_LUMINISCENTES.asm
                  COLOR_A   0x000039    program     static E:\Proyectos\PIC\HONGOS LUMINISCENTES (Control RF, PWM)\HONGOS_LUMINISCENTES.X\HONGOS_LUMINISCENTES.asm
              CAMBIO_DUTY   0x00003f    program     static E:\Proyectos\PIC\HONGOS LUMINISCENTES (Control RF, PWM)\HONGOS_LUMINISCENTES.X\HONGOS_LUMINISCENTES.asm
             INTERRUPCION   0x000042    program     static E:\Proyectos\PIC\HONGOS LUMINISCENTES (Control RF, PWM)\HONGOS_LUMINISCENTES.X\HONGOS_LUMINISCENTES.asm
                     EXIT   0x000051    program     static E:\Proyectos\PIC\HONGOS LUMINISCENTES (Control RF, PWM)\HONGOS_LUMINISCENTES.X\HONGOS_LUMINISCENTES.asm
                     TEMP   0x000070       data     static E:\Proyectos\PIC\HONGOS LUMINISCENTES (Control RF, PWM)\HONGOS_LUMINISCENTES.X\HONGOS_LUMINISCENTES.asm


