MPLINK 5.09, LINKER
Linker Map File - Created Mon Aug 31 21:23:59 2020

                                 Section Info
                  Section       Type    Address   Location Size(Bytes)
                ---------  ---------  ---------  ---------  ---------
                   .org_0       code   0x000000    program   0x000002
                   .cinit    romdata   0x000001    program   0x000004
                   .org_1       code   0x000004    program   0x000060
.config_2007_BUILD/DEFAULT/PRODUCTION/HONGOS_       code   0x002007    program   0x000002
.config_2008_BUILD/DEFAULT/PRODUCTION/HONGOS_       code   0x002008    program   0x000002



                              Program Memory Usage 
                               Start         End      
                           ---------   ---------      
                            0x000000    0x000002      
                            0x000004    0x000033      
                            0x002007    0x002008      
            53 out of 8455 program addresses used, program memory utilization is 0%



                              Symbols - Sorted by Name
                     Name    Address   Location    Storage File                     
                ---------  ---------  ---------  --------- ---------                
         BOTON_PRESIONADO   0x00001f    program     static E:\Proyectos\PIC\HONGOS LUMINISCENTES (Control RF, PWM)\HONGOS_LUMINISCENTES.X\HONGOS_LUMINISCENTES.asm
         FIN_INTERRUPCION   0x00002e    program     static E:\Proyectos\PIC\HONGOS LUMINISCENTES (Control RF, PWM)\HONGOS_LUMINISCENTES.X\HONGOS_LUMINISCENTES.asm
             INTERRUPCION   0x000027    program     static E:\Proyectos\PIC\HONGOS LUMINISCENTES (Control RF, PWM)\HONGOS_LUMINISCENTES.X\HONGOS_LUMINISCENTES.asm
                 PROGRAMA   0x00001c    program     static E:\Proyectos\PIC\HONGOS LUMINISCENTES (Control RF, PWM)\HONGOS_LUMINISCENTES.X\HONGOS_LUMINISCENTES.asm
                    SETUP   0x000005    program     static E:\Proyectos\PIC\HONGOS LUMINISCENTES (Control RF, PWM)\HONGOS_LUMINISCENTES.X\HONGOS_LUMINISCENTES.asm



                              Symbols - Sorted by Address
                     Name    Address   Location    Storage File                     
                ---------  ---------  ---------  --------- ---------                
                    SETUP   0x000005    program     static E:\Proyectos\PIC\HONGOS LUMINISCENTES (Control RF, PWM)\HONGOS_LUMINISCENTES.X\HONGOS_LUMINISCENTES.asm
                 PROGRAMA   0x00001c    program     static E:\Proyectos\PIC\HONGOS LUMINISCENTES (Control RF, PWM)\HONGOS_LUMINISCENTES.X\HONGOS_LUMINISCENTES.asm
         BOTON_PRESIONADO   0x00001f    program     static E:\Proyectos\PIC\HONGOS LUMINISCENTES (Control RF, PWM)\HONGOS_LUMINISCENTES.X\HONGOS_LUMINISCENTES.asm
             INTERRUPCION   0x000027    program     static E:\Proyectos\PIC\HONGOS LUMINISCENTES (Control RF, PWM)\HONGOS_LUMINISCENTES.X\HONGOS_LUMINISCENTES.asm
         FIN_INTERRUPCION   0x00002e    program     static E:\Proyectos\PIC\HONGOS LUMINISCENTES (Control RF, PWM)\HONGOS_LUMINISCENTES.X\HONGOS_LUMINISCENTES.asm


