MPLINK 5.09, LINKER
Linker Map File - Created Sat Sep 12 18:57:49 2020

                                 Section Info
                  Section       Type    Address   Location Size(Bytes)
                ---------  ---------  ---------  ---------  ---------
                   .org_0       code   0x000000    program   0x000058
                   .cinit    romdata   0x00002c    program   0x000004
.config_2007_BUILD/DEFAULT/PRODUCTION/RX_628A       code   0x002007    program   0x000002



                              Program Memory Usage 
                               Start         End      
                           ---------   ---------      
                            0x000000    0x00002d      
                            0x002007    0x002007      
            47 out of 2182 program addresses used, program memory utilization is 2%



                              Symbols - Sorted by Name
                     Name    Address   Location    Storage File                     
                ---------  ---------  ---------  --------- ---------                
              CAMBIO_AUTO   0x00001c    program     static E:\Proyectos\PIC\EUSART (Comunicacion serial entre 2 PIC)\EUSART_628A.X\RX_628A.asm
               CAMBIO_PWM   0x000016    program     static E:\Proyectos\PIC\EUSART (Comunicacion serial entre 2 PIC)\EUSART_628A.X\RX_628A.asm
               CAMBIO_RGB   0x000010    program     static E:\Proyectos\PIC\EUSART (Comunicacion serial entre 2 PIC)\EUSART_628A.X\RX_628A.asm
                 PROGRAMA   0x000009    program     static E:\Proyectos\PIC\EUSART (Comunicacion serial entre 2 PIC)\EUSART_628A.X\RX_628A.asm
        R1MS_BUCLEEXTERNO   0x000024    program     static E:\Proyectos\PIC\EUSART (Comunicacion serial entre 2 PIC)\EUSART_628A.X\RX_628A.asm
        R1MS_BUCLEINTERNO   0x000026    program     static E:\Proyectos\PIC\EUSART (Comunicacion serial entre 2 PIC)\EUSART_628A.X\RX_628A.asm
             RETARDO_20MS   0x000022    program     static E:\Proyectos\PIC\EUSART (Comunicacion serial entre 2 PIC)\EUSART_628A.X\RX_628A.asm
                    SETUP   0x000000    program     static E:\Proyectos\PIC\EUSART (Comunicacion serial entre 2 PIC)\EUSART_628A.X\RX_628A.asm



                              Symbols - Sorted by Address
                     Name    Address   Location    Storage File                     
                ---------  ---------  ---------  --------- ---------                
                    SETUP   0x000000    program     static E:\Proyectos\PIC\EUSART (Comunicacion serial entre 2 PIC)\EUSART_628A.X\RX_628A.asm
                 PROGRAMA   0x000009    program     static E:\Proyectos\PIC\EUSART (Comunicacion serial entre 2 PIC)\EUSART_628A.X\RX_628A.asm
               CAMBIO_RGB   0x000010    program     static E:\Proyectos\PIC\EUSART (Comunicacion serial entre 2 PIC)\EUSART_628A.X\RX_628A.asm
               CAMBIO_PWM   0x000016    program     static E:\Proyectos\PIC\EUSART (Comunicacion serial entre 2 PIC)\EUSART_628A.X\RX_628A.asm
              CAMBIO_AUTO   0x00001c    program     static E:\Proyectos\PIC\EUSART (Comunicacion serial entre 2 PIC)\EUSART_628A.X\RX_628A.asm
             RETARDO_20MS   0x000022    program     static E:\Proyectos\PIC\EUSART (Comunicacion serial entre 2 PIC)\EUSART_628A.X\RX_628A.asm
        R1MS_BUCLEEXTERNO   0x000024    program     static E:\Proyectos\PIC\EUSART (Comunicacion serial entre 2 PIC)\EUSART_628A.X\RX_628A.asm
        R1MS_BUCLEINTERNO   0x000026    program     static E:\Proyectos\PIC\EUSART (Comunicacion serial entre 2 PIC)\EUSART_628A.X\RX_628A.asm


