MPLINK 5.09, LINKER
Linker Map File - Created Wed Sep 16 21:39:32 2020

                                 Section Info
                  Section       Type    Address   Location Size(Bytes)
                ---------  ---------  ---------  ---------  ---------
                   .org_0       code   0x000000    program   0x000060
                   .cinit    romdata   0x000030    program   0x000004
.config_2007_BUILD/DEFAULT/PRODUCTION/RX_628A       code   0x002007    program   0x000002



                              Program Memory Usage 
                               Start         End      
                           ---------   ---------      
                            0x000000    0x000031      
                            0x002007    0x002007      
            51 out of 2182 program addresses used, program memory utilization is 2%



                              Symbols - Sorted by Name
                     Name    Address   Location    Storage File                     
                ---------  ---------  ---------  --------- ---------                
              CAMBIO_AUTO   0x000020    program     static E:\Proyectos\PIC\EUSART (Comunicacion serial entre 2 PIC)\EUSART_628A.X\RX_628A.asm
               CAMBIO_PWM   0x00001a    program     static E:\Proyectos\PIC\EUSART (Comunicacion serial entre 2 PIC)\EUSART_628A.X\RX_628A.asm
               CAMBIO_RGB   0x000014    program     static E:\Proyectos\PIC\EUSART (Comunicacion serial entre 2 PIC)\EUSART_628A.X\RX_628A.asm
                 PROGRAMA   0x00000d    program     static E:\Proyectos\PIC\EUSART (Comunicacion serial entre 2 PIC)\EUSART_628A.X\RX_628A.asm
        R1MS_BUCLEEXTERNO   0x000028    program     static E:\Proyectos\PIC\EUSART (Comunicacion serial entre 2 PIC)\EUSART_628A.X\RX_628A.asm
        R1MS_BUCLEINTERNO   0x00002a    program     static E:\Proyectos\PIC\EUSART (Comunicacion serial entre 2 PIC)\EUSART_628A.X\RX_628A.asm
             RETARDO_20MS   0x000026    program     static E:\Proyectos\PIC\EUSART (Comunicacion serial entre 2 PIC)\EUSART_628A.X\RX_628A.asm
                    SETUP   0x000000    program     static E:\Proyectos\PIC\EUSART (Comunicacion serial entre 2 PIC)\EUSART_628A.X\RX_628A.asm



                              Symbols - Sorted by Address
                     Name    Address   Location    Storage File                     
                ---------  ---------  ---------  --------- ---------                
                    SETUP   0x000000    program     static E:\Proyectos\PIC\EUSART (Comunicacion serial entre 2 PIC)\EUSART_628A.X\RX_628A.asm
                 PROGRAMA   0x00000d    program     static E:\Proyectos\PIC\EUSART (Comunicacion serial entre 2 PIC)\EUSART_628A.X\RX_628A.asm
               CAMBIO_RGB   0x000014    program     static E:\Proyectos\PIC\EUSART (Comunicacion serial entre 2 PIC)\EUSART_628A.X\RX_628A.asm
               CAMBIO_PWM   0x00001a    program     static E:\Proyectos\PIC\EUSART (Comunicacion serial entre 2 PIC)\EUSART_628A.X\RX_628A.asm
              CAMBIO_AUTO   0x000020    program     static E:\Proyectos\PIC\EUSART (Comunicacion serial entre 2 PIC)\EUSART_628A.X\RX_628A.asm
             RETARDO_20MS   0x000026    program     static E:\Proyectos\PIC\EUSART (Comunicacion serial entre 2 PIC)\EUSART_628A.X\RX_628A.asm
        R1MS_BUCLEEXTERNO   0x000028    program     static E:\Proyectos\PIC\EUSART (Comunicacion serial entre 2 PIC)\EUSART_628A.X\RX_628A.asm
        R1MS_BUCLEINTERNO   0x00002a    program     static E:\Proyectos\PIC\EUSART (Comunicacion serial entre 2 PIC)\EUSART_628A.X\RX_628A.asm


